
 Start         Length     Name                   Class
 0001:00000000 000E1D00H .text                   CODE
 0002:00000000 00002F98H .data                   DATA
 0002:00002F98 00000E51H .bss                    BSS


Detailed map of segments

 0001:00000000 00005B2F C=CODE     S=.text    G=(none)   M=System   ACBP=A9
 0001:00005B30 00000140 C=CODE     S=.text    G=(none)   M=SysInit  ACBP=A9
 0001:00005C70 000000BC C=CODE     S=.text    G=(none)   M=Types    ACBP=A9
 0001:00005D2C 00000E98 C=CODE     S=.text    G=(none)   M=Windows  ACBP=A9
 0001:00006BC4 00000038 C=CODE     S=.text    G=(none)   M=Messages ACBP=A9
 0001:00006BFC 00000388 C=CODE     S=.text    G=(none)   M=SysConst ACBP=A9
 0001:00006F84 00007570 C=CODE     S=.text    G=(none)   M=SysUtils ACBP=A9
 0001:0000E4F4 00000823 C=CODE     S=.text    G=(none)   M=VarUtils ACBP=A9
 0001:0000ED18 00008482 C=CODE     S=.text    G=(none)   M=Variants ACBP=A9
 0001:0001719C 00000138 C=CODE     S=.text    G=(none)   M=RTLConsts ACBP=A9
 0001:000172D4 0000192C C=CODE     S=.text    G=(none)   M=TypInfo  ACBP=A9
 0001:00018C00 000002FC C=CODE     S=.text    G=(none)   M=ActiveX  ACBP=A9
 0001:00018EFC 0000CD0A C=CODE     S=.text    G=(none)   M=Classes  ACBP=A9
 0001:00025C08 00000340 C=CODE     S=.text    G=(none)   M=Consts   ACBP=A9
 0001:00025F48 00009737 C=CODE     S=.text    G=(none)   M=Graphics ACBP=A9
 0001:0002F680 000000F0 C=CODE     S=.text    G=(none)   M=Math     ACBP=A9
 0001:0002F770 00000304 C=CODE     S=.text    G=(none)   M=Contnrs  ACBP=A9
 0001:0002FA74 000005F8 C=CODE     S=.text    G=(none)   M=CommCtrl ACBP=A9
 0001:0003006C 00000787 C=CODE     S=.text    G=(none)   M=MultiMon ACBP=A9
 0001:000307F4 00000038 C=CODE     S=.text    G=(none)   M=Imm      ACBP=A9
 0001:0003082C 00000FF8 C=CODE     S=.text    G=(none)   M=HelpIntfs ACBP=A9
 0001:00031824 00000068 C=CODE     S=.text    G=(none)   M=WinSpool ACBP=A9
 0001:0003188C 000011D4 C=CODE     S=.text    G=(none)   M=Printers ACBP=A9
 0001:00032A60 0000031F C=CODE     S=.text    G=(none)   M=FlatSB   ACBP=A9
 0001:00032D80 000001A4 C=CODE     S=.text    G=(none)   M=SyncObjs ACBP=A9
 0001:00032F24 000009BB C=CODE     S=.text    G=(none)   M=UxTheme  ACBP=A9
 0001:000338E0 00000038 C=CODE     S=.text    G=(none)   M=RichEdit ACBP=A9
 0001:00033918 00000AD4 C=CODE     S=.text    G=(none)   M=ToolWin  ACBP=A9
 0001:000343EC 00000038 C=CODE     S=.text    G=(none)   M=ShellAPI ACBP=A9
 0001:00034424 00000038 C=CODE     S=.text    G=(none)   M=RegStr   ACBP=A9
 0001:0003445C 00000038 C=CODE     S=.text    G=(none)   M=WinInet  ACBP=A9
 0001:00034494 00000038 C=CODE     S=.text    G=(none)   M=UrlMon   ACBP=A9
 0001:000344CC 000000A0 C=CODE     S=.text    G=(none)   M=ShlObj   ACBP=A9
 0001:0003456C 00000050 C=CODE     S=.text    G=(none)   M=CommDlg  ACBP=A9
 0001:000345BC 00000038 C=CODE     S=.text    G=(none)   M=Dlgs     ACBP=A9
 0001:000345F4 00002AE5 C=CODE     S=.text    G=(none)   M=Dialogs  ACBP=A9
 0001:000370DC 0000241E C=CODE     S=.text    G=(none)   M=ExtCtrls ACBP=A9
 0001:000394FC 00000048 C=CODE     S=.text    G=(none)   M=ComStrs  ACBP=A9
 0001:00039544 00000094 C=CODE     S=.text    G=(none)   M=Clipbrd  ACBP=A9
 0001:000395D8 00000038 C=CODE     S=.text    G=(none)   M=StrUtils ACBP=A9
 0001:00039610 00003821 C=CODE     S=.text    G=(none)   M=Buttons  ACBP=A9
 0001:0003CE34 00000038 C=CODE     S=.text    G=(none)   M=ExtDlgs  ACBP=A9
 0001:0003CE6C 00000068 C=CODE     S=.text    G=(none)   M=IniFiles ACBP=A9
 0001:0003CED4 00000068 C=CODE     S=.text    G=(none)   M=Registry ACBP=A9
 0001:0003CF3C 0000006C C=CODE     S=.text    G=(none)   M=Mapi     ACBP=A9
 0001:0003CFA8 00000058 C=CODE     S=.text    G=(none)   M=ExtActns ACBP=A9
 0001:0003D000 00001C44 C=CODE     S=.text    G=(none)   M=ListActns ACBP=A9
 0001:0003EC44 0001355C C=CODE     S=.text    G=(none)   M=ComCtrls ACBP=A9
 0001:000521A0 00000C78 C=CODE     S=.text    G=(none)   M=Themes   ACBP=A9
 0001:00052E18 0000717C C=CODE     S=.text    G=(none)   M=StdCtrls ACBP=A9
 0001:00059F94 00000168 C=CODE     S=.text    G=(none)   M=StdActns ACBP=A9
 0001:0005A0FC 00000D1F C=CODE     S=.text    G=(none)   M=WinHelpViewer ACBP=A9
 0001:0005AE1C 00011403 C=CODE     S=.text    G=(none)   M=Controls ACBP=A9
 0001:0006C220 00001326 C=CODE     S=.text    G=(none)   M=ActnList ACBP=A9
 0001:0006D548 00001B9C C=CODE     S=.text    G=(none)   M=ImgList  ACBP=A9
 0001:0006F0E4 000066E1 C=CODE     S=.text    G=(none)   M=Menus    ACBP=A9
 0001:000757C8 0000CEF0 C=CODE     S=.text    G=(none)   M=Forms    ACBP=A9
 0001:000826B8 000009E0 C=CODE     S=.text    G=(none)   M=MaskUtils ACBP=A9
 0001:00083098 00000038 C=CODE     S=.text    G=(none)   M=Mask     ACBP=A9
 0001:000830D0 00000038 C=CODE     S=.text    G=(none)   M=Grids    ACBP=A9
 0001:00083108 00000038 C=CODE     S=.text    G=(none)   M=ValEdit  ACBP=A9
 0001:00083140 000003C8 C=CODE     S=.text    G=(none)   M=secnew   ACBP=A9
 0001:00083508 00000D38 C=CODE     S=.text    G=(none)   M=prosmotr ACBP=A9
 0001:00084240 00000278 C=CODE     S=.text    G=(none)   M=BTLheader ACBP=A9
 0001:000844B8 0000039C C=CODE     S=.text    G=(none)   M=addlong  ACBP=A9
 0001:00084854 00000304 C=CODE     S=.text    G=(none)   M=saveX    ACBP=A9
 0001:00084B58 000001EC C=CODE     S=.text    G=(none)   M=help     ACBP=A9
 0001:00084D44 00000070 C=CODE     S=.text    G=(none)   M=DateUtils ACBP=A9
 0001:00084DB4 00000268 C=CODE     S=.text    G=(none)   M=DBConsts ACBP=A9
 0001:0008501C 00000F73 C=CODE     S=.text    G=(none)   M=SqlTimSt ACBP=A9
 0001:00085F90 00004AFB C=CODE     S=.text    G=(none)   M=FMTBcd   ACBP=A9
 0001:0008AA8C 00000058 C=CODE     S=.text    G=(none)   M=ComConst ACBP=A9
 0001:0008AAE4 00000FC1 C=CODE     S=.text    G=(none)   M=ComObj   ACBP=A9
 0001:0008BAA8 000151F8 C=CODE     S=.text    G=(none)   M=DB       ACBP=A9
 0001:000A0CA0 0000435C C=CODE     S=.text    G=(none)   M=DBCommon ACBP=A9
 0001:000A4FFC 00003D04 C=CODE     S=.text    G=(none)   M=BDE      ACBP=A9
 0001:000A8D00 00000068 C=CODE     S=.text    G=(none)   M=SMINTF   ACBP=A9
 0001:000A8D68 00000118 C=CODE     S=.text    G=(none)   M=bdeconst ACBP=A9
 0001:000A8E80 0000FAF4 C=CODE     S=.text    G=(none)   M=DBTables ACBP=A9
 0001:000B8974 000003A8 C=CODE     S=.text    G=(none)   M=QR3Const ACBP=A9
 0001:000B8D1C 000002E4 C=CODE     S=.text    G=(none)   M=QRPrgres ACBP=A9
 0001:000B9000 000072F4 C=CODE     S=.text    G=(none)   M=QRExpr   ACBP=A9
 0001:000C02F4 00000038 C=CODE     S=.text    G=(none)   M=QRLablEd ACBP=A9
 0001:000C032C 00000038 C=CODE     S=.text    G=(none)   M=QRExprEd ACBP=A9
 0001:000C0364 000031B4 C=CODE     S=.text    G=(none)   M=QRCtrls  ACBP=A9
 0001:000C3518 000000F3 C=CODE     S=.text    G=(none)   M=QRPrnSu  ACBP=A9
 0001:000C360C 00000038 C=CODE     S=.text    G=(none)   M=StdVCL   ACBP=A9
 0001:000C3644 00001793 C=CODE     S=.text    G=(none)   M=AxCtrls  ACBP=A9
 0001:000C4DD8 00000058 C=CODE     S=.text    G=(none)   M=OleConst ACBP=A9
 0001:000C4E30 00003469 C=CODE     S=.text    G=(none)   M=OleCtrls ACBP=A9
 0001:000C829C 00000038 C=CODE     S=.text    G=(none)   M=QRAbout  ACBP=A9
 0001:000C82D4 00000038 C=CODE     S=.text    G=(none)   M=QRCompEd ACBP=A9
 0001:000C830C 00000098 C=CODE     S=.text    G=(none)   M=QRExtra  ACBP=A9
 0001:000C83A4 00000038 C=CODE     S=.text    G=(none)   M=QREnvEd  ACBP=A9
 0001:000C83DC 00000038 C=CODE     S=.text    G=(none)   M=QRExpBld ACBP=A9
 0001:000C8414 00000C7C C=CODE     S=.text    G=(none)   M=QRPrev   ACBP=A9
 0001:000C9090 0000429E C=CODE     S=.text    G=(none)   M=QRPrntr  ACBP=A9
 0001:000CD330 0000AF65 C=CODE     S=.text    G=(none)   M=QuickRpt ACBP=A9
 0001:000D8298 000001A0 C=CODE     S=.text    G=(none)   M=temp     ACBP=A9
 0001:000D8438 0000186C C=CODE     S=.text    G=(none)   M=print    ACBP=A9
 0001:000D9CA4 00000318 C=CODE     S=.text    G=(none)   M=drillchange ACBP=A9
 0001:000D9FBC 000078F0 C=CODE     S=.text    G=(none)   M=main     ACBP=A9
 0001:000E18AC 00000451 C=CODE     S=.text    G=(none)   M=Optimizatore ACBP=A9
 0002:00000000 000000A0 C=DATA     S=.data    G=DGROUP   M=System   ACBP=A9
 0002:000000A0 00000020 C=DATA     S=.data    G=DGROUP   M=SysInit  ACBP=A9
 0002:000000C0 00000274 C=DATA     S=.data    G=DGROUP   M=SysUtils ACBP=A9
 0002:00000334 00000110 C=DATA     S=.data    G=DGROUP   M=VarUtils ACBP=A9
 0002:00000444 0000013A C=DATA     S=.data    G=DGROUP   M=Variants ACBP=A9
 0002:00000580 0000000C C=DATA     S=.data    G=DGROUP   M=TypInfo  ACBP=A9
 0002:0000058C 00000010 C=DATA     S=.data    G=DGROUP   M=ActiveX  ACBP=A9
 0002:0000059C 00000064 C=DATA     S=.data    G=DGROUP   M=Classes  ACBP=A9
 0002:00000600 0000030C C=DATA     S=.data    G=DGROUP   M=Graphics ACBP=A9
 0002:0000090C 00000004 C=DATA     S=.data    G=DGROUP   M=Printers ACBP=A9
 0002:00000910 00000020 C=DATA     S=.data    G=DGROUP   M=ToolWin  ACBP=A9
 0002:00000930 00000010 C=DATA     S=.data    G=DGROUP   M=ShlObj   ACBP=A9
 0002:00000940 00000120 C=DATA     S=.data    G=DGROUP   M=Dialogs  ACBP=A9
 0002:00000A60 0000018C C=DATA     S=.data    G=DGROUP   M=ExtCtrls ACBP=A9
 0002:00000BEC 0000009E C=DATA     S=.data    G=DGROUP   M=Buttons  ACBP=A9
 0002:00000C8C 00000008 C=DATA     S=.data    G=DGROUP   M=IniFiles ACBP=A9
 0002:00000C94 00000008 C=DATA     S=.data    G=DGROUP   M=Registry ACBP=A9
 0002:00000C9C 00000008 C=DATA     S=.data    G=DGROUP   M=Mapi     ACBP=A9
 0002:00000CA4 00000154 C=DATA     S=.data    G=DGROUP   M=ComCtrls ACBP=A9
 0002:00000DF8 00000068 C=DATA     S=.data    G=DGROUP   M=Themes   ACBP=A9
 0002:00000E60 00000090 C=DATA     S=.data    G=DGROUP   M=StdCtrls ACBP=A9
 0002:00000EF0 0000013C C=DATA     S=.data    G=DGROUP   M=Controls ACBP=A9
 0002:0000102C 00000020 C=DATA     S=.data    G=DGROUP   M=ImgList  ACBP=A9
 0002:0000104C 000000EC C=DATA     S=.data    G=DGROUP   M=Menus    ACBP=A9
 0002:00001138 00000130 C=DATA     S=.data    G=DGROUP   M=Forms    ACBP=A9
 0002:00001268 00000005 C=DATA     S=.data    G=DGROUP   M=MaskUtils ACBP=A9
 0002:00001270 0000003C C=DATA     S=.data    G=DGROUP   M=SqlTimSt ACBP=A9
 0002:000012AC 00000065 C=DATA     S=.data    G=DGROUP   M=FMTBcd   ACBP=A9
 0002:00001314 00000030 C=DATA     S=.data    G=DGROUP   M=ComObj   ACBP=A9
 0002:00001344 0000021E C=DATA     S=.data    G=DGROUP   M=DB       ACBP=A9
 0002:00001564 0000001C C=DATA     S=.data    G=DGROUP   M=DBCommon ACBP=A9
 0002:00001580 00000C50 C=DATA     S=.data    G=DGROUP   M=BDE      ACBP=A9
 0002:000021D0 00000010 C=DATA     S=.data    G=DGROUP   M=SMINTF   ACBP=A9
 0002:000021E0 00000128 C=DATA     S=.data    G=DGROUP   M=DBTables ACBP=A9
 0002:00002308 00000020 C=DATA     S=.data    G=DGROUP   M=QRCtrls  ACBP=A9
 0002:00002328 00000002 C=DATA     S=.data    G=DGROUP   M=QRPrnSu  ACBP=A9
 0002:0000232C 0000002C C=DATA     S=.data    G=DGROUP   M=OleCtrls ACBP=A9
 0002:00002358 00000328 C=DATA     S=.data    G=DGROUP   M=QRPrntr  ACBP=A9
 0002:00002680 00000058 C=DATA     S=.data    G=DGROUP   M=QuickRpt ACBP=A9
 0002:00003000 00000664 C=BSS      S=.bss     G=DGROUP   M=System   ACBP=A9
 0002:00003664 00000010 C=BSS      S=.bss     G=DGROUP   M=SysInit  ACBP=A9
 0002:00003674 00000004 C=BSS      S=.bss     G=DGROUP   M=Types    ACBP=A9
 0002:00003678 00000004 C=BSS      S=.bss     G=DGROUP   M=Windows  ACBP=A9
 0002:0000367C 00000004 C=BSS      S=.bss     G=DGROUP   M=Messages ACBP=A9
 0002:00003680 00000004 C=BSS      S=.bss     G=DGROUP   M=SysConst ACBP=A9
 0002:00003684 00000120 C=BSS      S=.bss     G=DGROUP   M=SysUtils ACBP=A9
 0002:000037A4 0000005C C=BSS      S=.bss     G=DGROUP   M=VarUtils ACBP=A9
 0002:00003800 00000040 C=BSS      S=.bss     G=DGROUP   M=Variants ACBP=A9
 0002:00003840 00000004 C=BSS      S=.bss     G=DGROUP   M=RTLConsts ACBP=A9
 0002:00003844 00000004 C=BSS      S=.bss     G=DGROUP   M=TypInfo  ACBP=A9
 0002:00003848 00000004 C=BSS      S=.bss     G=DGROUP   M=ActiveX  ACBP=A9
 0002:0000384C 00000040 C=BSS      S=.bss     G=DGROUP   M=Classes  ACBP=A9
 0002:0000388C 00000004 C=BSS      S=.bss     G=DGROUP   M=Consts   ACBP=A9
 0002:00003890 00000060 C=BSS      S=.bss     G=DGROUP   M=Graphics ACBP=A9
 0002:000038F0 00000004 C=BSS      S=.bss     G=DGROUP   M=Math     ACBP=A9
 0002:000038F4 00000004 C=BSS      S=.bss     G=DGROUP   M=Contnrs  ACBP=A9
 0002:000038F8 0000000C C=BSS      S=.bss     G=DGROUP   M=CommCtrl ACBP=A9
 0002:00003904 00000031 C=BSS      S=.bss     G=DGROUP   M=MultiMon ACBP=A9
 0002:00003938 00000004 C=BSS      S=.bss     G=DGROUP   M=Imm      ACBP=A9
 0002:0000393C 00000008 C=BSS      S=.bss     G=DGROUP   M=HelpIntfs ACBP=A9
 0002:00003944 00000004 C=BSS      S=.bss     G=DGROUP   M=WinSpool ACBP=A9
 0002:00003948 00000004 C=BSS      S=.bss     G=DGROUP   M=Printers ACBP=A9
 0002:0000394C 00000034 C=BSS      S=.bss     G=DGROUP   M=FlatSB   ACBP=A9
 0002:00003980 00000004 C=BSS      S=.bss     G=DGROUP   M=SyncObjs ACBP=A9
 0002:00003984 000000CC C=BSS      S=.bss     G=DGROUP   M=UxTheme  ACBP=A9
 0002:00003A50 00000004 C=BSS      S=.bss     G=DGROUP   M=RichEdit ACBP=A9
 0002:00003A54 00000004 C=BSS      S=.bss     G=DGROUP   M=ToolWin  ACBP=A9
 0002:00003A58 00000004 C=BSS      S=.bss     G=DGROUP   M=ShellAPI ACBP=A9
 0002:00003A5C 00000004 C=BSS      S=.bss     G=DGROUP   M=RegStr   ACBP=A9
 0002:00003A60 00000004 C=BSS      S=.bss     G=DGROUP   M=WinInet  ACBP=A9
 0002:00003A64 00000004 C=BSS      S=.bss     G=DGROUP   M=UrlMon   ACBP=A9
 0002:00003A68 00000004 C=BSS      S=.bss     G=DGROUP   M=ShlObj   ACBP=A9
 0002:00003A6C 00000004 C=BSS      S=.bss     G=DGROUP   M=CommDlg  ACBP=A9
 0002:00003A70 00000004 C=BSS      S=.bss     G=DGROUP   M=Dlgs     ACBP=A9
 0002:00003A74 00000038 C=BSS      S=.bss     G=DGROUP   M=Dialogs  ACBP=A9
 0002:00003AAC 00000004 C=BSS      S=.bss     G=DGROUP   M=ExtCtrls ACBP=A9
 0002:00003AB0 00000004 C=BSS      S=.bss     G=DGROUP   M=ComStrs  ACBP=A9
 0002:00003AB4 0000000C C=BSS      S=.bss     G=DGROUP   M=Clipbrd  ACBP=A9
 0002:00003AC0 00000004 C=BSS      S=.bss     G=DGROUP   M=StrUtils ACBP=A9
 0002:00003AC4 00000030 C=BSS      S=.bss     G=DGROUP   M=Buttons  ACBP=A9
 0002:00003AF4 00000004 C=BSS      S=.bss     G=DGROUP   M=ExtDlgs  ACBP=A9
 0002:00003AF8 00000004 C=BSS      S=.bss     G=DGROUP   M=IniFiles ACBP=A9
 0002:00003AFC 00000004 C=BSS      S=.bss     G=DGROUP   M=Registry ACBP=A9
 0002:00003B00 00000004 C=BSS      S=.bss     G=DGROUP   M=Mapi     ACBP=A9
 0002:00003B04 00000009 C=BSS      S=.bss     G=DGROUP   M=ExtActns ACBP=A9
 0002:00003B10 00000004 C=BSS      S=.bss     G=DGROUP   M=ListActns ACBP=A9
 0002:00003B14 00000039 C=BSS      S=.bss     G=DGROUP   M=ComCtrls ACBP=A9
 0002:00003B50 00000008 C=BSS      S=.bss     G=DGROUP   M=Themes   ACBP=A9
 0002:00003B58 00000004 C=BSS      S=.bss     G=DGROUP   M=StdCtrls ACBP=A9
 0002:00003B5C 00000004 C=BSS      S=.bss     G=DGROUP   M=StdActns ACBP=A9
 0002:00003B60 00000014 C=BSS      S=.bss     G=DGROUP   M=WinHelpViewer ACBP=A9
 0002:00003B74 00000080 C=BSS      S=.bss     G=DGROUP   M=Controls ACBP=A9
 0002:00003BF4 00000004 C=BSS      S=.bss     G=DGROUP   M=ActnList ACBP=A9
 0002:00003BF8 0000000C C=BSS      S=.bss     G=DGROUP   M=ImgList  ACBP=A9
 0002:00003C04 00000010 C=BSS      S=.bss     G=DGROUP   M=Menus    ACBP=A9
 0002:00003C14 00000020 C=BSS      S=.bss     G=DGROUP   M=Forms    ACBP=A9
 0002:00003C34 00000004 C=BSS      S=.bss     G=DGROUP   M=MaskUtils ACBP=A9
 0002:00003C38 00000004 C=BSS      S=.bss     G=DGROUP   M=Mask     ACBP=A9
 0002:00003C3C 00000004 C=BSS      S=.bss     G=DGROUP   M=Grids    ACBP=A9
 0002:00003C40 00000004 C=BSS      S=.bss     G=DGROUP   M=ValEdit  ACBP=A9
 0002:00003C44 00000008 C=BSS      S=.bss     G=DGROUP   M=secnew   ACBP=A9
 0002:00003C4C 00000010 C=BSS      S=.bss     G=DGROUP   M=prosmotr ACBP=A9
 0002:00003C5C 00000008 C=BSS      S=.bss     G=DGROUP   M=BTLheader ACBP=A9
 0002:00003C64 00000008 C=BSS      S=.bss     G=DGROUP   M=addlong  ACBP=A9
 0002:00003C6C 00000008 C=BSS      S=.bss     G=DGROUP   M=saveX    ACBP=A9
 0002:00003C74 00000008 C=BSS      S=.bss     G=DGROUP   M=help     ACBP=A9
 0002:00003C7C 00000004 C=BSS      S=.bss     G=DGROUP   M=DateUtils ACBP=A9
 0002:00003C80 00000004 C=BSS      S=.bss     G=DGROUP   M=DBConsts ACBP=A9
 0002:00003C84 00000004 C=BSS      S=.bss     G=DGROUP   M=SqlTimSt ACBP=A9
 0002:00003C88 00000004 C=BSS      S=.bss     G=DGROUP   M=FMTBcd   ACBP=A9
 0002:00003C8C 00000004 C=BSS      S=.bss     G=DGROUP   M=ComConst ACBP=A9
 0002:00003C90 00000011 C=BSS      S=.bss     G=DGROUP   M=ComObj   ACBP=A9
 0002:00003CA4 00000014 C=BSS      S=.bss     G=DGROUP   M=DB       ACBP=A9
 0002:00003CB8 00000004 C=BSS      S=.bss     G=DGROUP   M=DBCommon ACBP=A9
 0002:00003CBC 0000001C C=BSS      S=.bss     G=DGROUP   M=BDE      ACBP=A9
 0002:00003CD8 00000004 C=BSS      S=.bss     G=DGROUP   M=SMINTF   ACBP=A9
 0002:00003CDC 00000004 C=BSS      S=.bss     G=DGROUP   M=bdeconst ACBP=A9
 0002:00003CE0 00000061 C=BSS      S=.bss     G=DGROUP   M=DBTables ACBP=A9
 0002:00003D44 00000004 C=BSS      S=.bss     G=DGROUP   M=QR3Const ACBP=A9
 0002:00003D48 00000004 C=BSS      S=.bss     G=DGROUP   M=QRPrgres ACBP=A9
 0002:00003D4C 00000011 C=BSS      S=.bss     G=DGROUP   M=QRExpr   ACBP=A9
 0002:00003D60 00000004 C=BSS      S=.bss     G=DGROUP   M=QRLablEd ACBP=A9
 0002:00003D64 00000004 C=BSS      S=.bss     G=DGROUP   M=QRExprEd ACBP=A9
 0002:00003D68 00000004 C=BSS      S=.bss     G=DGROUP   M=QRCtrls  ACBP=A9
 0002:00003D6C 0000000C C=BSS      S=.bss     G=DGROUP   M=QRPrnSu  ACBP=A9
 0002:00003D78 00000004 C=BSS      S=.bss     G=DGROUP   M=StdVCL   ACBP=A9
 0002:00003D7C 0000001C C=BSS      S=.bss     G=DGROUP   M=AxCtrls  ACBP=A9
 0002:00003D98 00000004 C=BSS      S=.bss     G=DGROUP   M=OleConst ACBP=A9
 0002:00003D9C 00000014 C=BSS      S=.bss     G=DGROUP   M=OleCtrls ACBP=A9
 0002:00003DB0 00000004 C=BSS      S=.bss     G=DGROUP   M=QRAbout  ACBP=A9
 0002:00003DB4 00000004 C=BSS      S=.bss     G=DGROUP   M=QRCompEd ACBP=A9
 0002:00003DB8 00000004 C=BSS      S=.bss     G=DGROUP   M=QRExtra  ACBP=A9
 0002:00003DBC 00000004 C=BSS      S=.bss     G=DGROUP   M=QREnvEd  ACBP=A9
 0002:00003DC0 00000004 C=BSS      S=.bss     G=DGROUP   M=QRExpBld ACBP=A9
 0002:00003DC4 00000004 C=BSS      S=.bss     G=DGROUP   M=QRPrev   ACBP=A9
 0002:00003DC8 00000010 C=BSS      S=.bss     G=DGROUP   M=QRPrntr  ACBP=A9
 0002:00003DD8 00000049 C=BSS      S=.bss     G=DGROUP   M=QuickRpt ACBP=A9
 0002:00003E24 00000008 C=BSS      S=.bss     G=DGROUP   M=temp     ACBP=A9
 0002:00003E2C 00000008 C=BSS      S=.bss     G=DGROUP   M=print    ACBP=A9
 0002:00003E34 00000008 C=BSS      S=.bss     G=DGROUP   M=drillchange ACBP=A9
 0002:00003E3C 00000014 C=BSS      S=.bss     G=DGROUP   M=main     ACBP=A9


  Address         Publics by Name

 0002:00003CC0       ..
 0001:000A501C       ..
 0002:000020F4       ..
 0001:000A8380       ..
 0002:00001580       ..
 0002:00003D7C       .02
 0002:00003B00       .1
 0002:0000367C       .1
 0002:00003C7C       .1
 0002:00003A70       .1
 0002:00003938       .1
 0002:0000366C       .1
 0002:00003CBC       .1
 0002:00003B68       .1
 0002:00003A6C       .1
 0002:000038F8       .1
 0002:00003A68       .1
 0002:00003674       .1
 0002:00003924       .1
 0002:0000396C       .1
 0002:00003A64       .1
 0002:00003A60       .1
 0002:00003CD8       .1
 0002:00003D98       .1
 0002:00003C8C       .1
 0002:00003A40       .1
 0002:00003A5C       .1
 0002:00003C80       .1
 0002:00003D78       .1
 0002:00003C84       .1
 0002:00003A50       .1
 0002:00003840       .1
 0002:00003A58       .1
 0002:00003680       .1
 0002:00003CDC       .1
 0002:00003AC0       .1
 0002:00003D44       .1
 0002:00003AB0       .1
 0002:0000388C       .1
 0002:00003A74       .11
 0002:00003C3C       .11
 0002:00003AAC       .12
 0002:00003894       .12
 0002:00003DB0       .2
 0002:00003E28       .2
 0002:000038F0       .2
 0002:00003AB8       .2
 0002:00003C34       .2
 0002:00003C48       .2
 0002:00003E38       .2
 0002:00003C58       .2
 0002:0000393C       .2
 0002:00003C60       .2
 0002:00003C68       .2
 0002:00003C70       .2
 0002:00003C78       .2
 0002:00003B50       .2
 0002:00003D48       .2
 0002:00003DB4       .2
 0002:00003DBC       .2
 0002:00003DC4       .2
 0002:00003DC0       .2
 0002:000038F4       .21
 0002:00003CEC       .22
 0002:00003AF4       .3
 0002:00003C88       .3
 0002:00003CB8       .3
 0002:00003D60       .3
 0002:00003848       .3
 0002:00003BF8       .3
 0002:00003D64       .3
 0002:00003948       .3
 0002:00003944       .3
 0002:00003678       .3
 0002:00003DD8       .33
 0002:00003794       .35
 0002:00003CB4       .36
 0002:00003B14       .36
 0002:00003C40       .4
 0002:00003E30       .4
 0002:00003A54       .4
 0002:00003AC4       .4
 0002:00003C1C       .41
 0002:00003C90       .41
 0002:00003B58       .42
 0002:00003858       .45
 0002:000035BC       .5
 0002:00003DAC       .5
 0002:00003DB8       .5
 0002:00003D6C       .5
 0002:00003AFC       .5
 0002:000037FC       .5
 0002:00003C38       .5
 0002:00003D50       .51
 0002:00003DCC       .51
 0002:00003980       .6
 0002:00003844       .6
 0002:00003D68       .71
 0002:00003B04       .72
 0002:00003B7C       .72
 0002:00003B5C       .73
 0002:00003AF8       .8
 0002:00003E4C       .8
 0002:00003BF4       .8
 0002:00003B10       .8
 0002:00003820       .81
 0002:00003C0C       .9
 0001:00001B20       @AbstractError
 0001:00002E6C       @AfterConstruction
 0001:00001BAC       @Append
 0001:00002C60       @AsClass
 0001:00001E10       @Assign
 0001:0000200C       @AStrCmp
 0001:00002E7C       @BeforeDestruction
 0001:000029F0       @BoundErr
 0001:00002CAC       @CallDynaInst
 0001:00002E14       @ClassCreate
 0001:00002E64       @ClassDestroy
 0001:00001ED8       @Close
 0001:00001990       @Copy
 0001:00004548       @CopyArray
 0001:0000442C       @CopyRecord
 0001:000046B4       @DispCallByIDError
 0001:0000FA6C       @DispInvokeError
 0001:00004650       @Dispose
 0001:000032F8       @DoneExcept
 0001:00004E24       @DynArrayAddRef
 0001:00004DFC       @DynArrayAsg
 0001:00004DC0       @DynArrayClear
 0001:00004CAC       @DynArrayCopy
 0001:00004CCC       @DynArrayCopyRange
 0001:00004AEC       @DynArrayHigh
 0001:00004AE4       @DynArrayLength
 0001:00004CA0       @DynArraySetLength
 0001:0000207C       @EofText
 0001:000033E0       @ExceptionHandler
 0001:000020B4       @FillChar
 0001:00004408       @Finalize
 0001:0000431C       @FinalizeArray
 0001:000042D0       @FinalizeRecord
 0001:00002CC4       @FindDynaInst
 0001:00001ECC       @Flush
 0001:000029E4       @FpuInit
 0001:00002920       @FpuMaskInit
 0001:00001ACC       @FRAC
 0001:00001818       @FreeMem
 0001:000017F8       @GetMem
 0001:00005BA8       @GetTls
 0001:00003828       @Halt
 0001:00003750       @Halt0
 0001:00002F90       @HandleAnyException
 0001:00003244       @HandleFinally
 0001:000030BC       @HandleOnException
 0001:00005BF4       @InitExe
 0001:000042C4       @Initialize
 0001:00004230       @InitializeArray
 0001:00004200       @InitializeRecord
 0001:00003614       @InitImports
 0001:000035EC       @InitResStringImports
 0001:000035C8       @InitResStrings
 0001:00001A9C       @INT
 0001:000054EC       @IntfAddRef
 0001:000054BC       @IntfCast
 0001:00005478       @IntfClear
 0001:00005490       @IntfCopy
 0001:00002C3C       @IsClass
 0001:000028F0       @isNECWindows
 0001:00003CF0       @LStrAddRef
 0001:00003864       @LStrArrayClr
 0001:00003894       @LStrAsg
 0001:00003B08       @LStrCat
 0001:00003B4C       @LStrCat3
 0001:00003BC0       @LStrCatN
 0001:00003840       @LStrClr
 0001:00003C4C       @LStrCmp
 0001:00003D60       @LStrCopy
 0001:00003DA0       @LStrDelete
 0001:00003AB0       @LStrFromArray
 0001:00003A28       @LStrFromChar
 0001:00003A38       @LStrFromPChar
 0001:00003930       @LStrFromPCharLen
 0001:00003A68       @LStrFromPWChar
 0001:0000399C       @LStrFromPWCharLen
 0001:00003AA4       @LStrFromString
 0001:00003AC8       @LStrFromWStr
 0001:00003DE8       @LStrInsert
 0001:000038D8       @LStrLAsg
 0001:00003B00       @LStrLen
 0001:00003EF0       @LStrOfChar
 0001:00003E44       @LStrPos
 0001:00003E8C       @LStrSetLength
 0001:00003D00       @LStrToPChar
 0001:00003ADC       @LStrToString
 0001:0000463C       @New
 0001:00003904       @NewAnsiString
 0001:00003F4C       @NewWideString
 0001:000141BC       @OleVarFromInt
 0001:000144C0       @OleVarFromLStr
 0001:0001457C       @OleVarFromVar
 0001:00001A34       @Pos
 0001:00002604       @Pow10
 0001:00001F88       @PStrCmp
 0001:00001F60       @PStrCpy
 0001:00001F30       @PStrNCat
 0001:00001F6C       @PStrNCpy
 0001:000032A4       @RaiseAgain
 0001:0000327C       @RaiseExcept
 0001:00002110       @ReadChar
 0001:00002274       @ReadLn
 0001:00002208       @ReadLString
 0001:000021FC       @ReadString
 0001:00001838       @ReallocMem
 0001:00001B94       @ResetText
 0001:00001BA0       @RewritText
 0001:00001AF0       @ROUND
 0001:00003834       @RunError
 0001:000025C8       @SetEq
 0001:000025DC       @SetExpand
 0001:00001A74       @SetLength
 0001:00002570       @SetRange
 0001:00001ABC       @SIN
 0001:00003588       @StartExe
 0001:00004898       @Str0Int64
 0001:00002304       @Str0Long
 0001:000047D8       @StrInt64
 0001:000003D8       @strlen
 0001:000022A4       @StrLong
 0001:00001AFC       @TRUNC
 0001:00003328       @TryFinallyExit
 0001:00003D58       @UniqueStringA
 0001:000048B4       @ValInt64
 0001:00002310       @ValLong
 0001:0001500C       @VarAddRef
 0001:000157A0       @VarArrayGet
 0001:00015890       @VarArrayPut
 0001:000105C4       @VarCast
 0001:0000FD58       @VarClear
 0001:00004304       @VarClr
 0001:0000FD6C       @VarClr
 0001:00017048       @VarCmpEQ
 0001:00017068       @VarCmpGT
 0001:00017058       @VarCmpLT
 0001:00004414       @VarCopy
 0001:00010080       @VarCopy
 0001:00010300       @VarCopyNoInd
 0001:00014350       @VarFromBool
 0001:000141DC       @VarFromByte
 0001:000143A0       @VarFromCurr
 0001:000142F8       @VarFromCurrency
 0001:00014324       @VarFromDate
 0001:00014494       @VarFromDisp
 0001:000142CC       @VarFromDouble
 0001:00014160       @VarFromInt
 0001:0001427C       @VarFromInt64
 0001:0001419C       @VarFromInteger
 0001:00014468       @VarFromIntf
 0001:0001421C       @VarFromLongWord
 0001:000143B4       @VarFromLStr
 0001:000143E0       @VarFromPStr
 0001:00014378       @VarFromReal
 0001:0001423C       @VarFromShortInt
 0001:000142A8       @VarFromSingle
 0001:0001425C       @VarFromSmallInt
 0001:0001438C       @VarFromTDateTime
 0001:000141FC       @VarFromWord
 0001:00014430       @VarFromWStr
 0001:0000FAC0       @VarNull
 0001:00010314       @VarStringToOleStr
 0001:00011D90       @VarToBool
 0001:00011A48       @VarToBoolean
 0001:00010E88       @VarToByte
 0001:00012C34       @VarToCurrency
 0001:000126CC       @VarToDate
 0001:000140B4       @VarToDisp
 0001:00011F5C       @VarToDouble
 0001:0001144C       @VarToInt64
 0001:00010988       @VarToInteger
 0001:00013FE8       @VarToIntf
 0001:00011100       @VarToLongWord
 0001:000132E8       @VarToLStr
 0001:000122D8       @VarToReal
 0001:00010DD8       @VarToShortInt
 0001:000122F4       @VarToSingle
 0001:00010F30       @VarToSmallInt
 0001:00011028       @VarToWord
 0001:00013A10       @VarToWStr
 0001:00003F1C       @Write0LString
 0001:00002428       @WriteBytes
 0001:000024F8       @WriteLn
 0001:00003F24       @WriteLString
 0001:0000247C       @WriteSpaces
 0001:00003F8C       @WStrArrayClr
 0001:00003FB0       @WStrAsg
 0001:00003F74       @WStrClr
 0001:000040EC       @WStrCmp
 0001:00004170       @WStrCopy
 0001:000040C0       @WStrFromLStr
 0001:00003FD4       @WStrFromPCharLen
 0001:00004084       @WStrFromPWChar
 0001:00004060       @WStrFromPWCharLen
 0001:000040E0       @WStrLen
 0001:000041BC       @WStrSetLength
 0001:000040D0       @WStrToPWChar
 0001:0000254C       @_CLenToPasStr
 0001:00002540       @_CToPasStr
 0001:00001960       @_IOTest
 0001:000046E0       @_lldiv
 0001:0000475C       @_llmod
 0001:000046BC       @_llmul
 0001:0000C174       Abort
 0001:00006110       AbortDoc
 0001:000319E0       AbortProc
 0001:0005DFE0       AbsMin
 0001:0000C54C       AbstractErrorHandler
 0002:0000302C       AbstractErrorProc
 0002:00000144       AccessMode
 0001:000018C8       AcquireExceptionObject
 0001:0001B594       ActivateClassGroup
 0001:000063C8       ActivateKeyboardLayout
 0002:00003BB0       ActiveDrag
 0001:00018EF4       ActiveX
 0001:0006D51C       ActnList
 0001:000D4D44       AddAll
 0001:000D5DF4       AddBandsToList
 0001:00000504       AddBlockAfter
 0001:000870DC       AddChars
 0001:0008A184       AddCurrency
 0001:00089954       AddCurrencySymbol
 0002:0000059C       AddDataModule
 0001:00089260       AddDigit
 0001:00007C4C       AddExitProc
 0001:000A17B4       AddField
 0001:00092C64       AddFieldDefs
 0001:00092E98       AddFields
 0001:000B7F50       AddFieldToList
 0001:0001F70C       AddFinished
 0001:00070D18       AddIn
 0001:000C1054       AddLine
 0001:0008A474       AddLiterals
 0001:000D4DC8       AddLocalDataSets
 0001:0008484C       addlong
 0001:000AC2C4       AddMessage
 0001:0000530C       AddModuleUnloadProc
 0001:0000531C       AddModuleUnloadProc
 0001:00089A34       AddNegCurrencySymbol
 0001:000887C8       AddNormalizedFractions
 0001:0001F744       AddNotFinished
 0001:00074B28       AddOle2
 0001:00089244       AddOneChar
 0001:00087198       AddStrings
 0001:00020168       AddSubComponentsToLoaded
 0001:000C0EAC       AddWord
 0002:00001294       AdjustAmt
 0002:0000128C       AdjustAmt
 0002:0000129C       AdjustAmt
 0002:000012A4       AdjustAmt
 0001:00029B10       AdjustColor
 0001:00038D48       AdjustColors
 0001:00087BF4       AdjustDecimalPosition
 0001:0009F2B4       AdjustFirstRecord
 0001:000080AC       AdjustLineBreaks
 0001:00078730       Adjustment
 0001:00088B20       AdjustNibbles
 0001:000063D0       AdjustWindowRectEx
 0001:0000D920       AL1
 0002:00000314       AL1s
 0001:0000D930       AL2
 0002:00000324       AL2s
 0002:00000A68       Alignments
 0002:00000EA8       Alignments
 0002:00001110       Alignments
 0002:00000E68       Alignments
 0002:00001120       Alignments
 0002:00000EE0       Alignments
 0001:0007F768       AlignWork
 0001:00063798       AlignWork
 0001:000C0DEC       aLineWidth
 0001:000259E8       AllocateHWnd
 0001:00035760       AllocFilterStr
 0001:00007C00       AllocMem
 0002:000035B4       AllocMemCount
 0002:000035B8       AllocMemSize
 0001:0002F478       AllocPatternBitmap
 0001:00005B50       AllocTlsBuffer
 0001:0000D960       ALR
 0001:0000D948       ALV
 0001:00022EF0       AncestorIsValid
 0002:00000EFC       AnchorAlign
 0002:00000EF0       AnimateWindowProc
 0002:00000FF8       AnimationStyle
 0001:00007E2C       AnsiCompareStr
 0001:00007E64       AnsiCompareText
 0001:00007FAC       AnsiExtractQuotedStr
 0001:000087F4       AnsiLastChar
 0001:000063D8       AnsiLower
 0001:00007DF8       AnsiLowerCase
 0001:0000CF04       AnsiLowerCaseFileName
 0001:0000CECC       AnsiPos
 0001:000755D4       AnsiSameCaption
 0001:00007E9C       AnsiSameText
 0001:00007EB4       AnsiStrIComp
 0001:00007ED4       AnsiStrLIComp
 0001:0000D01C       AnsiStrPos
 0001:0000D0BC       AnsiStrRScan
 0001:0000D0E4       AnsiStrScan
 0001:000ABEBC       AnsiToNative
 0001:000ABF48       AnsiToNativeBuf
 0001:000058EC       AnsiToUtf8
 0001:00007DC4       AnsiUpperCase
 0001:0000CF90       AnsiUpperCaseFileName
 0001:00013F70       AnyToIntf
 0001:0000A3C8       AppendChars
 0001:0000A78C       AppendFormat
 0001:0000A42C       AppendNumber
 0001:0000A40C       AppendString
 0002:00003C14       Application
 0002:000005AC       ApplicationHandleException
 0001:000AB6E8       ApplicationHandleException
 0002:000005B4       ApplicationShowException
 0002:00001260       AppVisible
 0002:00003D54       ArgSeparator
 0002:00000CFC       Arrangements
 0001:0000C530       AssertErrorHandler
 0002:00003024       AssertErrorProc
 0001:000B7078       AssignFields
 0001:000182C8       AssignLongStr
 0001:00018944       AssignVariant
 0001:00093750       AttributeSetStored
 0002:00000D04       AutoArrange
 0002:0000360C       avail
 0001:000C4DB4       AxCtrls
 0001:000089F8       BackfillGetDiskFreeSpaceEx
 0001:00060BAC       BackgroundClipped
 0001:0000E78C       BackupVarBoolFromStr
 0001:0000E8EC       BackupVarBStrFromBool
 0001:0000E80C       BackupVarBStrFromCy
 0001:0000E87C       BackupVarBStrFromDate
 0001:0000E720       BackupVarCyFromStr
 0001:0000E6B4       BackupVarDateFromStr
 0001:0000E570       BackupVarI4FromStr
 0001:0000E51C       BackupVariantChangeTypeEx
 0001:0000E5DC       BackupVarR4FromStr
 0001:0000E648       BackupVarR8FromStr
 0002:0000153C       BaseFieldTypes
 0002:0000045C       BaseTypeMap
 0001:000890F4       BcdAdd
 0001:00088CD0       BcdCompare
 0001:00089DC4       BcdCurrencyFormat
 0001:00088F38       BcdDivide
 0001:00089088       BcdDivide
 0001:000862B0       BcdError
 0001:00086240       BcdErrorFmt
 0001:00089774       BcdFixedOrNumberFormat
 0001:00089710       BcdGeneralFormat
 0001:00088ECC       BcdMultiply
 0001:00088DD4       BcdMultiply
 0001:00089568       BcdScale
 0001:00089728       BcdScientificFormat
 0001:00088D98       BcdSubtract
 0001:00089664       BCDToCurr
 0001:00086CB0       BcdToDouble
 0001:00089424       BcdToStr
 0001:00089EB0       BcdToStrF
 0001:000A8CF8       BDE
 0001:000ABCC8       BdeCallBack
 0001:000A8E78       bdeconst
 0002:00003D38       BDEInitProcs
 0001:0000CB24       Beep
 0001:0001B968       BeginGlobalLoading
 0001:000063E0       BeginPaint
 0001:00029B1C       BetterSize
 0001:00071B8C       BiDiDraw
 0001:00006118       BitBlt
 0002:00000C18       BitBtnCaptions
 0002:00003AC8       BitBtnGlyphs
 0002:00000C44       BitBtnModalResults
 0002:00000BEC       BitBtnResNames
 0002:000008C0       BitCounts
 0002:000008B8       BitmapCanvasList
 0002:000038AC       BitmapImageLock
 0002:00002608       BitMask
 0001:0000E558       BiUnimplemented
 0001:00087A90       BlankArgument
 0002:00002270       BlobTypeMap
 0002:000005D4       BlockCode
 0002:000035E4       blockDescBlockList
 0002:000035E8       blockDescFreeList
 0002:00000580       BooleanIdents
 0002:00000458       BooleanToStringRule
 0002:0000156C       BoolFalse
 0001:000085FC       BoolToStr
 0001:00013070       BoolToWStrViaOS
 0002:00000A60       BorderStyles
 0002:00000CDC       BorderStyles
 0002:0000119C       BorderStyles
 0002:00000E60       BorderStyles
 0001:0001A85C       Bounds
 0001:00005CAC       Bounds
 0002:00002308       BreakChars
 0002:000010B8       Breaks
 0002:000038E4       BrushManager
 0002:00003E40       Btl
 0001:000844B0       BTLheader
 0001:00091924       BuffersEqual
 0001:0009E980       BufferToByteArray
 0001:00074340       BuildImage
 0001:000D00C0       BuildTreeFrom
 0002:00000A08       ButtonCaptions
 0002:00000C74       ButtonCount
 0002:00002350       ButtonMap
 0002:000009DC       ButtonNames
 0001:0003CE0C       Buttons
 0002:00001134       Buttons
 0002:00000D88       ButtonStates
 0002:00000D98       ButtonStyles
 0002:00000ED8       ButtonStyles
 0002:00003A80       ButtonWidths
 0001:0009EA34       ByteArrayToBuffer
 0001:000292FC       BytesPerScanline
 0001:00029654       ByteSwapColors
 0001:0000CC08       ByteToCharIndex
 0001:0000CBE0       ByteToCharLen
 0001:0000CBA4       ByteType
 0001:0000CB2C       ByteTypeTest
 0002:00003BFC       CachedComCtrlVer
 0001:00025924       CalcJmpOffset
 0001:0008A074       CalcPrecisionAndDigits
 0001:0004E308       CalcSize
 0001:0006B4F4       CalcSplitterPos
 0001:000994F8       CalcTotalSize
 0001:00093790       CalculatedStored
 0001:000C66C4       CallEventMethod
 0001:000063E8       CallNextHookEx
 0001:0000D8E4       CallTerminateProcs
 0001:000063F0       CallWindowProc
 0001:000B1D94       CanBlockRead
 0001:0005F018       CancelDrag
 0001:0009FEFC       CancelNestedDataSets
 0001:000C1910       CanPrint
 0001:00087A20       CanUseShort
 0002:000038E8       CanvasList
 0002:00003BC4       CanvasList
 0002:000009B4       Captions
 0002:00000FB4       CaptureControl
 0002:00001058       cBooleanToItemAutoFlag
 0002:0000048C       CBooleanToRelationship
 0002:000022B4       CBRetCode
 0001:00005CC8       CenterPoint
 0001:00035070       CenterWindow
 0002:00003AB6       CF_COMPONENT
 0002:00003AB4       CF_PICTURE
 0002:00003818       ChangeAnyProc
 0001:0005D544       ChangeBiDiModeAlignment
 0001:00008874       ChangeFileExt
 0002:00000E88       CharCases
 0001:00003960       CharFromWChar
 0001:000CFC98       CharHeight
 0001:0000CDDC       CharLength
 0001:000063F8       CharLowerBuff
 0001:00000350       CharNext
 0001:00006400       CharNext
 0001:00027AB0       CharsetToIdent
 0001:0000CCF0       CharToByteIndex
 0001:0000CD54       CharToByteLen
 0001:00006408       CharToOem
 0001:00006410       CharToOemA
 0001:00006418       CharToOemBuff
 0001:00006420       CharUpperBuff
 0001:000CFC64       CharWidth
 0001:000AC260       Check
 0001:0002A0E4       CheckBool
 0001:0004444C       CheckCommonControl
 0001:000B3C1C       CheckIfParentScrolled
 0001:000AB424       CheckIndexOpen
 0001:00002F0C       CheckJmp
 0001:00006428       CheckMenuItem
 0001:0009EEA0       CheckNestedBrowseMode
 0002:000010A8       Checks
 0001:00085E2C       CheckSqlTimeStamp
 0001:000201A4       CheckSubComponents
 0001:000246FC       CheckSynchronize
 0001:00078150       CheckTaskWindow
 0001:000146CC       CheckType
 0001:0005ECCC       CheckUndock
 0001:0000CA18       CheckWin32Version
 0001:00006430       ChildWindowFromPoint
 0002:00000474       CInvalidCustomVariantType
 0002:0000105C       cItemAutoFlagToBoolean
 0002:00001054       cItemAutoFlagToMenu
 0001:00025B74       Classes
 0001:0001B324       ClassNotFound
 0002:000021D0       Class_SMClient
 0002:00003814       ClearAnyProc
 0001:00027340       ClearColor
 0001:0008B788       ClearExcepInfo
 0001:000162C8       ClearVariantTypeList
 0001:00006438       ClientToScreen
 0001:00068A98       ClientToWindow
 0002:000008B0       ClipboardFormats
 0001:00039580       Clipbrd
 0001:00006440       CloseClipboard
 0001:00006120       CloseEnhMetaFile
 0001:00005E20       CloseHandle
 0001:000002F0       CloseHandle
 0001:00031824       ClosePrinter
 0002:00003988       CloseThemeData
 0002:00000930       CLSID_AutoComplete
 0002:00003040       CmdLine
 0002:0000303C       CmdShow
 0002:00001050       cMenuAutoFlagToItem
 0002:00000498       CmpTypeMap
 0001:0000E564       CmpUnimplemented
 0002:0000131C       CoAddRefServerProcess
 0001:00018E78       CoCreateInstance
 0002:00001314       CoCreateInstanceEx
 0002:00000CCC       Codes
 0002:00000D58       Codes
 0001:00018E70       CoGetClassObject
 0002:00003B4C       CoInitExProcLoaded
 0002:0000132C       CoInitFlags
 0001:00018E60       CoInitialize
 0002:00001318       CoInitializeEx
 0002:00003B48       CoInitializeExProc
 0001:0001BC24       CollectionsEqual
 0002:00000630       Colors
 0001:000278A8       ColorToIdent
 0002:00000A74       ColorToPretyName
 0001:00027898       ColorToRGB
 0002:00000D2C       ColumnClicks
 0001:00006128       CombineRgn
 0002:00000DD8       ComboBoxExStyles
 0002:00000DE4       ComboExStyles
 0002:00003C98       ComClassManagerVar
 0001:0008AADC       ComConst
 0002:000038FC       ComCtl32DLL
 0002:00003B20       ComCtlVersion
 0001:00052198       ComCtrls
 0002:00003C10       CommandPool
 0001:00030064       CommCtrl
 0001:000345B4       CommDlg
 0001:000007E4       Commit
 0002:00003628       committedRoot
 0001:0008BA50       ComObj
 0001:00088AA0       CompactBcd
 0001:00086E7C       CompareDigits
 0001:000702FC       CompareFront
 0001:00007D2C       CompareMem
 0001:00088880       CompareNormalizedFractions
 0001:00007CFC       CompareStr
 0001:00005E28       CompareString
 0001:00007D4C       CompareText
 0001:00008524       CompareWith
 0001:00020284       ComponentCreated
 0001:00029EB4       ComputeAldusChecksum
 0001:0003953C       ComStrs
 0001:000B56C8       ConcatField
 0001:00025F40       Consts
 0001:0002FA6C       Contnrs
 0002:00003B82       ControlAtom
 0002:00003B88       ControlAtomString
 0001:0007CFF0       ControlHasHelp
 0001:0006C190       Controls
 0001:0000BF14       ConvertAddr
 0001:0000A51C       ConvertEraString
 0001:00007BC4       ConvertError
 0001:00007BDC       ConvertErrorFmt
 0001:00048CF8       ConvertFlags
 0001:00048B64       ConvertMask
 0001:00048D1C       ConvertStates
 0001:0000A684       ConvertYearString
 0001:00004AF4       CopyArray
 0001:0002C7C4       CopyBitmap
 0001:0002CE8C       CopyBitmapAsMask
 0001:000896FC       CopyByte
 0001:00035F54       CopyData
 0001:00006130       CopyEnhMetaFile
 0001:0003C184       CopyImage
 0001:0003CBBC       CopyImage
 0001:00006948       CopyMemory
 0001:0002CE28       CopyPalette
 0002:00000DFC       Copyright
 0001:000733EC       CopyToBest
 0002:00001320       CoReleaseServerProcess
 0002:00001324       CoResumeClassObjects
 0002:00001328       CoSuspendClassObjects
 0001:00018E80       CoTaskMemAlloc
 0001:00018E68       CoUninitialize
 0001:0000CC60       CountChars
 0002:000038C4       CounterLock
 0002:000026AC       cQRBandComponentName
 0002:00003E1C       cqrBandFrameColor
 0002:00003E18       cqrBandFrameStyle
 0002:00002680       cQRBandTypeName
 0002:000025D0       cQRBinTranslate
 0002:00003E14       cqrMarginColor
 0002:00003E10       cqrMarginStyle
 0002:00002358       cQRPaperSizeMetrics
 0002:00002560       cQRPaperTranslate
 0002:00003E08       cqrRulerFontColor
 0002:00003DE8       cqrRulerFontName
 0002:00003E0C       cqrRulerFontSize
 0002:00003DE4       cqrRulerMajorColor
 0002:00003DDD       cqrRulerMajorStyle
 0002:00003DE0       cqrRulerMinorColor
 0002:00003DDC       cqrRulerMinorStyle
 0002:00000478       CRangeToType
 0001:0000C474       CreateAssertException
 0001:0000C5FC       CreateAVObject
 0001:00006138       CreateBitmap
 0001:00006140       CreateBrushIndirect
 0001:00006148       CreateCompatibleBitmap
 0001:00006150       CreateCompatibleDC
 0001:00020304       CreateComponent
 0001:00006158       CreateDC
 0001:00006168       CreateDIBitmap
 0001:00006160       CreateDIBSection
 0001:00006170       CreateEnhMetaFile
 0001:00005E30       CreateEvent
 0001:00005E38       CreateFile
 0001:000002F8       CreateFileA
 0001:00006178       CreateFontIndirect
 0001:00006180       CreateHalftonePalette
 0001:00006188       CreateIC
 0001:00006448       CreateIcon
 0001:0000C3A0       CreateInOutError
 0001:00006450       CreateMenu
 0001:0003684C       CreateMessageDialog
 0001:00005E48       CreateMutexA
 0001:00006190       CreatePalette
 0001:00006198       CreatePenIndirect
 0001:00006458       CreatePopupMenu
 0001:000061A0       CreateRectRgn
 0001:000061A8       CreateSolidBrush
 0001:00018EA0       CreateStreamOnHGlobal
 0001:000296AC       CreateSystemPalette
 0001:00005E68       CreateThread
 0001:00006A3C       CreateWindow
 0001:000069E4       CreateWindowEx
 0002:00000944       CreationControl
 0002:00000EF4       CreationControl
 0002:0000056C       CRelationshipToBoolean
 0002:0000043C       CResult
 0002:00003D20       CSAnsiToNative
 0002:0000013C       cSimpleBoolStrs
 0002:00003D08       CSNativeToAnsi
 0002:00000514       CText
 0002:00000FF0       Ctl3DStyles
 0002:00000928       Ctl3DStyles
 0002:00003620       curAlloc
 0001:00014960       CurrCompare
 0002:0000368C       CurrencyDecimals
 0002:00003688       CurrencyFormat
 0002:00003684       CurrencyString
 0001:0000A3B4       CurrentYear
 0001:000895D8       CurrToBCD
 0001:00009BE0       CurrToStr
 0001:00009C48       CurrToStrF
 0001:00013000       CurrToWStrViaOS
 0002:000011D8       CursorMap
 0002:00000F04       Cursors
 0001:0005D864       CursorToIdent
 0002:000011C8       cUseAlpha
 0002:000011D0       cUseColorKey
 0002:00000DCC       CustomizeStyles
 0002:00000334       CVarTypeToElementInfo
 0001:00008278       CvtInt
 0001:000082E4       CvtInt64
 0002:00001308       CWNear
 0002:0000017C       CWNear
 0001:00091808       DatabaseError
 0001:000918B4       DatabaseErrorFmt
 0001:000CFC48       DataSetOK
 0002:00002300       DataType
 0002:00002254       DataTypeMap
 0001:0000A304       Date
 0001:00014938       DateCompare
 0002:0000368D       DateSeparator
 0001:0009E938       DateTimeToNative
 0001:00085D5C       DateTimeToSQLTimeStamp
 0001:0000AFCC       DateTimeToStr
 0001:0000AF40       DateTimeToString
 0001:00009E38       DateTimeToTimeStamp
 0001:0000AF9C       DateToStr
 0001:00013038       DateToWStrViaOS
 0001:00084DAC       DateUtils
 0001:0000A2DC       DayOfWeek
 0001:00084D44       DaysInAMonth
 0001:000A0C14       DB
 0002:00003CB0       DBApplication
 0001:000A4FF4       DBCommon
 0001:00085014       DBConsts
 0001:000A770E       DbiAcqPersistTableLock
 0001:000A7720       DbiAcqTableLock
 0001:000A701E       DbiActivateFilter
 0001:000A6976       DbiAddAlias
 0001:000A68E0       DbiAddDriver
 0001:000A702A       DbiAddFilter
 0001:000A7546       DbiAddIndex
 0001:000A76D2       DbiAddPassword
 0001:000A6BF8       DbiAnsiToNative
 0001:000A74EC       DbiAppendRecord
 0001:000A6A24       DbiApplyDelayedUpdates
 0001:000A700C       DbiBatchMove
 0001:000A6BC8       DbiBcdFromFloat
 0001:000A6BCE       DbiBcdToFloat
 0001:000A6874       DbiBeginConstraintLayer
 0001:000A6A30       DbiBeginDelayedUpdates
 0001:000A775C       DbiBeginLinkMode
 0001:000A6FFA       DbiBeginTran
 0001:000A73F0       DbiCfgAddRecord
 0001:000A7408       DbiCfgBuildPath
 0001:000A73E4       DbiCfgDropRecord
 0001:000A73D8       DbiCfgGetHelp
 0001:000A73FC       DbiCfgGetNextNode
 0001:000A73F6       DbiCfgGetRecord
 0001:000A73D2       DbiCfgMerge
 0001:000A73EA       DbiCfgModifyRecord
 0001:000A7402       DbiCfgPosition
 0001:000A740E       DbiCfgSave
 0001:000A73DE       DbiCfgTranslate
 0001:000A7480       DbiCheckRefresh
 0001:000A685C       DbiCheckSQLExpression
 0001:000A7576       DbiCloneCursor
 0001:000A6C16       DbiCloseConfigFile
 0001:000A7822       DbiCloseCursor
 0001:000A783A       DbiCloseDatabase
 0001:000A6B7A       DbiCloseFieldXlt
 0001:000A75A0       DbiCloseIndex
 0001:000A76D8       DbiCloseSession
 0001:000A757C       DbiCompareBookMarks
 0001:000A74E6       DbiCompareKeys
 0001:000A7558       DbiCopyTable
 0001:000A776E       DbiCreateInMemTable
 0001:000A755E       DbiCreateTable
 0001:000A74BC       DbiCreateTempTable
 0001:000A6844       DbiDatabaseFlush
 0001:000A75AC       DbiDateDecode
 0001:000A75B2       DbiDateEncode
 0001:000A7018       DbiDeactivateFilter
 0001:000A73A8       DbiDebugLayerOptions
 0001:000A695E       DbiDeleteAlias
 0001:000A68DA       DbiDeleteDriver
 0001:000A7540       DbiDeleteIndex
 0001:000A77E0       DbiDeleteRecord
 0001:000A754C       DbiDeleteTable
 0001:000A8C61       DbiDLLExit
 0001:000A7528       DbiDoRestructure
 0001:000A6904       DbiDRAdd
 0001:000A69FA       DbiDRAddAttr
 0001:000A6A12       DbiDRClose
 0001:000A6994       DbiDRCreate
 0001:000A6958       DbiDRCreateEnumAttrDomain
 0001:000A6A00       DbiDRCreateObjectType
 0001:000A69EE       DbiDRCreateRelationType
 0001:000A698E       DbiDRDelete
 0001:000A694C       DbiDRDeleteEnumAttrDomain
 0001:000A69E2       DbiDRDeleteObjectType
 0001:000A69E8       DbiDRDeleteRelationType
 0001:000A68FE       DbiDRDrop
 0001:000A69F4       DbiDRDropAttr
 0001:000A6A06       DbiDRExportToFile
 0001:000A69C4       DbiDRGetAttrDescs
 0001:000A6A1E       DbiDRGetDesc
 0001:000A6946       DbiDRGetEnumAttrDomain
 0001:000A69AC       DbiDRGetObjID
 0001:000A69CA       DbiDRGetObjTypeInfo
 0001:000A690A       DbiDRGetRelatedObject
 0001:000A69BE       DbiDRGetRelTypeInfo
 0001:000A6A0C       DbiDRImportFromFile
 0001:000A699A       DbiDRLoadDBObject
 0001:000A6952       DbiDRModifyEnumAttrDomain
 0001:000A6A18       DbiDROpen
 0001:000A69D6       DbiDROpenAttrTypeList
 0001:000A69DC       DbiDROpenObjectTypeList
 0001:000A69B8       DbiDROpenObjSet
 0001:000A69B2       DbiDROpenRelSet
 0001:000A69D0       DbiDROpenRelTypeList
 0001:000A7024       DbiDropFilter
 0001:000A76CC       DbiDropPassword
 0001:000A69A6       DbiDRSetToObjID
 0001:000A69A0       DbiDRSetToObjName
 0001:000A7504       DbiEmptyTable
 0001:000A6862       DbiEndConstraintLayer
 0001:000A6A2A       DbiEndDelayedUpdates
 0001:000A7756       DbiEndLinkMode
 0001:000A6FF4       DbiEndTran
 0001:000AC248       DbiError
 0001:000A8BE1       DbiExit
 0001:000A758E       DbiExtractKey
 0001:000A76F0       DbiForceRecordReread
 0001:000A76FC       DbiForceReread
 0001:000A74B0       DbiFormFullName
 0001:000A763C       DbiFreeBlob
 0001:000A6ACC       DbiFreeSQLRequest
 0001:000A764E       DbiGetBlob
 0001:000A7636       DbiGetBlobHeading
 0001:000A7654       DbiGetBlobSize
 0001:000A7588       DbiGetBookMark
 0001:000A747A       DbiGetCallBack
 0001:000A704E       DbiGetClientInfo
 0001:000A76DE       DbiGetCurrSession
 0001:000A76F6       DbiGetCursorForTable
 0001:000A782E       DbiGetCursorProps
 0001:000A769C       DbiGetDatabaseDesc
 0001:000A73CC       DbiGetDateFormat
 0001:000A6922       DbiGetDefaultRepository
 0001:000A77C2       DbiGetDirectory
 0001:000A76A8       DbiGetDriverDesc
 0001:000A74A4       DbiGetErrorContext
 0001:000A749E       DbiGetErrorEntry
 0001:000A74D4       DbiGetErrorInfo
 0001:000A74AA       DbiGetErrorString
 0001:000A6FA6       DbiGetExactRecordCount
 0001:000A75BE       DbiGetField
 0001:000A7828       DbiGetFieldDescs
 0001:000A7684       DbiGetFieldTypeDesc
 0001:000A6B8C       DbiGetFilterInfo
 0001:000A7594       DbiGetIndexDesc
 0001:000A6C0A       DbiGetIndexDescs
 0001:000A753A       DbiGetIndexForField
 0001:000A7534       DbiGetIndexSeqNo
 0001:000A7678       DbiGetIndexTypeDesc
 0001:000A7036       DbiGetLdName
 0001:000A6FD6       DbiGetLdNameFromDb
 0001:000A74C8       DbiGetLdObj
 0001:000A7744       DbiGetLinkStatus
 0001:000A760C       DbiGetNetUserName
 0001:000A780A       DbiGetNextRecord
 0001:000A73B4       DbiGetNumberFormat
 0001:000A6BE6       DbiGetObjFromName
 0001:000A6B98       DbiGetObjFromObj
 0001:000A7804       DbiGetPriorRecord
 0001:000A6BF2       DbiGetProp
 0001:000A77FE       DbiGetRecord
 0001:000A77F2       DbiGetRecordCount
 0001:000A74E0       DbiGetRecordForKey
 0001:000A77F8       DbiGetRelativeRecord
 0001:000A6B50       DbiGetRintDesc
 0001:000A77DA       DbiGetSeqNo
 0001:000A7612       DbiGetSesInfo
 0001:000A6AD2       DbiGetSQLRequest
 0001:000A7624       DbiGetSysConfig
 0001:000A761E       DbiGetSysInfo
 0001:000A762A       DbiGetSysVersion
 0001:000A7660       DbiGetTableOpenCount
 0001:000A7690       DbiGetTableTypeDesc
 0001:000A73C0       DbiGetTimeFormat
 0001:000A6FEE       DbiGetTranInfo
 0001:000A6B56       DbiGetVchkDesc
 0001:000A68D4       DbiImportODBC
 0001:000A5004       DbiInit
 0001:000A8AE6       DbiInitFn
 0001:000A7570       DbiInitRecord
 0001:000A77EC       DbiInsertRecord
 0001:000A773E       DbiIsRecordLocked
 0001:000A7738       DbiIsTableLocked
 0001:000A7732       DbiIsTableShared
 0001:000A7750       DbiLinkDetail
 0001:000A772C       DbiLinkDetailToExp
 0001:000A7666       DbiLoadDriver
 0001:000A6C04       DbiMakePermanent
 0001:000A77E6       DbiModifyRecord
 0001:000A6BFE       DbiNativeToAnsi
 0001:000A765A       DbiOpenBlob
 0001:000A6C22       DbiOpenCfgInfoList
 0001:000A6C1C       DbiOpenConfigFile
 0001:000A7840       DbiOpenDatabase
 0001:000A76A2       DbiOpenDatabaseList
 0001:000A76AE       DbiOpenDriverList
 0001:000A778C       DbiOpenFamilyList
 0001:000A77A4       DbiOpenFieldList
 0001:000A768A       DbiOpenFieldTypesList
 0001:000A6B68       DbiOpenFieldXlt
 0001:000A77B0       DbiOpenFileList
 0001:000A6982       DbiOpenFunctionArgList
 0001:000A6988       DbiOpenFunctionList
 0001:000A75A6       DbiOpenIndex
 0001:000A77AA       DbiOpenIndexList
 0001:000A767E       DbiOpenIndexTypesList
 0001:000A779E       DbiOpenLdList
 0001:000A76C0       DbiOpenLockList
 0001:000A6856       DbiOpenNestedTable
 0001:000A684A       DbiOpenRef
 0001:000A692E       DbiOpenRepositoryList
 0001:000A7792       DbiOpenRintList
 0001:000A7774       DbiOpenSecurityList
 0001:000A6910       DbiOpenSessionRepository
 0001:000A6AF6       DbiOpenSPList
 0001:000A6AF0       DbiOpenSPParamList
 0001:000A7834       DbiOpenTable
 0001:000A77B6       DbiOpenTableList
 0001:000A7696       DbiOpenTableTypesList
 0001:000A76C6       DbiOpenUserList
 0001:000A7798       DbiOpenVchkList
 0001:000A750A       DbiPackTable
 0001:000A7648       DbiPutBlob
 0001:000A75B8       DbiPutField
 0001:000A75D0       DbiQAlloc
 0001:000A75E8       DbiQExec
 0001:000A75F4       DbiQExecDirect
 0001:000A6ADE       DbiQExecProcDirect
 0001:000A75D6       DbiQFree
 0001:000A75CA       DbiQGetBaseDescs
 0001:000A75DC       DbiQInstantiateAnswer
 0001:000A75EE       DbiQPrepare
 0001:000A6AD8       DbiQPrepareExt
 0001:000A6AEA       DbiQPrepareProc
 0001:000A75E2       DbiQSetParams
 0001:000A6AE4       DbiQSetProcParams
 0001:000A7768       DbiReadBlock
 0001:000A74FE       DbiRegenIndex
 0001:000A74F8       DbiRegenIndexes
 0001:000A75C4       DbiRegisterCallBack
 0001:000A7708       DbiRelPersistTableLock
 0001:000A7714       DbiRelRecordLock
 0001:000A771A       DbiRelTableLock
 0001:000A7552       DbiRenameTable
 0001:000A77CE       DbiResetRange
 0001:000A7702       DbiSaveChanges
 0001:000A68F8       DbiSchemaCacheFlush
 0001:000A76E4       DbiSetCurrSession
 0001:000A73C6       DbiSetDateFormat
 0001:000A6928       DbiSetDefaultRepository
 0001:000A77BC       DbiSetDirectory
 0001:000A74DA       DbiSetFieldMap
 0001:000A76B4       DbiSetLockRetry
 0001:000A73AE       DbiSetNumberFormat
 0001:000A76BA       DbiSetPrivateDir
 0001:000A6BEC       DbiSetProp
 0001:000A77D4       DbiSetRange
 0001:000A73BA       DbiSetTimeFormat
 0001:000A781C       DbiSetToBegin
 0001:000A7582       DbiSetToBookMark
 0001:000A7810       DbiSetToCursor
 0001:000A7816       DbiSetToEnd
 0001:000A77C8       DbiSetToKey
 0001:000A752E       DbiSetToRecordNo
 0001:000A756A       DbiSetToSeqNo
 0001:000A6FE8       DbiSortTable
 0001:000A6880       DbiSQLTextToCanEx
 0001:000A76EA       DbiStartSession
 0001:000A759A       DbiSwitchToIndex
 0001:000A751C       DbiTimeDecode
 0001:000A7522       DbiTimeEncode
 0001:000A7510       DbiTimeStampDecode
 0001:000A7516       DbiTimeStampEncode
 0001:000A6B80       DbiTranslateField
 0001:000A6B86       DbiTranslateRecordStructure
 0001:000A7642       DbiTruncateBlob
 0001:000A7042       DbiUndeleteRecord
 0001:000A774A       DbiUnlinkDetail
 0001:000A74C2       DbiUseIdleTime
 0001:000A6B6E       DbiValidateProp
 0001:000A7564       DbiVerifyField
 0001:000A7762       DbiWriteBlock
 0002:00003CAC       DBScreen
 0001:000B88F0       DBTables
 0002:00000178       DCon10
 0002:0000062C       DDBsOnly
 0001:00025A9C       DeallocateHWnd
 0002:00000028       DebugHook
 0002:0000368B       DecimalSeparator
 0001:00015B38       DecIndices
 0001:0000A2BC       DecodeDate
 0001:0000A170       DecodeDateFully
 0001:00009FE0       DecodeTime
 0001:00000878       Decommit
 0001:00000E94       DecommitFree
 0002:000035FC       decommittedRoot
 0001:000803C0       Default
 0001:0007AC78       Default
 0002:00000020       Default8087CW
 0002:00000EF8       DefaultDockTreeClass
 0002:00001344       DefaultFieldClasses
 0001:000475C4       DefaultListViewSort
 0001:000AB41C       DefaultSession
 0002:00000034       DefaultTextLineBreakStyle
 0002:000035C0       DefaultUserCodePage
 0002:00000880       DefBrushData
 0002:00000600       DefFontData
 0001:00006460       DefFrameProc
 0002:00000208       DefLongDayNames
 0002:000001BC       DefLongMonthNames
 0001:00006468       DefMDIChildProc
 0002:00000860       DefPenData
 0002:000001EC       DefShortDayNames
 0002:0000018C       DefShortMonthNames
 0001:00006470       DefWindowProc
 0001:00004E60       DelayLoadResourceModule
 0001:00000534       DeleteBlock
 0001:000004A4       DeleteCriticalSection
 0001:00005E70       DeleteCriticalSection
 0001:000061B0       DeleteDC
 0001:000061B8       DeleteEnhMetaFile
 0001:00005E78       DeleteFile
 0001:000087DC       DeleteFile
 0001:00000CDC       DeleteFree
 0001:00006478       DeleteMenu
 0001:000061C0       DeleteObject
 0001:0002C380       DeselectBitmap
 0001:00006480       DestroyCursor
 0001:00006488       DestroyIcon
 0001:0003CCCC       DestroyLocals
 0001:00006490       DestroyMenu
 0001:00006498       DestroyWindow
 0001:0003182C       DeviceCapabilities
 0001:0005AAD0       DialogEnumerationTester
 0001:00035124       DialogHook
 0001:0003709C       Dialogs
 0002:000008BC       DIBPalSizes
 0002:00000090       dig
 0002:00000D44       Directions
 0001:00077FA4       DisableTaskWindows
 0001:0008B19C       DispatchInvoke
 0001:0008B77C       DispatchInvokeError
 0001:000064A0       DispatchMessage
 0001:0007E2D0       DispatchShortCut
 0001:0008B798       DispCall
 0001:0008B87C       DispCallByID
 0002:00003000       DispCallByIDProc
 0001:0008B6A8       DispCallError
 0002:0000233C       DispIDArgs
 0001:00091910       DisposeMem
 0002:0000232C       DispParams
 0001:00007BA8       DivMod
 0001:000345EC       Dlgs
 0001:000ABCE8       DLLDetachCallBack
 0001:0007F61C       DoAlign
 0001:00063628       DoAlign
 0001:0009DFE4       DoBindFields
 0001:00067758       DoCalcConstraints
 0002:00003BB8       DockSiteList
 0001:0007400C       DoClick
 0001:00064D6C       DoControlMsg
 0001:00031834       DocumentProperties
 0001:00077F54       DoDisableWindow
 0001:0005E5F8       DoDragOver
 0001:00007C20       DoExitProc
 0001:000697C8       DoFindControlZone
 0001:00078090       DoFindWindow
 0001:00069D54       DoFindZone
 0001:0006984C       DoForEach
 0001:0006B158       DoGetNextLimit
 0001:00077F1C       DoneApplication
 0001:0006BEB8       DoneControls
 0001:0000C928       DoneExceptions
 0001:0007C64C       DoNestedActivation
 0001:000246BC       DoneThreadSynchronization
 0001:000631E8       DoPosition
 0001:0007F46C       DoPosition
 0001:0006A780       DoPrune
 0001:00038208       DoRect
 0001:0006AC58       DoSaveZone
 0001:0006AE5C       DoSetNewBounds
 0002:0000130C       Dot
 0002:00000588       DotSep
 0002:00000DA4       DownMessage
 0002:00000C78       DownStyles
 0001:0006E95C       DoWrite
 0001:0002AF94       DoWrite
 0001:0002A33C       DoWrite
 0001:0001D548       DoWrite
 0001:00064354       DoWriteDesignSize
 0001:00061CAC       DoWriteIsControl
 0002:00003B9C       DragCapture
 0002:00003B90       DragControl
 0001:0005ED40       DragDone
 0001:0005E5A8       DragFindTarget
 0001:0005E57C       DragFindWindow
 0002:00003BB4       DragImageList
 0001:0005E998       DragInit
 0001:0005EB08       DragInitControl
 0002:00003B98       DragInternalObject
 0001:0005E4C4       DragMessage
 0002:00003B94       DragObject
 0002:00003BC0       DragSave
 0002:00003BA8       DragSaveCursor
 0002:00003BA0       DragStartPos
 0002:00003BAC       DragThreshold
 0001:0005E6C8       DragTo
 0001:000803FC       DrawAppIcon
 0001:0006A2EC       DrawCloseButton
 0001:000064A8       DrawEdge
 0001:000064B0       DrawFocusRect
 0001:000064B8       DrawFrameControl
 0001:0006A344       DrawGrabberLine
 0001:000064C0       DrawIcon
 0001:000064C8       DrawIconEx
 0002:0000102C       DrawingStyles
 0001:000064D0       DrawMenuBar
 0001:000753F4       DrawMenuItem
 0001:000064D8       DrawText
 0002:0000398C       DrawThemeBackground
 0002:000039B0       DrawThemeEdge
 0002:000039B4       DrawThemeIcon
 0002:00003A38       DrawThemeParentBackground
 0002:00003990       DrawThemeText
 0001:000D9FB4       drillchange
 0001:000A686E       DsProviderGetDataPacket
 0001:000A6868       DsResolver
 0001:0002917C       DupBits
 0001:00015AE4       DynArrayBounds
 0001:00004B0C       DynArrayClear
 0001:00015A5C       DynArrayDim
 0001:00015A40       DynArrayElTypeInfo
 0001:00015F94       DynArrayFromVariant
 0001:00015A00       DynArrayIndex
 0001:00004B14       DynArraySetLength
 0001:00015A74       DynArraySize
 0001:00015C44       DynArrayToVariant
 0001:00015BA4       DynArrayVariantBounds
 0001:00015BFC       DynArrayVarType
 0001:000AC360       EDBEngineError.Create
 0001:000AC67C       EDBEngineError.Destroy
 0001:000AC6D0       EDBEngineError.GetError
 0002:00001118       EdgeStyle
 0002:00000FE0       EdgeStyles
 0002:00000CE4       EditStyles
 0001:0000C374       EHeapException.FreeInstance
 0001:000061C8       Ellipse
 0002:00000EA4       Empty
 0001:000064E0       EmptyClipboard
 0001:000147C4       EmptyCompare
 0002:00003800       EmptyParam
 0002:00003D9C       EmptyParam
 0002:000000C0       EmptyStr
 0002:000000C4       EmptyWideStr
 0001:000064E8       EnableMenuItem
 0002:000010B0       Enables
 0001:000064F0       EnableScrollBar
 0001:00078058       EnableTaskWindows
 0002:00003A20       EnableThemeDialogTexture
 0002:00003A3C       EnableTheming
 0001:000064F8       EnableWindow
 0001:0000A140       EncodeDate
 0001:00009FA0       EncodeTime
 0001:000061D0       EndDoc
 0001:0001B9F0       EndGlobalLoading
 0001:000A33B8       EndOfLiteral
 0001:000061D8       EndPage
 0001:00006500       EndPaint
 0002:000022D4       EndType
 0001:00005E80       EnterCriticalSection
 0001:00000494       EnterCriticalSection
 0001:00005E88       EnumCalendarInfoA
 0002:00003920       EnumDisplayMonitors
 0001:0000BB88       EnumEraNames
 0001:0000BBC4       EnumEraYearOffsets
 0001:0007B23C       EnumMonitorsProc
 0001:0003183C       EnumPrinters
 0001:00006508       EnumThreadWindows
 0001:0001FAB4       EnumValue
 0001:00006510       EnumWindows
 0001:0008AD70       EOleException.Create
 0001:0008ACA0       EOleSysError.Create
 0001:00006518       EqualRect
 0002:00003754       EraNames
 0001:0000B244       EraToYear
 0002:00003770       EraYearOffsets
 0002:00000068       errCaption
 0001:000A4FFC       ErrCat
 0001:00001954       Error
 0001:0007004C       Error
 0001:0001AEC8       Error
 0001:0001F298       Error
 0002:00000004       ErrorAddr
 0001:00001908       ErrorAt
 0001:000B9B54       ErrorCreate
 0001:0000C420       ErrorHandler
 0002:00000224       ErrorMap
 0002:00003008       ErrorProc
 0002:000033E8       ErrOutput
 0001:00091734       EUpdateError.Create
 0001:000917D8       EUpdateError.Destroy
 0002:0000149C       Events
 0001:000018A8       ExceptAddr
 0002:0000300C       ExceptClsProc
 0001:0000C894       ExceptHandler
 0001:0000C1A0       Exception.Create
 0001:0000C1DC       Exception.CreateFmt
 0001:0000C32C       Exception.CreateHelp
 0001:0000C25C       Exception.CreateRes
 0001:0000C298       Exception.CreateResFmt
 0002:0000301C       ExceptionClass
 0001:0000BF20       ExceptionErrorMessage
 0002:0000025C       ExceptMap
 0001:00001888       ExceptObject
 0002:00003010       ExceptObjProc
 0002:00003004       ExceptProc
 0001:000061E0       ExcludeClipRect
 0002:00000000       ExitCode
 0001:00003694       ExitDll
 0002:00003048       ExitProc
 0001:00000358       ExitProcess
 0002:00003028       ExitProcessProc
 0002:00000138       ExitProcList
 0001:000089BC       ExpandFileName
 0001:000353FC       ExplorerHook
 0001:0003CFF8       ExtActns
 0001:000394CC       ExtCtrls
 0001:0003CE64       ExtDlgs
 0001:00091938       ExtractFieldName
 0001:00008974       ExtractFileExt
 0001:00035A74       ExtractFileName
 0001:0000893C       ExtractFileName
 0001:00035ABC       ExtractFileNames
 0001:00008908       ExtractFilePath
 0001:0008A318       ExtractLiterals
 0001:00089F6C       ExtractMoneySymbol
 0002:000022EC       Exts
 0001:000061E8       ExtTextOut
 0002:00003790       FalseBoolStrs
 0001:00005E90       FatalAppExitA
 0002:00003ABC       FClipboard
 0002:0000016C       FCon1E18
 0002:00001304       FConst10
 0002:00003CF0       FCSect
 0001:00031994       FetchStr
 0002:00003D58       FGlobalEnvironment
 0002:000013DC       FieldTypeNames
 0001:00008764       FileAge
 0001:0000875C       FileClose
 0001:000086A0       FileCreate
 0001:000086C4       FileCreate
 0001:000087CC       FileExists
 0002:000008B4       FileFormats
 0002:00000008       FileMode
 0001:00001BF4       FileNOPProc
 0001:00008648       FileOpen
 0001:000086CC       FileRead
 0002:000005C4       FilerSignature
 0001:00008724       FileSeek
 0001:00005E98       FileTimeToDosDateTime
 0001:00005EA0       FileTimeToLocalFileTime
 0001:000086F8       FileWrite
 0001:00000DC4       FillAfterGap
 0001:00000D70       FillBeforeGap
 0001:00000E5C       FillerSizeAfterGap
 0001:00000DEC       FillerSizeBeforeGap
 0001:00006520       FillRect
 0002:00000C80       FillStyles
 0001:0008481C       Finalization
 0001:00084B20       Finalization
 0001:00084D0C       Finalization
 0001:00052DCC       Finalization
 0001:0003EC0C       Finalization
 0001:000C360C       Finalization
 0001:00006BC4       Finalization
 0001:00032A1C       Finalization
 0001:00033870       Finalization
 0001:00059F5C       Finalization
 0001:0000E2F4       Finalization
 0001:000E18AC       Finalization
 0001:0005A0C4       Finalization
 0001:00084D7C       Finalization
 0001:000C4D54       Finalization
 0001:00084FE4       Finalization
 0001:000C83DC       Finalization
 0001:00052120       Finalization
 0001:00082618       Finalization
 0001:00005C38       Finalization
 0001:0005AD48       Finalization
 0001:00006F4C       Finalization
 0001:000C35B4       Finalization
 0001:0003CFA8       Finalization
 0001:0003CF50       Finalization
 0001:000C4DF8       Finalization
 0001:00005CF4       Finalization
 0001:00032EEC       Finalization
 0001:00085F38       Finalization
 0001:0003CEEC       Finalization
 0001:00032D40       Finalization
 0001:000C34E0       Finalization
 0001:000C83A4       Finalization
 0001:000CD294       Finalization
 0001:000317DC       Finalization
 0001:000830D0       Finalization
 0001:0003CE84       Finalization
 0001:00005A08       Finalization
 0001:0003CE34       Finalization
 0001:000307F4       Finalization
 0001:00018EC4       Finalization
 0001:0003CDD4       Finalization
 0001:000A4FC4       Finalization
 0001:000343B4       Finalization
 0001:000343EC       Finalization
 0001:00037040       Finalization
 0001:0002F4B0       Finalization
 0001:000345BC       Finalization
 0001:00034424       Finalization
 0001:0002FA3C       Finalization
 0001:0003445C       Finalization
 0001:00083098       Finalization
 0001:000B8FC8       Finalization
 0001:000B8CE4       Finalization
 0001:00006B8C       Finalization
 0001:00025AC4       Finalization
 0001:00034494       Finalization
 0001:000395D8       Finalization
 0001:0008B9D0       Finalization
 0001:000A0BB8       Finalization
 0001:000D8400       Finalization
 0001:00039544       Finalization
 0001:000E1874       Finalization
 0001:00034584       Finalization
 0001:00031854       Finalization
 0001:000D9F84       Finalization
 0001:00039484       Finalization
 0001:000B8864       Finalization
 0001:0008AA34       Finalization
 0001:0008AAAC       Finalization
 0001:00017078       Finalization
 0001:00083060       Finalization
 0001:0001729C       Finalization
 0001:0000ECD8       Finalization
 0001:000756D0       Finalization
 0001:000A8E48       Finalization
 0001:0003950C       Finalization
 0001:0002F738       Finalization
 0001:000A8D30       Finalization
 0001:000307B4       Finalization
 0001:000D81F0       Finalization
 0001:00034534       Finalization
 0001:000A8CC8       Finalization
 0001:000C830C       Finalization
 0001:000D9C6C       Finalization
 0001:0006F0AC       Finalization
 0001:000C9058       Finalization
 0001:00084480       Finalization
 0001:00084208       Finalization
 0001:000C820C       Finalization
 0001:00083108       Finalization
 0001:00025F10       Finalization
 0001:0006D4EC       Finalization
 0001:000C032C       Finalization
 0001:000C82D4       Finalization
 0001:000C829C       Finalization
 0001:0006C128       Finalization
 0001:00030034       Finalization
 0001:000834D0       Finalization
 0001:000BF6F4       Finalization
 0001:00018BA8       Finalization
 0001:000C02F4       Finalization
 0001:000338E0       Finalization
 0001:00004B04       FinalizeArray
 0001:000034C8       FinalizeUnits
 0001:00073DCC       Find
 0001:000225E8       FindAncestor
 0001:00004ED0       FindBS
 0001:0004FB84       FindButton
 0001:0001B3E4       FindClass
 0001:00004E58       FindClassHInstance
 0001:00005EA8       FindClose
 0001:00000368       FindClose
 0001:00000D40       FindCommitted
 0001:0005D644       FindControl
 0001:00069F80       FindControlAtPos
 0001:00016F50       FindCustomVariantType
 0001:00016E98       FindCustomVariantType
 0001:000D476C       FindDesigner
 0001:0005F064       FindDragTarget
 0001:000204B4       FindExistingComponent
 0001:00000370       FindFirstFile
 0001:00005EB0       FindFirstFile
 0001:00005EB8       FindFirstFileA
 0001:0007819C       FindGlobalComponent
 0001:0001B880       FindGlobalComponent
 0002:00003864       FindGlobalComponentProcs
 0001:00004E30       FindHInstance
 0001:0001B728       FindIdentToInt
 0001:0001B6AC       FindIntToIdent
 0002:00003A7C       FindMsg
 0002:00003D74       FindMsg
 0001:0001F644       FindNestedComponent
 0001:00070014       FindPopupControl
 0001:0000E9A0       FindProc
 0001:00005EC0       FindResource
 0001:00004EA8       FindResourceHInstance
 0001:00081E6C       FindScanline
 0001:000780F4       FindTopMostWindow
 0001:00021398       FindUniqueName
 0001:00015304       FindVarData
 0001:0005F030       FindVCLWindow
 0001:00006528       FindWindow
 0001:0005AB28       FindWinHelp
 0001:0002C778       FixupBitFields
 0001:000C9D34       FixupFileHeader
 0002:00001128       Flags
 0002:000037A0       FLanguages
 0002:00000DBC       FlatOnXp
 0001:00032D70       FlatSB
 0002:0000394C       FlatSB_EnableScrollBar
 0002:00003958       FlatSB_GetScrollInfo
 0002:0000395C       FlatSB_GetScrollPos
 0002:00003954       FlatSB_GetScrollRange
 0002:00003964       FlatSB_SetScrollInfo
 0002:00003960       FlatSB_SetScrollPos
 0001:00032A60       FlatSB_SetScrollProp
 0002:00003968       FlatSB_SetScrollRange
 0002:00003950       FlatSB_ShowScrollBar
 0002:00000DB4       FlatStyles
 0002:00002208       FldSubTypeMap
 0002:000021E0       FldTypeMap
 0001:000BB0F4       Flip
 0001:00009870       FloatToDecimal
 0001:00009BB0       FloatToStr
 0001:00009C10       FloatToStrF
 0001:000092A8       FloatToText
 0001:0000957C       FloatToTextFmt
 0001:00001EC0       Flush
 0001:000C0E84       FlushLine
 0002:00000180       FMSecsPerDay
 0001:0008AA70       FMTBcd
 0002:000012D0       FMTBcdVariantType
 0001:000091A4       FmtStr
 0002:00001144       FocusCount
 0002:00001140       FocusMessages
 0002:000007D0       FontCharsets
 0002:000038DC       FontManager
 0001:000C5684       FontToOleFont
 0002:00000940       ForceCurrentDirectory
 0001:00078170       ForegroundTask
 0002:00003E3C       Form1
 0002:00003E24       Form10
 0002:00003C4C       Form2
 0002:00003C5C       Form3
 0002:00003C64       Form4
 0002:00003C6C       Form5
 0002:00003C44       Form6
 0002:00003C74       Form7
 0002:00003E2C       Form8
 0002:00003E34       Form9
 0002:00000188       Format
 0001:00009190       Format
 0001:0008A96C       FormatBcd
 0001:00008D98       FormatBuf
 0001:00008D8C       FormatClearStr
 0001:00009CD8       FormatCurr
 0001:00008D10       FormatError
 0002:00000164       FormatErrorStrs
 0001:00009C80       FormatFloat
 0001:000C1224       FormatFromCaption
 0001:000C12E8       FormatFromStringList
 0001:0008302C       FormatMaskText
 0001:00005EC8       FormatMessage
 0001:0008A5B4       FormatOneBcd
 0001:00008D68       FormatVarToStr
 0001:00082674       Forms
 0001:000025FC       FPower10
 0002:0000090C       FPrinter
 0002:00003DD0       FQRPrinter
 0001:000892DC       FractionToStr
 0001:000382CC       Frame3D
 0001:00006530       FrameRect
 0001:0000DED4       FreeAndNil
 0001:000B1DFC       FreeBuffer
 0001:00000AAC       FreeCommitted
 0001:00000FCC       FreeCurAlloc
 0001:0005F124       FreeDeviceContext
 0001:0005F1E0       FreeDeviceContexts
 0001:00025890       FreeIntConstList
 0001:00000378       FreeLibrary
 0001:00005ED0       FreeLibrary
 0001:000C5ACC       FreeList
 0001:0002C2D4       FreeMemoryContexts
 0001:00078230       FreeObjectInstance
 0001:000259C4       FreeObjectInstance
 0001:00005EF0       FreeResource
 0001:0000072C       FreeSpace
 0001:000AB990       FreeStatementLocale
 0001:0000D900       FreeTerminateProcs
 0001:00032F24       FreeThemeLibrary
 0001:000ABC58       FreeTimer
 0002:00003B1C       FRichEditModule
 0001:000CBAB4       GBin
 0001:000CBA74       GCopies
 0001:0000D9D0       GDAL
 0001:0002916C       GDICheck
 0001:000290C4       GDIError
 0001:000CBB08       GDuplex
 0001:00001A94       Get8087CW
 0001:00005EF8       GetACP
 0001:00006538       GetActiveWindow
 0001:0007FAF8       GetAnimation
 0001:000361A8       GetAveCharSize
 0001:0003A294       GetBitBtnGlyph
 0001:000061F0       GetBitmapBits
 0001:000004AC       GetBlockDesc
 0001:000061F8       GetBrushOrgEx
 0001:00006540       GetCapture
 0001:0005D960       GetCaptureControl
 0001:0001B390       GetClass
 0001:00006548       GetClassInfo
 0001:00006550       GetClassName
 0001:00006558       GetClientRect
 0001:00006560       GetClipboardData
 0001:0002AB04       GetClipboardFormats
 0001:00006200       GetClipBox
 0001:00000448       GetCmdShow
 0001:0006D744       GetColor
 0001:00044474       GetComCtlVersion
 0001:00000380       GetCommandLine
 0001:000008F8       GetCommitted
 0001:00000988       GetCommittedAt
 0001:000239A0       GetComponentValue
 0001:00064920       GetControlAtPos
 0001:0000A478       GetCount
 0001:00005F00       GetCPInfo
 0001:00005F08       GetCurrentDirectoryA
 0001:00006208       GetCurrentPositionEx
 0001:00005F10       GetCurrentProcessId
 0002:00003A30       GetCurrentThemeName
 0001:00000438       GetCurrentThreadId
 0001:00005F18       GetCurrentThreadId
 0001:00006940       GetCurrentTime
 0001:00006568       GetCursor
 0001:00081E7C       GetCursorHeightMargin
 0001:00006570       GetCursorPos
 0001:0000A4A4       GetDate
 0001:00005F20       GetDateFormat
 0001:0000B15C       GetDateOrder
 0001:00006578       GetDC
 0001:00006580       GetDCEx
 0001:00006210       GetDCOrgEx
 0001:000B352C       GetDefaultExpression
 0001:0002F0C0       GetDefFontCharSet
 0001:0001CAF0       GetDesigner
 0001:00006588       GetDesktopWindow
 0001:00006228       GetDeviceCaps
 0001:0002A0CC       GetDIB
 0001:00006218       GetDIBColorTable
 0001:00006220       GetDIBits
 0001:0002A014       GetDIBSizes
 0001:000292DC       GetDInColors
 0001:00005F28       GetDiskFreeSpaceA
 0002:00000134       GetDiskFreeSpaceEx
 0001:00006590       GetDlgItem
 0001:0006B238       GetDockAlign
 0001:0005E308       GetDockSiteAtPos
 0001:0005E634       GetDropCtl
 0001:00002C7C       GetDynaMethod
 0001:00006230       GetEnhMetaFileBits
 0001:00006238       GetEnhMetaFileDescription
 0001:00006240       GetEnhMetaFileHeader
 0001:00006248       GetEnhMetaFilePaletteEntries
 0001:00017B88       GetEnumName
 0001:00017C60       GetEnumNameValue
 0001:00017F0C       GetEnumProp
 0001:00017CAC       GetEnumValue
 0001:0000BC3C       GetEraNamesAndYearOffsets
 0001:0000B1F0       GetEraYearOffset
 0001:00018EB0       GetErrorInfo
 0001:000AC2F0       GetErrorString
 0001:0000C5E4       GetExceptionClass
 0001:0000C7C8       GetExceptionObject
 0001:0001B318       GetFieldClassTable
 0001:000B338C       GetFieldConstraint
 0001:000A1B94       GetFieldInfo
 0001:000AB5A8       GetFieldSource
 0001:0002AAE4       GetFileFormats
 0001:000C9D2C       GetFileHeaderSize
 0001:00000308       GetFileSize
 0001:00000300       GetFileType
 0001:0000CA38       GetFileVersion
 0001:000060F8       GetFileVersionInfo
 0001:00006100       GetFileVersionInfoSize
 0001:00018634       GetFloatProp
 0001:00006598       GetFocus
 0001:000C3AF4       GetFontAccess
 0001:00027AD0       GetFontData
 0001:000065A0       GetForegroundWindow
 0001:0008A8A8       GetFormat
 0001:0000D384       GetFormatSettings
 0001:00005F30       GetFullPathName
 0001:0002703C       GetHashCode
 0001:000AEE7C       GetHashCode
 0001:0007D028       GetHelpInfo
 0001:00030C74       GetHelpSystem
 0001:0007F8DC       GetHint
 0001:0007F914       GetHintControl
 0001:00075570       GetHotkey
 0001:000065A8       GetIconInfo
 0001:0008B514       GetIDsOfNames
 0001:000B6E18       GetIdx
 0001:0004D534       GetImageBitmap
 0001:000A17F8       GetIndexForOrderBy
 0001:00018A50       GetInt64Prop
 0001:00018AB4       GetInterfaceProp
 0001:000AC084       GetIntProp
 0001:000065C0       GetKeyboardLayout
 0001:000065C8       GetKeyboardLayoutList
 0001:000065D0       GetKeyboardState
 0001:000028E8       GetKeyboardType
 0001:000065B0       GetKeyNameText
 0001:000065B8       GetKeyState
 0001:000065D8       GetLastActivePopup
 0001:00069500       GetLastChildZone
 0001:00005F38       GetLastError
 0001:00000388       GetLastError
 0001:00047220       GetLength
 0001:0000BA00       GetLocaleChar
 0001:00005F48       GetLocaleInfo
 0001:00000390       GetLocaleInfo
 0001:0000B9B4       GetLocaleStr
 0001:00005F40       GetLocalTime
 0001:0005D8C8       GetLongHint
 0001:000182DC       GetLongStrProp
 0001:000065E0       GetMenu
 0001:0007CFB0       GetMenuHelpContext
 0001:000065E8       GetMenuItemCount
 0001:000065F0       GetMenuItemID
 0001:000065F8       GetMenuItemInfo
 0001:00072618       GetMenuSize
 0001:00006600       GetMenuState
 0001:00006608       GetMenuString
 0001:00006610       GetMessagePos
 0001:00006618       GetMessageTime
 0001:000189D8       GetMethodProp
 0001:00005F50       GetModuleFileName
 0001:00000398       GetModuleFileName
 0001:00005F58       GetModuleHandle
 0001:000003A0       GetModuleHandle
 0001:00005B30       GetModuleHandle
 0001:00005F60       GetModuleHandleA
 0002:00003914       GetMonitorInfo
 0002:00003918       GetMonitorInfoA
 0002:0000391C       GetMonitorInfoW
 0001:0000BA64       GetMonthDayNames
 0001:00006620       GetNextWindow
 0001:00006250       GetObject
 0002:00003CE8       GetObjectContextProc
 0001:000C3B94       GetOleFont
 0001:000C3C4C       GetOlePicture
 0001:0003456C       GetOpenFileName
 0001:00017E3C       GetOrdProp
 0001:00006258       GetPaletteEntries
 0001:000AB7A8       GetParamData
 0001:000AB708       GetParamDataSize
 0001:00006628       GetParent
 0001:00078384       GetParentForm
 0001:000A1A24       GetPChar
 0001:000B3374       GetPChar
 0001:000AB438       GetPChar
 0001:000C3B44       GetPictureAccess
 0001:00006260       GetPixel
 0001:00035DD4       GetPrinter
 0001:00031844       GetPrinterDriver
 0001:00005F68       GetProcAddress
 0001:000003A8       GetProcAddress
 0001:00005F70       GetProfileString
 0001:00006630       GetProp
 0001:00017D10       GetPropInfo
 0001:00017D80       GetPropInfo
 0001:00017528       GetPropInfo
 0001:00017508       GetPropInfo
 0001:00017DB8       GetPropInfos
 0001:00017548       GetPropValue
 0001:00078844       GetRealScrollPosition
 0001:0006D724       GetRGBColor
 0001:00006268       GetRgnBox
 0001:00034574       GetSaveFileName
 0001:00006638       GetScrollInfo
 0001:00006640       GetScrollPos
 0001:00006648       GetScrollRange
 0001:00017F80       GetSetProp
 0001:0005D884       GetShortHint
 0001:000181D4       GetShortStrProp
 0001:0001826C       GetShortStrPropAsLongStr
 0001:00000650       GetSpace
 0001:000006B4       GetSpaceAt
 0001:000700A4       GetSpecialName
 0001:000A0EDC       GetSQLToken
 0001:000003B0       GetStartupInfo
 0001:000AEFCC       GetStatementHandle
 0001:000AB94C       GetStatementLocale
 0001:00005F78       GetStdHandle
 0001:00000310       GetStdHandle
 0001:000AEEE8       GetStmtInfo
 0001:00006270       GetStockObject
 0001:00005F80       GetStringTypeEx
 0001:0001840C       GetStrProp
 0001:00006650       GetSubMenu
[...]
   795 0001:000DC89C   796 0001:000DC8AC   797 0001:000DC8B7   798 0001:000DC8C9
   799 0001:000DC8CD   801 0001:000DC8D8   802 0001:000DC8EC   803 0001:000DC8F7
   804 0001:000DC908   805 0001:000DC925   806 0001:000DC958   807 0001:000DC95C
   809 0001:000DC967   810 0001:000DC972   811 0001:000DC983   812 0001:000DC9A2
   813 0001:000DC9D5   814 0001:000DC9D9   816 0001:000DC9E4   817 0001:000DC9EF
   818 0001:000DCA00   819 0001:000DCA1F   820 0001:000DCA52   821 0001:000DCA56
   823 0001:000DCA61   824 0001:000DCA6C   825 0001:000DCA7D   826 0001:000DCA9C
   827 0001:000DCACF   828 0001:000DCAD3   830 0001:000DCADE   831 0001:000DCAE9
   832 0001:000DCAFA   833 0001:000DCB19   834 0001:000DCB4C   835 0001:000DCB50
   839 0001:000DCB5B   841 0001:000DCB6F   842 0001:000DCB82   843 0001:000DCB83
   845 0001:000DCB87   846 0001:000DCB95   847 0001:000DCBA4   848 0001:000DCBAF
   849 0001:000DCBC1   850 0001:000DCBE2   851 0001:000DCBED   852 0001:000DCBF8
   853 0001:000DCC14   854 0001:000DCC35   855 0001:000DCC40   856 0001:000DCC4B
   857 0001:000DCC5D   858 0001:000DCC7E   859 0001:000DCC89   861 0001:000DCC94
   863 0001:000DCCA7   864 0001:000DCCBB   865 0001:000DCCC3   866 0001:000DCCCE
   868 0001:000DCCE0   869 0001:000DCCF6   871 0001:000DCD08   872 0001:000DCD38
   873 0001:000DCD43   875 0001:000DCD76   876 0001:000DCD87   877 0001:000DCDA3
   879 0001:000DCDAE   880 0001:000DCDC4   881 0001:000DCDCE   884 0001:000DCDD9
   885 0001:000DCDE9   886 0001:000DCDED   890 0001:000DCDF8   891 0001:000DCE12
   892 0001:000DCE1C   895 0001:000DCE20   896 0001:000DCE24   897 0001:000DCE2F
   899 0001:000DCE4D   901 0001:000DCE61   903 0001:000DCE70   904 0001:000DCE8A
   907 0001:000DCE94   908 0001:000DCEC0   909 0001:000DCECA   912 0001:000DCECE
   914 0001:000DCEF6   915 0001:000DCF00   782 0001:000DCF07   917 0001:000DCF21
   918 0001:000DCF2B   920 0001:000DCF80   926 0001:000DD078   927 0001:000DD0C8
   928 0001:000DD0CA   929 0001:000DD0DA   930 0001:000DD0E8   931 0001:000DD0F8
   932 0001:000DD116   935 0001:000DD130   936 0001:000DD14E   940 0001:000DD16A
   941 0001:000DD1A4   942 0001:000DD1AE   945 0001:000DD1B9   946 0001:000DD1CB
   948 0001:000DD1E8   949 0001:000DD205   951 0001:000DD221   952 0001:000DD257
   954 0001:000DD258   955 0001:000DD25A   945 0001:000DD25B   934 0001:000DD264
   960 0001:000DD27E   961 0001:000DD288   964 0001:000DD298   965 0001:000DD29C
   966 0001:000DD2EB   967 0001:000DD2EF   968 0001:000DD328   977 0001:000DD3CC
   980 0001:000DD406   982 0001:000DD40A   984 0001:000DD424   986 0001:000DD447
   988 0001:000DD44B   990 0001:000DD46A   992 0001:000DD489   993 0001:000DD497
   994 0001:000DD4B6   995 0001:000DD4D5   996 0001:000DD4F4   997 0001:000DD513
   998 0001:000DD532   999 0001:000DD551  1000 0001:000DD570  1001 0001:000DD58F
  1002 0001:000DD5B3  1003 0001:000DD5D7  1004 0001:000DD5E8  1006 0001:000DD60B
  1007 0001:000DD61A  1008 0001:000DD64D  1009 0001:000DD65B  1010 0001:000DD683
  1011 0001:000DD6A2  1012 0001:000DD6C1  1013 0001:000DD6E0  1014 0001:000DD6EF
  1015 0001:000DD720  1014 0001:000DD755  1016 0001:000DD75A  1017 0001:000DD764
  1007 0001:000DD767  1020 0001:000DD770  1024 0001:000DD77E  1026 0001:000DD78D
  1028 0001:000DD795  1030 0001:000DD7A0  1031 0001:000DD7A8  1032 0001:000DD7B0
  1033 0001:000DD7C7  1034 0001:000DD7D4  1038 0001:000DD7E5  1039 0001:000DD7F5
  1040 0001:000DD802  1042 0001:000DD80C  1046 0001:000DD834  1049 0001:000DD853
  1051 0001:000DD864  1053 0001:000DD887  1055 0001:000DD892  1057 0001:000DD8AE
  1058 0001:000DD8C6  1060 0001:000DD8D0  1063 0001:000DD8DD  1065 0001:000DD8EE
  1067 0001:000DD8FF  1069 0001:000DD939  1070 0001:000DD949  1072 0001:000DD953
  1075 0001:000DD960  1078 0001:000DD962  1032 0001:000DD963  1080 0001:000DD96C
  1081 0001:000DD97B  1082 0001:000DD984  1083 0001:000DD98E  1084 0001:000DD997
  1085 0001:000DD9A0  1086 0001:000DD9A9  1087 0001:000DD9B5  1088 0001:000DD9BE
  1090 0001:000DD9C7  1091 0001:000DD9D9  1092 0001:000DD9F3  1093 0001:000DDA01
  1094 0001:000DDA1B  1095 0001:000DDA2C  1096 0001:000DDA3D  1097 0001:000DDA4E
  1098 0001:000DDA5D  1099 0001:000DDA80  1098 0001:000DDAA7  1100 0001:000DDAAC
  1101 0001:000DDAB9  1091 0001:000DDABC  1104 0001:000DDAC5  1106 0001:000DDACB
  1107 0001:000DDADD  1108 0001:000DDAED  1109 0001:000DDAFB  1110 0001:000DDB09
  1111 0001:000DDB1D  1112 0001:000DDB27  1114 0001:000DDB35  1115 0001:000DDB38
  1117 0001:000DDB42  1118 0001:000DDB73  1119 0001:000DDB7B  1120 0001:000DDB83
  1122 0001:000DDB8A  1124 0001:000DDB8C   982 0001:000DDB8F  1125 0001:000DDB96
  1128 0001:000DDBA0  1130 0001:000DDBBA  1132 0001:000DDBDD  1133 0001:000DDC0D
  1135 0001:000DDC33  1137 0001:000DDC48  1139 0001:000DDC74  1140 0001:000DDCA5
  1142 0001:000DDCC8  1145 0001:000DDCEE  1147 0001:000DDD00  1148 0001:000DDD24
  1150 0001:000DDD26  1132 0001:000DDD27  1151 0001:000DDD30  1128 0001:000DDD33
  1152 0001:000DDD3A  1153 0001:000DDD92  1158 0001:000DDE34  1159 0001:000DDE82
  1160 0001:000DDE8C  1161 0001:000DDE9A  1163 0001:000DDEAA  1165 0001:000DDF02
  1166 0001:000DDF1F  1167 0001:000DDF4A  1166 0001:000DDF8F  1167 0001:000DDF92
  1165 0001:000DDF95  1168 0001:000DDF9A  1170 0001:000DDFAA  1171 0001:000DDFC4
  1174 0001:000DE033  1176 0001:000DE06A  1179 0001:000DE0B0  1181 0001:000DE0B6
  1182 0001:000DE0C4  1185 0001:000DE0C8  1187 0001:000DE0CE  1188 0001:000DE0DC
  1200 0001:000DE0E0  1202 0001:000DE0E6  1203 0001:000DE0F4  1207 0001:000DE0F8
  1209 0001:000DE0FE  1210 0001:000DE10C  1213 0001:000DE110  1215 0001:000DE116
  1216 0001:000DE124  1219 0001:000DE128  1221 0001:000DE12E  1222 0001:000DE13C
  1228 0001:000DE140  1229 0001:000DE165  1230 0001:000DE17A  1231 0001:000DE1AB
  1232 0001:000DE1CE  1233 0001:000DE1DF  1234 0001:000DE1FA  1235 0001:000DE214
  1236 0001:000DE234  1238 0001:000DE257  1239 0001:000DE26C  1240 0001:000DE276
  1241 0001:000DE281  1242 0001:000DE296  1243 0001:000DE2B2  1244 0001:000DE2C3
  1245 0001:000DE2F6  1246 0001:000DE32E  1247 0001:000DE34E  1248 0001:000DE35E
  1249 0001:000DE37E  1251 0001:000DE3A6  1252 0001:000DE3B0  1253 0001:000DE3F2
  1254 0001:000DE412  1255 0001:000DE422  1256 0001:000DE442  1258 0001:000DE46A
  1259 0001:000DE4B7  1260 0001:000DE4D2  1261 0001:000DE4FD  1262 0001:000DE51D
  1263 0001:000DE52D  1264 0001:000DE54D  1267 0001:000DE570  1268 0001:000DE585
  1269 0001:000DE59A  1270 0001:000DE5CD  1271 0001:000DE5D8  1272 0001:000DE5FD
  1273 0001:000DE615  1274 0001:000DE635  1275 0001:000DE658  1277 0001:000DE65A
  1230 0001:000DE65D  1278 0001:000DE666  1279 0001:000DE681  1229 0001:000DE682
  1280 0001:000DE6BA  1298 0001:000DE764  1299 0001:000DE76F  1300 0001:000DE777
  1301 0001:000DE786  1302 0001:000DE794  1303 0001:000DE7A2  1304 0001:000DE7B1
  1305 0001:000DE7C0  1306 0001:000DE7CF  1307 0001:000DE7DE  1308 0001:000DE7ED
  1309 0001:000DE7F7  1301 0001:000DE7F8  1310 0001:000DE7FF  1311 0001:000DE807
  1318 0001:000DE810  1319 0001:000DE81E  1320 0001:000DE826  1321 0001:000DE83B
  1322 0001:000DE849  1323 0001:000DE857  1324 0001:000DE866  1325 0001:000DE875
  1326 0001:000DE884  1327 0001:000DE893  1328 0001:000DE8A2  1329 0001:000DE8AC
  1321 0001:000DE8AD  1331 0001:000DE8B2  1334 0001:000DE8BC  1337 0001:000DE8E9
  1339 0001:000DE906  1341 0001:000DE915  1342 0001:000DE92E  1343 0001:000DE93C
  1344 0001:000DE950  1345 0001:000DE964  1346 0001:000DE96E  1341 0001:000DE971
  1348 0001:000DE976  1350 0001:000DE983  1352 0001:000DE990  1355 0001:000DE99F
  1358 0001:000DE9CC  1362 0001:000DE9D1  1364 0001:000DE9D4  1366 0001:000DE9D8
  1368 0001:000DE9E7  1372 0001:000DE9FA  1375 0001:000DEA3A  1377 0001:000DEA3E
  1379 0001:000DEA4F  1381 0001:000DEA5B  1383 0001:000DEA65  1386 0001:000DEA74
  1388 0001:000DEA78  1390 0001:000DEA85  1392 0001:000DEA99  1394 0001:000DEAAE
  1396 0001:000DEAB2  1397 0001:000DEAC0  1398 0001:000DEACF  1399 0001:000DEADE
  1400 0001:000DEAE4  1401 0001:000DEAEA  1403 0001:000DEAFB  1405 0001:000DEB05
  1407 0001:000DEB0E  1388 0001:000DEB0F  1409 0001:000DEB18  1411 0001:000DEB22
  1413 0001:000DEB30  1414 0001:000DEB36  1416 0001:000DEB47  1417 0001:000DEB58
  1419 0001:000DEB65  1420 0001:000DEB76  1422 0001:000DEB84  1426 0001:000DEB8E
  1368 0001:000DEB91  1428 0001:000DEB9B  1430 0001:000DEBA8  1432 0001:000DEBB5
  1433 0001:000DEBC6  1434 0001:000DEBE2  1437 0001:000DEBEF  1438 0001:000DEBFF
  1439 0001:000DEC0C  1432 0001:000DEC0D  1441 0001:000DEC12  1442 0001:000DEC1A
  1443 0001:000DEC26  1444 0001:000DEC3B  1446 0001:000DEC50  1447 0001:000DEC5C
  1448 0001:000DEC6E  1449 0001:000DEC80  1446 0001:000DEC81  1450 0001:000DEC86
  1454 0001:000DEC8E  1455 0001:000DECA3  1456 0001:000DECAD  1459 0001:000DECBD
  1461 0001:000DECD0  1463 0001:000DECDD  1464 0001:000DECF5  1466 0001:000DECFC
  1468 0001:000DED11  1470 0001:000DED15  1472 0001:000DED44  1473 0001:000DED4A
  1474 0001:000DED6A  1476 0001:000DED86  1466 0001:000DED87  1478 0001:000DED8C
  1479 0001:000DED9D  1481 0001:000DEDB1  1483 0001:000DEDC6  1485 0001:000DEDD3
  1486 0001:000DEDD5  1479 0001:000DEDD6  1486 0001:000DEDD9  1478 0001:000DEDDA
  1500 0001:000DEDDF  1502 0001:000DEDF9  1503 0001:000DEE13  1505 0001:000DEE43
  1506 0001:000DEE71  1511 0001:000DEF08  1512 0001:000DEF32  1514 0001:000DEF5C
  1519 0001:000DF012  1521 0001:000DF042  1522 0001:000DF07D  1523 0001:000DF0A3
  1524 0001:000DF0B5  1526 0001:000DF0C0  1528 0001:000DF0E6  1530 0001:000DF10F
  1532 0001:000DF132  1535 0001:000DF158  1519 0001:000DF159  1537 0001:000DF162
  1502 0001:000DF165  1538 0001:000DF16C  1500 0001:000DF16F  1542 0001:000DF178
  1543 0001:000DF183  1544 0001:000DF188  1545 0001:000DF190  1546 0001:000DF198
  1548 0001:000DF1A0  1549 0001:000DF1A3  1550 0001:000DF1B1  1551 0001:000DF1CB
  1552 0001:000DF1DE  1553 0001:000DF1EC  1554 0001:000DF1FD  1555 0001:000DF20E
  1556 0001:000DF21F  1557 0001:000DF230  1558 0001:000DF241  1560 0001:000DF24A
  1550 0001:000DF24D  1561 0001:000DF256  1562 0001:000DF262  1563 0001:000DF272
  1564 0001:000DF289  1565 0001:000DF2A3  1566 0001:000DF2B9  1568 0001:000DF310
  1563 0001:000DF313  1569 0001:000DF31C  1570 0001:000DF32F  1571 0001:000DF342
  1572 0001:000DF352  1573 0001:000DF383  1577 0001:000DF45C  1578 0001:000DF475
  1579 0001:000DF47C  1581 0001:000DF485  1582 0001:000DF48D  1583 0001:000DF4A2
  1584 0001:000DF51A  1582 0001:000DF51B  1585 0001:000DF520  1586 0001:000DF538
  1588 0001:000DF5CB  1590 0001:000DF5E4  1593 0001:000DF5F4  1594 0001:000DF5FC
  1596 0001:000DF64C  1602 0001:000DF848  1603 0001:000DF881  1604 0001:000DF88B
  1605 0001:000DF899  1607 0001:000DF8A9  1609 0001:000DF8F6  1610 0001:000DF922
  1609 0001:000DF968  1611 0001:000DF96B  1613 0001:000DF97B  1615 0001:000DF9B2
  1625 0001:000DF9D8  1626 0001:000DFA1A  1627 0001:000DFA24  1628 0001:000DFA32
  1629 0001:000DFA3C  1630 0001:000DFA4C  1631 0001:000DFA6A  1637 0001:000DFA93
  1638 0001:000DFAB1  1639 0001:000DFAD5  1646 0001:000DFADE  1647 0001:000DFAEE
  1648 0001:000DFAFC  1649 0001:000DFB00  1650 0001:000DFB0F  1651 0001:000DFB1A
  1652 0001:000DFB1C  1653 0001:000DFB2E  1654 0001:000DFB38  1655 0001:000DFB41
  1656 0001:000DFB4C  1658 0001:000DFB50  1659 0001:000DFB60  1660 0001:000DFB6B
  1661 0001:000DFB7D  1662 0001:000DFB81  1664 0001:000DFB8C  1665 0001:000DFBA0
  1666 0001:000DFBAB  1667 0001:000DFBBC  1668 0001:000DFBD9  1669 0001:000DFC0C
  1670 0001:000DFC10  1672 0001:000DFC1B  1673 0001:000DFC26  1674 0001:000DFC37
  1675 0001:000DFC56  1676 0001:000DFC89  1677 0001:000DFC8D  1679 0001:000DFC98
  1680 0001:000DFCA3  1681 0001:000DFCB4  1682 0001:000DFCD3  1683 0001:000DFD06
  1684 0001:000DFD0A  1686 0001:000DFD15  1687 0001:000DFD20  1688 0001:000DFD31
  1689 0001:000DFD50  1690 0001:000DFD83  1691 0001:000DFD87  1693 0001:000DFD92
  1694 0001:000DFD9D  1695 0001:000DFDAE  1696 0001:000DFDCD  1697 0001:000DFE00
  1698 0001:000DFE04  1702 0001:000DFE0F  1704 0001:000DFE23  1705 0001:000DFE36
  1706 0001:000DFE37  1708 0001:000DFE3B  1709 0001:000DFE49  1710 0001:000DFE58
  1711 0001:000DFE63  1712 0001:000DFE75  1713 0001:000DFE96  1714 0001:000DFEA1
  1715 0001:000DFEAC  1716 0001:000DFEC8  1717 0001:000DFEE9  1718 0001:000DFEF4
  1719 0001:000DFEFF  1720 0001:000DFF11  1721 0001:000DFF32  1722 0001:000DFF3D
  1724 0001:000DFF48  1726 0001:000DFF5B  1727 0001:000DFF6F  1728 0001:000DFF77
  1729 0001:000DFF82  1731 0001:000DFF94  1732 0001:000DFFAA  1734 0001:000DFFBC
  1735 0001:000DFFEC  1736 0001:000DFFF7  1738 0001:000E002A  1739 0001:000E003B
  1740 0001:000E0057  1742 0001:000E0062  1743 0001:000E0078  1744 0001:000E0082
  1747 0001:000E008D  1748 0001:000E009D  1749 0001:000E00A1  1753 0001:000E00AC
  1754 0001:000E00C6  1755 0001:000E00D0  1758 0001:000E00D4  1759 0001:000E00D8
  1760 0001:000E00E3  1762 0001:000E0101  1764 0001:000E0115  1766 0001:000E0124
  1767 0001:000E013E  1770 0001:000E0148  1771 0001:000E0174  1772 0001:000E017E
  1775 0001:000E0182  1777 0001:000E01AA  1778 0001:000E01B7  1779 0001:000E01BD
  1780 0001:000E01DD  1781 0001:000E01FE  1783 0001:000E0214  1784 0001:000E021E
  1785 0001:000E023F  1786 0001:000E0255  1787 0001:000E025B  1788 0001:000E0278
  1789 0001:000E029A  1792 0001:000E02A1  1643 0001:000E02AE  1795 0001:000E02C8
  1796 0001:000E02D2  1798 0001:000E0317  1808 0001:000E041C  1809 0001:000E0441
  1810 0001:000E0452  1811 0001:000E0467  1812 0001:000E047E  1813 0001:000E0494
  1814 0001:000E04C0  1815 0001:000E04ED  1816 0001:000E051A  1817 0001:000E0554
  1818 0001:000E0576  1819 0001:000E0598  1820 0001:000E05B5  1821 0001:000E05E2
  1811 0001:000E05E3  1822 0001:000E060E  1826 0001:000E061C  1827 0001:000E061E
  1828 0001:000E062B  1829 0001:000E063B  1830 0001:000E0642  1831 0001:000E064C
  1832 0001:000E0661  1833 0001:000E0678  1834 0001:000E068D  1835 0001:000E06A4
  1830 0001:000E06A5  1836 0001:000E06A8  1837 0001:000E06B5  1839 0001:000E06C2
  1841 0001:000E06CC  1842 0001:000E06D8  1846 0001:000E06DC  1847 0001:000E06E3
  1850 0001:000E06E4  1851 0001:000E06FD  1852 0001:000E070C  1854 0001:000E072E
  1855 0001:000E073B  1856 0001:000E074B  1857 0001:000E0764  1858 0001:000E076B
  1859 0001:000E077D  1860 0001:000E078A  1861 0001:000E0797  1862 0001:000E07A4
  1863 0001:000E07B1  1864 0001:000E07BE  1865 0001:000E07CB  1867 0001:000E07D8
  1871 0001:000E07E7  1872 0001:000E07F7  1874 0001:000E0829  1878 0001:000E083C
  1879 0001:000E0843  1883 0001:000E0844  1884 0001:000E0850  1888 0001:000E0854
  1889 0001:000E0860  1892 0001:000E0864  1893 0001:000E087A  1895 0001:000E089D
  1896 0001:000E08BC  1897 0001:000E08C8  1899 0001:000E08EC  1902 0001:000E0924
  1903 0001:000E0927  1904 0001:000E0931  1905 0001:000E093E  1906 0001:000E094B
  1907 0001:000E0958  1908 0001:000E095F  1911 0001:000E0964  1912 0001:000E097A
  1913 0001:000E09C1  1919 0001:000E09C8  1920 0001:000E09EF  1921 0001:000E0A15
  1922 0001:000E0A4B  1923 0001:000E0A56  1924 0001:000E0A65  1925 0001:000E0A85
  1926 0001:000E0AA5  1927 0001:000E0AC7  1928 0001:000E0AD6  1929 0001:000E0ADC
  1930 0001:000E0AE4  1931 0001:000E0B0A  1932 0001:000E0B3C  1933 0001:000E0B48
  1934 0001:000E0B52  1935 0001:000E0B5D  1924 0001:000E0B5E  1936 0001:000E0B67
  1937 0001:000E0B91  1939 0001:000E0BC8  1943 0001:000E0C04  1944 0001:000E0C0B
  1947 0001:000E0C0C  1948 0001:000E0C0F  1949 0001:000E0C1B  1950 0001:000E0C22
  1954 0001:000E0C24  1955 0001:000E0C2E  1963 0001:000E0C30  1964 0001:000E0C51
  1965 0001:000E0C61  1966 0001:000E0C73  1968 0001:000E0C88  1969 0001:000E0CA6
  1970 0001:000E0CAA  1971 0001:000E0CC5  1970 0001:000E0CEC  1972 0001:000E0CEF
  1973 0001:000E0CF5  1974 0001:000E0D08  1975 0001:000E0D12  1967 0001:000E0D1C
  1978 0001:000E0D34  1981 0001:000E0D61  1987 0001:000E0D80  1988 0001:000E0DA1
  1989 0001:000E0DB4  1990 0001:000E0DCA  1991 0001:000E0DD8  1992 0001:000E0DF2
  1993 0001:000E0E14  1992 0001:000E0E3F  1994 0001:000E0E44  1995 0001:000E0E50
  1996 0001:000E0E57  1998 0001:000E0E8C  2002 0001:000E0EAC  2003 0001:000E0EBB
  2009 0001:000E0EBC  2010 0001:000E0EBE  2011 0001:000E0ECB  2012 0001:000E0EDB
  2013 0001:000E0EE2  2014 0001:000E0EEC  2015 0001:000E0F01  2016 0001:000E0F18
  2017 0001:000E0F2D  2018 0001:000E0F44  2013 0001:000E0F45  2019 0001:000E0F48
  2020 0001:000E0F55  2022 0001:000E0F62  2024 0001:000E0F6C  2027 0001:000E0F70
  2028 0001:000E0F73  2029 0001:000E0F82  2030 0001:000E0F89  2037 0001:000E0F8C
  2039 0001:000E0FAC  2040 0001:000E0FC3  2041 0001:000E0FD0  2042 0001:000E0FDF
  2043 0001:000E0FE5  2044 0001:000E0FE8  2045 0001:000E1004  2047 0001:000E100C
  2048 0001:000E1019  2049 0001:000E1041  2050 0001:000E105E  2051 0001:000E1082
  2052 0001:000E1088  2053 0001:000E10AC  2055 0001:000E10D6  2058 0001:000E10E0
  2059 0001:000E10F7  2060 0001:000E10FC  2061 0001:000E1120  2063 0001:000E114A
  2067 0001:000E1150  2068 0001:000E115F  2072 0001:000E1160  2076 0001:000E116A
  2081 0001:000E123C  2082 0001:000E1240  2084 0001:000E125B  2085 0001:000E1267
  2086 0001:000E1269  2087 0001:000E1290  2088 0001:000E129A  2089 0001:000E129C
  2090 0001:000E129E  2086 0001:000E129F  2091 0001:000E12A2  2093 0001:000E12B2
  2097 0001:000E12F0  2098 0001:000E12F2  2100 0001:000E130E  2101 0001:000E1318
  2100 0001:000E132D  2102 0001:000E1330  2104 0001:000E133A  2107 0001:000E1368
  2108 0001:000E136B  2109 0001:000E137A  2110 0001:000E1381  2114 0001:000E1384
  2115 0001:000E1386  2116 0001:000E13A2  2117 0001:000E13C4  2118 0001:000E13CE
  2122 0001:000E13F0  2123 0001:000E13F9  2127 0001:000E13FC  2128 0001:000E1408
  2132 0001:000E140C  2133 0001:000E1413  2137 0001:000E1414  2138 0001:000E1420
  2142 0001:000E1424  2143 0001:000E1430  2147 0001:000E1434  2148 0001:000E143D
  2152 0001:000E1440  2153 0001:000E145A  2154 0001:000E1473  2155 0001:000E147A
  2156 0001:000E147C  2157 0001:000E1486  2158 0001:000E149C  2156 0001:000E149D
  2159 0001:000E14A0  2161 0001:000E1509  2166 0001:000E1550  2167 0001:000E1577
  2169 0001:000E159F  2170 0001:000E15A4  2171 0001:000E15A8  2172 0001:000E15AC
  2174 0001:000E15BA  2177 0001:000E15CF  2179 0001:000E15EB  2180 0001:000E15F1
  2182 0001:000E1612  2183 0001:000E162C  2186 0001:000E1630  2187 0001:000E164D
  2172 0001:000E164E  2188 0001:000E1655  2191 0001:000E169A  2195 0001:000E1728
  2196 0001:000E1731  2200 0001:000E1734  2201 0001:000E173D  2205 0001:000E1740
  2206 0001:000E1745  2207 0001:000E1757  2208 0001:000E1772  2207 0001:000E178D
  2210 0001:000E1792  2211 0001:000E17AD  2210 0001:000E17C8  2213 0001:000E17CB
  2216 0001:000E17D0  2217 0001:000E17E9  2218 0001:000E1801  2219 0001:000E181C
  2220 0001:000E1828  2221 0001:000E1841  2224 0001:000E186D  2226 0001:000E18A4
  2226 0001:000E18AB

Line numbers for Optimizatore(D:\Optimizatore\newoptimizatore\Optimizatore.dpr) segment .text

    18 0001:000E1C14    19 0001:000E1C2B    20 0001:000E1C32    21 0001:000E1C45
    22 0001:000E1C58    23 0001:000E1C6B    24 0001:000E1C7E    25 0001:000E1C91
    26 0001:000E1CA4    27 0001:000E1CB7    28 0001:000E1CCA    29 0001:000E1CDD
    30 0001:000E1CF0    31 0001:000E1CF7

Bound resource files

c:\program files (x86)\borland\delphi7\Lib\Buttons.res
c:\program files (x86)\borland\delphi7\Lib\ExtDlgs.res
c:\program files (x86)\borland\delphi7\Lib\Controls.res
secnew.dfm
prosmotr.dfm
BTLheader.dfm
addlong.dfm
saveX.dfm
help.dfm
c:\program files (x86)\borland\delphi7\Lib\QRPrgres.DFM
c:\program files (x86)\borland\delphi7\Lib\QRLablEd.DFM
c:\program files (x86)\borland\delphi7\Lib\QRExprEd.DFM
c:\program files (x86)\borland\delphi7\Lib\QRAbout.DFM
c:\program files (x86)\borland\delphi7\Lib\QRCompEd.DFM
c:\program files (x86)\borland\delphi7\Lib\QREnvEd.DFM
c:\program files (x86)\borland\delphi7\Lib\QRExpBld.DFM
c:\program files (x86)\borland\delphi7\Lib\QRPrev.DFM
c:\program files (x86)\borland\delphi7\Lib\QUICKRPT.RES
temp.dfm
print.dfm
drillchange.dfm
main.dfm
Optimizatore.res
Optimizatore.drf


Program entry point at 0001:000E1C14
