
 Start         Length     Name                   Class
 0001:00000000 000E02D8H .text                   CODE
 0002:00000000 00002F88H .data                   DATA
 0002:00002F88 00000E51H .bss                    BSS


Detailed map of segments

 0001:00000000 00005B2F C=CODE     S=.text    G=(none)   M=System   ACBP=A9
 0001:00005B30 00000140 C=CODE     S=.text    G=(none)   M=SysInit  ACBP=A9
 0001:00005C70 000000BC C=CODE     S=.text    G=(none)   M=Types    ACBP=A9
 0001:00005D2C 00000E98 C=CODE     S=.text    G=(none)   M=Windows  ACBP=A9
 0001:00006BC4 00000038 C=CODE     S=.text    G=(none)   M=Messages ACBP=A9
 0001:00006BFC 00000388 C=CODE     S=.text    G=(none)   M=SysConst ACBP=A9
 0001:00006F84 00007570 C=CODE     S=.text    G=(none)   M=SysUtils ACBP=A9
 0001:0000E4F4 00000823 C=CODE     S=.text    G=(none)   M=VarUtils ACBP=A9
 0001:0000ED18 00008482 C=CODE     S=.text    G=(none)   M=Variants ACBP=A9
 0001:0001719C 00000138 C=CODE     S=.text    G=(none)   M=RTLConsts ACBP=A9
 0001:000172D4 0000192C C=CODE     S=.text    G=(none)   M=TypInfo  ACBP=A9
 0001:00018C00 000002FC C=CODE     S=.text    G=(none)   M=ActiveX  ACBP=A9
 0001:00018EFC 0000CCE2 C=CODE     S=.text    G=(none)   M=Classes  ACBP=A9
 0001:00025BE0 00000340 C=CODE     S=.text    G=(none)   M=Consts   ACBP=A9
 0001:00025F20 00009737 C=CODE     S=.text    G=(none)   M=Graphics ACBP=A9
 0001:0002F658 000000F0 C=CODE     S=.text    G=(none)   M=Math     ACBP=A9
 0001:0002F748 00000304 C=CODE     S=.text    G=(none)   M=Contnrs  ACBP=A9
 0001:0002FA4C 000005F8 C=CODE     S=.text    G=(none)   M=CommCtrl ACBP=A9
 0001:00030044 00000787 C=CODE     S=.text    G=(none)   M=MultiMon ACBP=A9
 0001:000307CC 00000038 C=CODE     S=.text    G=(none)   M=Imm      ACBP=A9
 0001:00030804 00000FF8 C=CODE     S=.text    G=(none)   M=HelpIntfs ACBP=A9
 0001:000317FC 00000068 C=CODE     S=.text    G=(none)   M=WinSpool ACBP=A9
 0001:00031864 000011D4 C=CODE     S=.text    G=(none)   M=Printers ACBP=A9
 0001:00032A38 0000031F C=CODE     S=.text    G=(none)   M=FlatSB   ACBP=A9
 0001:00032D58 000001A4 C=CODE     S=.text    G=(none)   M=SyncObjs ACBP=A9
 0001:00032EFC 000009BB C=CODE     S=.text    G=(none)   M=UxTheme  ACBP=A9
 0001:000338B8 00000038 C=CODE     S=.text    G=(none)   M=RichEdit ACBP=A9
 0001:000338F0 00000AD4 C=CODE     S=.text    G=(none)   M=ToolWin  ACBP=A9
 0001:000343C4 00000038 C=CODE     S=.text    G=(none)   M=ShellAPI ACBP=A9
 0001:000343FC 00000038 C=CODE     S=.text    G=(none)   M=RegStr   ACBP=A9
 0001:00034434 00000038 C=CODE     S=.text    G=(none)   M=WinInet  ACBP=A9
 0001:0003446C 00000038 C=CODE     S=.text    G=(none)   M=UrlMon   ACBP=A9
 0001:000344A4 000000A0 C=CODE     S=.text    G=(none)   M=ShlObj   ACBP=A9
 0001:00034544 00000050 C=CODE     S=.text    G=(none)   M=CommDlg  ACBP=A9
 0001:00034594 00000038 C=CODE     S=.text    G=(none)   M=Dlgs     ACBP=A9
 0001:000345CC 00002AE5 C=CODE     S=.text    G=(none)   M=Dialogs  ACBP=A9
 0001:000370B4 0000241E C=CODE     S=.text    G=(none)   M=ExtCtrls ACBP=A9
 0001:000394D4 00000048 C=CODE     S=.text    G=(none)   M=ComStrs  ACBP=A9
 0001:0003951C 00000094 C=CODE     S=.text    G=(none)   M=Clipbrd  ACBP=A9
 0001:000395B0 00000038 C=CODE     S=.text    G=(none)   M=StrUtils ACBP=A9
 0001:000395E8 00003821 C=CODE     S=.text    G=(none)   M=Buttons  ACBP=A9
 0001:0003CE0C 00000038 C=CODE     S=.text    G=(none)   M=ExtDlgs  ACBP=A9
 0001:0003CE44 00000068 C=CODE     S=.text    G=(none)   M=IniFiles ACBP=A9
 0001:0003CEAC 00000068 C=CODE     S=.text    G=(none)   M=Registry ACBP=A9
 0001:0003CF14 0000006C C=CODE     S=.text    G=(none)   M=Mapi     ACBP=A9
 0001:0003CF80 00000058 C=CODE     S=.text    G=(none)   M=ExtActns ACBP=A9
 0001:0003CFD8 00001C44 C=CODE     S=.text    G=(none)   M=ListActns ACBP=A9
 0001:0003EC1C 0001355C C=CODE     S=.text    G=(none)   M=ComCtrls ACBP=A9
 0001:00052178 00000C78 C=CODE     S=.text    G=(none)   M=Themes   ACBP=A9
 0001:00052DF0 00006554 C=CODE     S=.text    G=(none)   M=StdCtrls ACBP=A9
 0001:00059344 00000168 C=CODE     S=.text    G=(none)   M=StdActns ACBP=A9
 0001:000594AC 00000D1F C=CODE     S=.text    G=(none)   M=WinHelpViewer ACBP=A9
 0001:0005A1CC 00011403 C=CODE     S=.text    G=(none)   M=Controls ACBP=A9
 0001:0006B5D0 00001326 C=CODE     S=.text    G=(none)   M=ActnList ACBP=A9
 0001:0006C8F8 00001B9C C=CODE     S=.text    G=(none)   M=ImgList  ACBP=A9
 0001:0006E494 000066E1 C=CODE     S=.text    G=(none)   M=Menus    ACBP=A9
 0001:00074B78 0000CEF0 C=CODE     S=.text    G=(none)   M=Forms    ACBP=A9
 0001:00081A68 000009E0 C=CODE     S=.text    G=(none)   M=MaskUtils ACBP=A9
 0001:00082448 00000038 C=CODE     S=.text    G=(none)   M=Mask     ACBP=A9
 0001:00082480 00000038 C=CODE     S=.text    G=(none)   M=Grids    ACBP=A9
 0001:000824B8 00000038 C=CODE     S=.text    G=(none)   M=ValEdit  ACBP=A9
 0001:000824F0 000003C8 C=CODE     S=.text    G=(none)   M=secnew   ACBP=A9
 0001:000828B8 00000D38 C=CODE     S=.text    G=(none)   M=prosmotr ACBP=A9
 0001:000835F0 00000278 C=CODE     S=.text    G=(none)   M=BTLheader ACBP=A9
 0001:00083868 0000039C C=CODE     S=.text    G=(none)   M=addlong  ACBP=A9
 0001:00083C04 00000304 C=CODE     S=.text    G=(none)   M=saveX    ACBP=A9
 0001:00083F08 000001EC C=CODE     S=.text    G=(none)   M=help     ACBP=A9
 0001:000840F4 00000070 C=CODE     S=.text    G=(none)   M=DateUtils ACBP=A9
 0001:00084164 00000268 C=CODE     S=.text    G=(none)   M=DBConsts ACBP=A9
 0001:000843CC 00000F73 C=CODE     S=.text    G=(none)   M=SqlTimSt ACBP=A9
 0001:00085340 00004AFB C=CODE     S=.text    G=(none)   M=FMTBcd   ACBP=A9
 0001:00089E3C 00000058 C=CODE     S=.text    G=(none)   M=ComConst ACBP=A9
 0001:00089E94 00000FC1 C=CODE     S=.text    G=(none)   M=ComObj   ACBP=A9
 0001:0008AE58 000151F8 C=CODE     S=.text    G=(none)   M=DB       ACBP=A9
 0001:000A0050 0000435C C=CODE     S=.text    G=(none)   M=DBCommon ACBP=A9
 0001:000A43AC 00003D04 C=CODE     S=.text    G=(none)   M=BDE      ACBP=A9
 0001:000A80B0 00000068 C=CODE     S=.text    G=(none)   M=SMINTF   ACBP=A9
 0001:000A8118 00000118 C=CODE     S=.text    G=(none)   M=bdeconst ACBP=A9
 0001:000A8230 0000FAF4 C=CODE     S=.text    G=(none)   M=DBTables ACBP=A9
 0001:000B7D24 000003A8 C=CODE     S=.text    G=(none)   M=QR3Const ACBP=A9
 0001:000B80CC 000002E4 C=CODE     S=.text    G=(none)   M=QRPrgres ACBP=A9
 0001:000B83B0 000072F4 C=CODE     S=.text    G=(none)   M=QRExpr   ACBP=A9
 0001:000BF6A4 00000038 C=CODE     S=.text    G=(none)   M=QRLablEd ACBP=A9
 0001:000BF6DC 00000038 C=CODE     S=.text    G=(none)   M=QRExprEd ACBP=A9
 0001:000BF714 000031B4 C=CODE     S=.text    G=(none)   M=QRCtrls  ACBP=A9
 0001:000C28C8 000000F3 C=CODE     S=.text    G=(none)   M=QRPrnSu  ACBP=A9
 0001:000C29BC 00000038 C=CODE     S=.text    G=(none)   M=StdVCL   ACBP=A9
 0001:000C29F4 00001793 C=CODE     S=.text    G=(none)   M=AxCtrls  ACBP=A9
 0001:000C4188 00000058 C=CODE     S=.text    G=(none)   M=OleConst ACBP=A9
 0001:000C41E0 00003469 C=CODE     S=.text    G=(none)   M=OleCtrls ACBP=A9
 0001:000C764C 00000038 C=CODE     S=.text    G=(none)   M=QRAbout  ACBP=A9
 0001:000C7684 00000038 C=CODE     S=.text    G=(none)   M=QRCompEd ACBP=A9
 0001:000C76BC 00000098 C=CODE     S=.text    G=(none)   M=QRExtra  ACBP=A9
 0001:000C7754 00000038 C=CODE     S=.text    G=(none)   M=QREnvEd  ACBP=A9
 0001:000C778C 00000038 C=CODE     S=.text    G=(none)   M=QRExpBld ACBP=A9
 0001:000C77C4 00000C7C C=CODE     S=.text    G=(none)   M=QRPrev   ACBP=A9
 0001:000C8440 0000429E C=CODE     S=.text    G=(none)   M=QRPrntr  ACBP=A9
 0001:000CC6E0 0000AF65 C=CODE     S=.text    G=(none)   M=QuickRpt ACBP=A9
 0001:000D7648 000001A0 C=CODE     S=.text    G=(none)   M=temp     ACBP=A9
 0001:000D77E8 0000186C C=CODE     S=.text    G=(none)   M=print    ACBP=A9
 0001:000D9054 00000318 C=CODE     S=.text    G=(none)   M=drillchange ACBP=A9
 0001:000D936C 00006B18 C=CODE     S=.text    G=(none)   M=main     ACBP=A9
 0001:000DFE84 00000451 C=CODE     S=.text    G=(none)   M=Optimizatore ACBP=A9
 0002:00000000 000000A0 C=DATA     S=.data    G=DGROUP   M=System   ACBP=A9
 0002:000000A0 00000020 C=DATA     S=.data    G=DGROUP   M=SysInit  ACBP=A9
 0002:000000C0 00000274 C=DATA     S=.data    G=DGROUP   M=SysUtils ACBP=A9
 0002:00000334 00000110 C=DATA     S=.data    G=DGROUP   M=VarUtils ACBP=A9
 0002:00000444 0000013A C=DATA     S=.data    G=DGROUP   M=Variants ACBP=A9
 0002:00000580 0000000C C=DATA     S=.data    G=DGROUP   M=TypInfo  ACBP=A9
 0002:0000058C 00000010 C=DATA     S=.data    G=DGROUP   M=ActiveX  ACBP=A9
 0002:0000059C 00000064 C=DATA     S=.data    G=DGROUP   M=Classes  ACBP=A9
 0002:00000600 0000030C C=DATA     S=.data    G=DGROUP   M=Graphics ACBP=A9
 0002:0000090C 00000004 C=DATA     S=.data    G=DGROUP   M=Printers ACBP=A9
 0002:00000910 00000020 C=DATA     S=.data    G=DGROUP   M=ToolWin  ACBP=A9
 0002:00000930 00000010 C=DATA     S=.data    G=DGROUP   M=ShlObj   ACBP=A9
 0002:00000940 00000120 C=DATA     S=.data    G=DGROUP   M=Dialogs  ACBP=A9
 0002:00000A60 0000018C C=DATA     S=.data    G=DGROUP   M=ExtCtrls ACBP=A9
 0002:00000BEC 0000009E C=DATA     S=.data    G=DGROUP   M=Buttons  ACBP=A9
 0002:00000C8C 00000008 C=DATA     S=.data    G=DGROUP   M=IniFiles ACBP=A9
 0002:00000C94 00000008 C=DATA     S=.data    G=DGROUP   M=Registry ACBP=A9
 0002:00000C9C 00000008 C=DATA     S=.data    G=DGROUP   M=Mapi     ACBP=A9
 0002:00000CA4 00000154 C=DATA     S=.data    G=DGROUP   M=ComCtrls ACBP=A9
 0002:00000DF8 00000068 C=DATA     S=.data    G=DGROUP   M=Themes   ACBP=A9
 0002:00000E60 00000080 C=DATA     S=.data    G=DGROUP   M=StdCtrls ACBP=A9
 0002:00000EE0 0000013C C=DATA     S=.data    G=DGROUP   M=Controls ACBP=A9
 0002:0000101C 00000020 C=DATA     S=.data    G=DGROUP   M=ImgList  ACBP=A9
 0002:0000103C 000000EC C=DATA     S=.data    G=DGROUP   M=Menus    ACBP=A9
 0002:00001128 00000130 C=DATA     S=.data    G=DGROUP   M=Forms    ACBP=A9
 0002:00001258 00000005 C=DATA     S=.data    G=DGROUP   M=MaskUtils ACBP=A9
 0002:00001260 0000003C C=DATA     S=.data    G=DGROUP   M=SqlTimSt ACBP=A9
 0002:0000129C 00000065 C=DATA     S=.data    G=DGROUP   M=FMTBcd   ACBP=A9
 0002:00001304 00000030 C=DATA     S=.data    G=DGROUP   M=ComObj   ACBP=A9
 0002:00001334 0000021E C=DATA     S=.data    G=DGROUP   M=DB       ACBP=A9
 0002:00001554 0000001C C=DATA     S=.data    G=DGROUP   M=DBCommon ACBP=A9
 0002:00001570 00000C50 C=DATA     S=.data    G=DGROUP   M=BDE      ACBP=A9
 0002:000021C0 00000010 C=DATA     S=.data    G=DGROUP   M=SMINTF   ACBP=A9
 0002:000021D0 00000128 C=DATA     S=.data    G=DGROUP   M=DBTables ACBP=A9
 0002:000022F8 00000020 C=DATA     S=.data    G=DGROUP   M=QRCtrls  ACBP=A9
 0002:00002318 00000002 C=DATA     S=.data    G=DGROUP   M=QRPrnSu  ACBP=A9
 0002:0000231C 0000002C C=DATA     S=.data    G=DGROUP   M=OleCtrls ACBP=A9
 0002:00002348 00000328 C=DATA     S=.data    G=DGROUP   M=QRPrntr  ACBP=A9
 0002:00002670 00000058 C=DATA     S=.data    G=DGROUP   M=QuickRpt ACBP=A9
 0002:00003000 00000664 C=BSS      S=.bss     G=DGROUP   M=System   ACBP=A9
 0002:00003664 00000010 C=BSS      S=.bss     G=DGROUP   M=SysInit  ACBP=A9
 0002:00003674 00000004 C=BSS      S=.bss     G=DGROUP   M=Types    ACBP=A9
 0002:00003678 00000004 C=BSS      S=.bss     G=DGROUP   M=Windows  ACBP=A9
 0002:0000367C 00000004 C=BSS      S=.bss     G=DGROUP   M=Messages ACBP=A9
 0002:00003680 00000004 C=BSS      S=.bss     G=DGROUP   M=SysConst ACBP=A9
 0002:00003684 00000120 C=BSS      S=.bss     G=DGROUP   M=SysUtils ACBP=A9
 0002:000037A4 0000005C C=BSS      S=.bss     G=DGROUP   M=VarUtils ACBP=A9
 0002:00003800 00000040 C=BSS      S=.bss     G=DGROUP   M=Variants ACBP=A9
 0002:00003840 00000004 C=BSS      S=.bss     G=DGROUP   M=RTLConsts ACBP=A9
 0002:00003844 00000004 C=BSS      S=.bss     G=DGROUP   M=TypInfo  ACBP=A9
 0002:00003848 00000004 C=BSS      S=.bss     G=DGROUP   M=ActiveX  ACBP=A9
 0002:0000384C 00000040 C=BSS      S=.bss     G=DGROUP   M=Classes  ACBP=A9
 0002:0000388C 00000004 C=BSS      S=.bss     G=DGROUP   M=Consts   ACBP=A9
 0002:00003890 00000060 C=BSS      S=.bss     G=DGROUP   M=Graphics ACBP=A9
 0002:000038F0 00000004 C=BSS      S=.bss     G=DGROUP   M=Math     ACBP=A9
 0002:000038F4 00000004 C=BSS      S=.bss     G=DGROUP   M=Contnrs  ACBP=A9
 0002:000038F8 0000000C C=BSS      S=.bss     G=DGROUP   M=CommCtrl ACBP=A9
 0002:00003904 00000031 C=BSS      S=.bss     G=DGROUP   M=MultiMon ACBP=A9
 0002:00003938 00000004 C=BSS      S=.bss     G=DGROUP   M=Imm      ACBP=A9
 0002:0000393C 00000008 C=BSS      S=.bss     G=DGROUP   M=HelpIntfs ACBP=A9
 0002:00003944 00000004 C=BSS      S=.bss     G=DGROUP   M=WinSpool ACBP=A9
 0002:00003948 00000004 C=BSS      S=.bss     G=DGROUP   M=Printers ACBP=A9
 0002:0000394C 00000034 C=BSS      S=.bss     G=DGROUP   M=FlatSB   ACBP=A9
 0002:00003980 00000004 C=BSS      S=.bss     G=DGROUP   M=SyncObjs ACBP=A9
 0002:00003984 000000CC C=BSS      S=.bss     G=DGROUP   M=UxTheme  ACBP=A9
 0002:00003A50 00000004 C=BSS      S=.bss     G=DGROUP   M=RichEdit ACBP=A9
 0002:00003A54 00000004 C=BSS      S=.bss     G=DGROUP   M=ToolWin  ACBP=A9
 0002:00003A58 00000004 C=BSS      S=.bss     G=DGROUP   M=ShellAPI ACBP=A9
 0002:00003A5C 00000004 C=BSS      S=.bss     G=DGROUP   M=RegStr   ACBP=A9
 0002:00003A60 00000004 C=BSS      S=.bss     G=DGROUP   M=WinInet  ACBP=A9
 0002:00003A64 00000004 C=BSS      S=.bss     G=DGROUP   M=UrlMon   ACBP=A9
 0002:00003A68 00000004 C=BSS      S=.bss     G=DGROUP   M=ShlObj   ACBP=A9
 0002:00003A6C 00000004 C=BSS      S=.bss     G=DGROUP   M=CommDlg  ACBP=A9
 0002:00003A70 00000004 C=BSS      S=.bss     G=DGROUP   M=Dlgs     ACBP=A9
 0002:00003A74 00000038 C=BSS      S=.bss     G=DGROUP   M=Dialogs  ACBP=A9
 0002:00003AAC 00000004 C=BSS      S=.bss     G=DGROUP   M=ExtCtrls ACBP=A9
 0002:00003AB0 00000004 C=BSS      S=.bss     G=DGROUP   M=ComStrs  ACBP=A9
 0002:00003AB4 0000000C C=BSS      S=.bss     G=DGROUP   M=Clipbrd  ACBP=A9
 0002:00003AC0 00000004 C=BSS      S=.bss     G=DGROUP   M=StrUtils ACBP=A9
 0002:00003AC4 00000030 C=BSS      S=.bss     G=DGROUP   M=Buttons  ACBP=A9
 0002:00003AF4 00000004 C=BSS      S=.bss     G=DGROUP   M=ExtDlgs  ACBP=A9
 0002:00003AF8 00000004 C=BSS      S=.bss     G=DGROUP   M=IniFiles ACBP=A9
 0002:00003AFC 00000004 C=BSS      S=.bss     G=DGROUP   M=Registry ACBP=A9
 0002:00003B00 00000004 C=BSS      S=.bss     G=DGROUP   M=Mapi     ACBP=A9
 0002:00003B04 00000009 C=BSS      S=.bss     G=DGROUP   M=ExtActns ACBP=A9
 0002:00003B10 00000004 C=BSS      S=.bss     G=DGROUP   M=ListActns ACBP=A9
 0002:00003B14 00000039 C=BSS      S=.bss     G=DGROUP   M=ComCtrls ACBP=A9
 0002:00003B50 00000008 C=BSS      S=.bss     G=DGROUP   M=Themes   ACBP=A9
 0002:00003B58 00000004 C=BSS      S=.bss     G=DGROUP   M=StdCtrls ACBP=A9
 0002:00003B5C 00000004 C=BSS      S=.bss     G=DGROUP   M=StdActns ACBP=A9
 0002:00003B60 00000014 C=BSS      S=.bss     G=DGROUP   M=WinHelpViewer ACBP=A9
 0002:00003B74 00000080 C=BSS      S=.bss     G=DGROUP   M=Controls ACBP=A9
 0002:00003BF4 00000004 C=BSS      S=.bss     G=DGROUP   M=ActnList ACBP=A9
 0002:00003BF8 0000000C C=BSS      S=.bss     G=DGROUP   M=ImgList  ACBP=A9
 0002:00003C04 00000010 C=BSS      S=.bss     G=DGROUP   M=Menus    ACBP=A9
 0002:00003C14 00000020 C=BSS      S=.bss     G=DGROUP   M=Forms    ACBP=A9
 0002:00003C34 00000004 C=BSS      S=.bss     G=DGROUP   M=MaskUtils ACBP=A9
 0002:00003C38 00000004 C=BSS      S=.bss     G=DGROUP   M=Mask     ACBP=A9
 0002:00003C3C 00000004 C=BSS      S=.bss     G=DGROUP   M=Grids    ACBP=A9
 0002:00003C40 00000004 C=BSS      S=.bss     G=DGROUP   M=ValEdit  ACBP=A9
 0002:00003C44 00000008 C=BSS      S=.bss     G=DGROUP   M=secnew   ACBP=A9
 0002:00003C4C 00000010 C=BSS      S=.bss     G=DGROUP   M=prosmotr ACBP=A9
 0002:00003C5C 00000008 C=BSS      S=.bss     G=DGROUP   M=BTLheader ACBP=A9
 0002:00003C64 00000008 C=BSS      S=.bss     G=DGROUP   M=addlong  ACBP=A9
 0002:00003C6C 00000008 C=BSS      S=.bss     G=DGROUP   M=saveX    ACBP=A9
 0002:00003C74 00000008 C=BSS      S=.bss     G=DGROUP   M=help     ACBP=A9
 0002:00003C7C 00000004 C=BSS      S=.bss     G=DGROUP   M=DateUtils ACBP=A9
 0002:00003C80 00000004 C=BSS      S=.bss     G=DGROUP   M=DBConsts ACBP=A9
 0002:00003C84 00000004 C=BSS      S=.bss     G=DGROUP   M=SqlTimSt ACBP=A9
 0002:00003C88 00000004 C=BSS      S=.bss     G=DGROUP   M=FMTBcd   ACBP=A9
 0002:00003C8C 00000004 C=BSS      S=.bss     G=DGROUP   M=ComConst ACBP=A9
 0002:00003C90 00000011 C=BSS      S=.bss     G=DGROUP   M=ComObj   ACBP=A9
 0002:00003CA4 00000014 C=BSS      S=.bss     G=DGROUP   M=DB       ACBP=A9
 0002:00003CB8 00000004 C=BSS      S=.bss     G=DGROUP   M=DBCommon ACBP=A9
 0002:00003CBC 0000001C C=BSS      S=.bss     G=DGROUP   M=BDE      ACBP=A9
 0002:00003CD8 00000004 C=BSS      S=.bss     G=DGROUP   M=SMINTF   ACBP=A9
 0002:00003CDC 00000004 C=BSS      S=.bss     G=DGROUP   M=bdeconst ACBP=A9
 0002:00003CE0 00000061 C=BSS      S=.bss     G=DGROUP   M=DBTables ACBP=A9
 0002:00003D44 00000004 C=BSS      S=.bss     G=DGROUP   M=QR3Const ACBP=A9
 0002:00003D48 00000004 C=BSS      S=.bss     G=DGROUP   M=QRPrgres ACBP=A9
 0002:00003D4C 00000011 C=BSS      S=.bss     G=DGROUP   M=QRExpr   ACBP=A9
 0002:00003D60 00000004 C=BSS      S=.bss     G=DGROUP   M=QRLablEd ACBP=A9
 0002:00003D64 00000004 C=BSS      S=.bss     G=DGROUP   M=QRExprEd ACBP=A9
 0002:00003D68 00000004 C=BSS      S=.bss     G=DGROUP   M=QRCtrls  ACBP=A9
 0002:00003D6C 0000000C C=BSS      S=.bss     G=DGROUP   M=QRPrnSu  ACBP=A9
 0002:00003D78 00000004 C=BSS      S=.bss     G=DGROUP   M=StdVCL   ACBP=A9
 0002:00003D7C 0000001C C=BSS      S=.bss     G=DGROUP   M=AxCtrls  ACBP=A9
 0002:00003D98 00000004 C=BSS      S=.bss     G=DGROUP   M=OleConst ACBP=A9
 0002:00003D9C 00000014 C=BSS      S=.bss     G=DGROUP   M=OleCtrls ACBP=A9
 0002:00003DB0 00000004 C=BSS      S=.bss     G=DGROUP   M=QRAbout  ACBP=A9
 0002:00003DB4 00000004 C=BSS      S=.bss     G=DGROUP   M=QRCompEd ACBP=A9
 0002:00003DB8 00000004 C=BSS      S=.bss     G=DGROUP   M=QRExtra  ACBP=A9
 0002:00003DBC 00000004 C=BSS      S=.bss     G=DGROUP   M=QREnvEd  ACBP=A9
 0002:00003DC0 00000004 C=BSS      S=.bss     G=DGROUP   M=QRExpBld ACBP=A9
 0002:00003DC4 00000004 C=BSS      S=.bss     G=DGROUP   M=QRPrev   ACBP=A9
 0002:00003DC8 00000010 C=BSS      S=.bss     G=DGROUP   M=QRPrntr  ACBP=A9
 0002:00003DD8 00000049 C=BSS      S=.bss     G=DGROUP   M=QuickRpt ACBP=A9
 0002:00003E24 00000008 C=BSS      S=.bss     G=DGROUP   M=temp     ACBP=A9
 0002:00003E2C 00000008 C=BSS      S=.bss     G=DGROUP   M=print    ACBP=A9
 0002:00003E34 00000008 C=BSS      S=.bss     G=DGROUP   M=drillchange ACBP=A9
 0002:00003E3C 00000014 C=BSS      S=.bss     G=DGROUP   M=main     ACBP=A9


  Address         Publics by Name

 0002:00003CC0       ..
 0002:00001570       ..
 0001:000A43CC       ..
 0002:000020E4       ..
 0001:000A7730       ..
 0002:00003D7C       .02
 0002:00003A6C       .1
 0002:00003A68       .1
 0002:00003840       .1
 0002:00003A64       .1
 0002:00003A60       .1
 0002:00003A5C       .1
 0002:00003B00       .1
 0002:00003B68       .1
 0002:000038F8       .1
 0002:00003674       .1
 0002:00003D44       .1
 0002:0000396C       .1
 0002:00003C80       .1
 0002:00003C84       .1
 0002:00003D98       .1
 0002:00003C8C       .1
 0002:0000367C       .1
 0002:00003AB0       .1
 0002:0000366C       .1
 0002:00003A40       .1
 0002:00003924       .1
 0002:00003938       .1
 0002:00003680       .1
 0002:00003AC0       .1
 0002:00003A50       .1
 0002:00003D78       .1
 0002:00003C7C       .1
 0002:00003CD8       .1
 0002:00003A70       .1
 0002:00003CBC       .1
 0002:00003A58       .1
 0002:0000388C       .1
 0002:00003CDC       .1
 0002:00003C3C       .11
 0002:00003A74       .11
 0002:00003AAC       .12
 0002:00003894       .12
 0002:00003E38       .2
 0002:00003B50       .2
 0002:00003DC4       .2
 0002:00003DC0       .2
 0002:00003DBC       .2
 0002:000038F0       .2
 0002:00003DB4       .2
 0002:00003DB0       .2
 0002:00003D48       .2
 0002:00003C34       .2
 0002:00003C48       .2
 0002:00003C58       .2
 0002:0000393C       .2
 0002:00003C60       .2
 0002:00003C68       .2
 0002:00003C70       .2
 0002:00003C78       .2
 0002:00003AB8       .2
 0002:00003E28       .2
 0002:000038F4       .21
 0002:00003CEC       .22
 0002:00003AF4       .3
 0002:00003CB8       .3
 0002:00003678       .3
 0002:00003D60       .3
 0002:00003D64       .3
 0002:00003848       .3
 0002:00003BF8       .3
 0002:00003948       .3
 0002:00003944       .3
 0002:00003C88       .3
 0002:00003DD8       .33
 0002:00003794       .35
 0002:00003CB4       .36
 0002:00003B14       .36
 0002:00003AC4       .4
 0002:00003C40       .4
 0002:00003A54       .4
 0002:00003E30       .4
 0002:00003C90       .41
 0002:00003C1C       .41
 0002:00003B58       .42
 0002:00003858       .45
 0002:00003D6C       .5
 0002:00003DAC       .5
 0002:000035BC       .5
 0002:00003DB8       .5
 0002:000037FC       .5
 0002:00003AFC       .5
 0002:00003C38       .5
 0002:00003D50       .51
 0002:00003DCC       .51
 0002:00003980       .6
 0002:00003844       .6
 0002:00003D68       .71
 0002:00003B7C       .72
 0002:00003B04       .72
 0002:00003B5C       .73
 0002:00003B10       .8
 0002:00003E4C       .8
 0002:00003BF4       .8
 0002:00003AF8       .8
 0002:00003820       .81
 0002:00003C0C       .9
 0001:00001B20       @AbstractError
 0001:00002E6C       @AfterConstruction
 0001:00001BAC       @Append
 0001:00002C60       @AsClass
 0001:00001E10       @Assign
 0001:0000200C       @AStrCmp
 0001:00002E7C       @BeforeDestruction
 0001:000029F0       @BoundErr
 0001:00002CAC       @CallDynaInst
 0001:00002E14       @ClassCreate
 0001:00002E64       @ClassDestroy
 0001:00001ED8       @Close
 0001:00001990       @Copy
 0001:00004548       @CopyArray
 0001:0000442C       @CopyRecord
 0001:000046B4       @DispCallByIDError
 0001:0000FA6C       @DispInvokeError
 0001:00004650       @Dispose
 0001:000032F8       @DoneExcept
 0001:00004E24       @DynArrayAddRef
 0001:00004DFC       @DynArrayAsg
 0001:00004DC0       @DynArrayClear
 0001:00004CAC       @DynArrayCopy
 0001:00004CCC       @DynArrayCopyRange
 0001:00004AEC       @DynArrayHigh
 0001:00004AE4       @DynArrayLength
 0001:00004CA0       @DynArraySetLength
 0001:0000207C       @EofText
 0001:000033E0       @ExceptionHandler
 0001:000020B4       @FillChar
 0001:00004408       @Finalize
 0001:0000431C       @FinalizeArray
 0001:000042D0       @FinalizeRecord
 0001:00002CC4       @FindDynaInst
 0001:00001ECC       @Flush
 0001:000029E4       @FpuInit
 0001:00002920       @FpuMaskInit
 0001:00001ACC       @FRAC
 0001:00001818       @FreeMem
 0001:000017F8       @GetMem
 0001:00005BA8       @GetTls
 0001:00003828       @Halt
 0001:00003750       @Halt0
 0001:00002F90       @HandleAnyException
 0001:00003244       @HandleFinally
 0001:000030BC       @HandleOnException
 0001:00005BF4       @InitExe
 0001:000042C4       @Initialize
 0001:00004230       @InitializeArray
 0001:00004200       @InitializeRecord
 0001:00003614       @InitImports
 0001:000035EC       @InitResStringImports
 0001:000035C8       @InitResStrings
 0001:00001A9C       @INT
 0001:000054EC       @IntfAddRef
 0001:000054BC       @IntfCast
 0001:00005478       @IntfClear
 0001:00005490       @IntfCopy
 0001:00002C3C       @IsClass
 0001:000028F0       @isNECWindows
 0001:00003CF0       @LStrAddRef
 0001:00003864       @LStrArrayClr
 0001:00003894       @LStrAsg
 0001:00003B08       @LStrCat
 0001:00003B4C       @LStrCat3
 0001:00003BC0       @LStrCatN
 0001:00003840       @LStrClr
 0001:00003C4C       @LStrCmp
 0001:00003D60       @LStrCopy
 0001:00003DA0       @LStrDelete
 0001:00003AB0       @LStrFromArray
 0001:00003A28       @LStrFromChar
 0001:00003A38       @LStrFromPChar
 0001:00003930       @LStrFromPCharLen
 0001:00003A68       @LStrFromPWChar
 0001:0000399C       @LStrFromPWCharLen
 0001:00003AA4       @LStrFromString
 0001:00003AC8       @LStrFromWStr
 0001:00003DE8       @LStrInsert
 0001:000038D8       @LStrLAsg
 0001:00003B00       @LStrLen
 0001:00003EF0       @LStrOfChar
 0001:00003E44       @LStrPos
 0001:00003E8C       @LStrSetLength
 0001:00003D00       @LStrToPChar
 0001:00003ADC       @LStrToString
 0001:0000463C       @New
 0001:00003904       @NewAnsiString
 0001:00003F4C       @NewWideString
 0001:000141BC       @OleVarFromInt
 0001:000144C0       @OleVarFromLStr
 0001:0001457C       @OleVarFromVar
 0001:00001A34       @Pos
 0001:00002604       @Pow10
 0001:00001F88       @PStrCmp
 0001:00001F60       @PStrCpy
 0001:00001F30       @PStrNCat
 0001:00001F6C       @PStrNCpy
 0001:000032A4       @RaiseAgain
 0001:0000327C       @RaiseExcept
 0001:00002110       @ReadChar
 0001:00002274       @ReadLn
 0001:00002208       @ReadLString
 0001:000021FC       @ReadString
 0001:00001838       @ReallocMem
 0001:00001B94       @ResetText
 0001:00001BA0       @RewritText
 0001:00001AF0       @ROUND
 0001:00003834       @RunError
 0001:000025C8       @SetEq
 0001:000025DC       @SetExpand
 0001:00001A74       @SetLength
 0001:00002570       @SetRange
 0001:00001ABC       @SIN
 0001:00003588       @StartExe
 0001:00004898       @Str0Int64
 0001:00002304       @Str0Long
 0001:000047D8       @StrInt64
 0001:000003D8       @strlen
 0001:000022A4       @StrLong
 0001:00001AFC       @TRUNC
 0001:00003328       @TryFinallyExit
 0001:00003D58       @UniqueStringA
 0001:000048B4       @ValInt64
 0001:00002310       @ValLong
 0001:0001500C       @VarAddRef
 0001:000157A0       @VarArrayGet
 0001:00015890       @VarArrayPut
 0001:000105C4       @VarCast
 0001:0000FD58       @VarClear
 0001:00004304       @VarClr
 0001:0000FD6C       @VarClr
 0001:00017048       @VarCmpEQ
 0001:00017068       @VarCmpGT
 0001:00017058       @VarCmpLT
 0001:00004414       @VarCopy
 0001:00010080       @VarCopy
 0001:00010300       @VarCopyNoInd
 0001:00014350       @VarFromBool
 0001:000141DC       @VarFromByte
 0001:000143A0       @VarFromCurr
 0001:000142F8       @VarFromCurrency
 0001:00014324       @VarFromDate
 0001:00014494       @VarFromDisp
 0001:000142CC       @VarFromDouble
 0001:00014160       @VarFromInt
 0001:0001427C       @VarFromInt64
 0001:0001419C       @VarFromInteger
 0001:00014468       @VarFromIntf
 0001:0001421C       @VarFromLongWord
 0001:000143B4       @VarFromLStr
 0001:000143E0       @VarFromPStr
 0001:00014378       @VarFromReal
 0001:0001423C       @VarFromShortInt
 0001:000142A8       @VarFromSingle
 0001:0001425C       @VarFromSmallInt
 0001:0001438C       @VarFromTDateTime
 0001:000141FC       @VarFromWord
 0001:00014430       @VarFromWStr
 0001:0000FAC0       @VarNull
 0001:00010314       @VarStringToOleStr
 0001:00011D90       @VarToBool
 0001:00011A48       @VarToBoolean
 0001:00010E88       @VarToByte
 0001:00012C34       @VarToCurrency
 0001:000126CC       @VarToDate
 0001:000140B4       @VarToDisp
 0001:00011F5C       @VarToDouble
 0001:0001144C       @VarToInt64
 0001:00010988       @VarToInteger
 0001:00013FE8       @VarToIntf
 0001:00011100       @VarToLongWord
 0001:000132E8       @VarToLStr
 0001:000122D8       @VarToReal
 0001:00010DD8       @VarToShortInt
 0001:000122F4       @VarToSingle
 0001:00010F30       @VarToSmallInt
 0001:00011028       @VarToWord
 0001:00013A10       @VarToWStr
 0001:00003F1C       @Write0LString
 0001:00002428       @WriteBytes
 0001:000024F8       @WriteLn
 0001:00003F24       @WriteLString
 0001:0000247C       @WriteSpaces
 0001:00003F8C       @WStrArrayClr
 0001:00003FB0       @WStrAsg
 0001:00003F74       @WStrClr
 0001:000040EC       @WStrCmp
 0001:00004170       @WStrCopy
 0001:000040C0       @WStrFromLStr
 0001:00003FD4       @WStrFromPCharLen
 0001:00004084       @WStrFromPWChar
 0001:00004060       @WStrFromPWCharLen
 0001:000040E0       @WStrLen
 0001:000041BC       @WStrSetLength
 0001:000040D0       @WStrToPWChar
 0001:0000254C       @_CLenToPasStr
 0001:00002540       @_CToPasStr
 0001:00001960       @_IOTest
 0001:000046E0       @_lldiv
 0001:0000475C       @_llmod
 0001:000046BC       @_llmul
 0001:0000C174       Abort
 0001:00006110       AbortDoc
 0001:000319B8       AbortProc
 0001:0005D390       AbsMin
 0001:0000C54C       AbstractErrorHandler
 0002:0000302C       AbstractErrorProc
 0002:00000144       AccessMode
 0001:000018C8       AcquireExceptionObject
 0001:0001B56C       ActivateClassGroup
 0001:000063C8       ActivateKeyboardLayout
 0002:00003BB0       ActiveDrag
 0001:00018EF4       ActiveX
 0001:0006C8CC       ActnList
 0001:000D40F4       AddAll
 0001:000D51A4       AddBandsToList
 0001:00000504       AddBlockAfter
 0001:0008648C       AddChars
 0001:00089534       AddCurrency
 0001:00088D04       AddCurrencySymbol
 0002:0000059C       AddDataModule
 0001:00088610       AddDigit
 0001:00007C4C       AddExitProc
 0001:000A0B64       AddField
 0001:00092014       AddFieldDefs
 0001:00092248       AddFields
 0001:000B7300       AddFieldToList
 0001:0001F6E4       AddFinished
 0001:000700C8       AddIn
 0001:000C0404       AddLine
 0001:00089824       AddLiterals
 0001:000D4178       AddLocalDataSets
 0001:00083BFC       addlong
 0001:000AB674       AddMessage
 0001:0000531C       AddModuleUnloadProc
 0001:0000530C       AddModuleUnloadProc
 0001:00088DE4       AddNegCurrencySymbol
 0001:00087B78       AddNormalizedFractions
 0001:0001F71C       AddNotFinished
 0001:00073ED8       AddOle2
 0001:000885F4       AddOneChar
 0001:00086548       AddStrings
 0001:00020140       AddSubComponentsToLoaded
 0001:000C025C       AddWord
 0002:0000127C       AdjustAmt
 0002:0000128C       AdjustAmt
 0002:00001284       AdjustAmt
 0002:00001294       AdjustAmt
 0001:00029AE8       AdjustColor
 0001:00038D20       AdjustColors
 0001:00086FA4       AdjustDecimalPosition
 0001:0009E664       AdjustFirstRecord
 0001:000080AC       AdjustLineBreaks
 0001:00077AE0       Adjustment
 0001:00087ED0       AdjustNibbles
 0001:000063D0       AdjustWindowRectEx
 0001:0000D920       AL1
 0002:00000314       AL1s
 0001:0000D930       AL2
 0002:00000324       AL2s
 0002:00000E68       Alignments
 0002:00000EA8       Alignments
 0002:00001100       Alignments
 0002:00000A68       Alignments
 0002:00001110       Alignments
 0001:00062B48       AlignWork
 0001:0007EB18       AlignWork
 0001:000C019C       aLineWidth
 0001:000259C0       AllocateHWnd
 0001:00035738       AllocFilterStr
 0001:00007C00       AllocMem
 0002:000035B4       AllocMemCount
 0002:000035B8       AllocMemSize
 0001:0002F450       AllocPatternBitmap
 0001:00005B50       AllocTlsBuffer
 0001:0000D960       ALR
 0001:0000D948       ALV
 0001:00022EC8       AncestorIsValid
 0002:00000EEC       AnchorAlign
 0002:00000EE0       AnimateWindowProc
 0002:00000FE8       AnimationStyle
 0001:00007E2C       AnsiCompareStr
 0001:00007E64       AnsiCompareText
 0001:00007FAC       AnsiExtractQuotedStr
 0001:000087F4       AnsiLastChar
 0001:000063D8       AnsiLower
 0001:00007DF8       AnsiLowerCase
 0001:0000CF04       AnsiLowerCaseFileName
 0001:0000CECC       AnsiPos
 0001:00074984       AnsiSameCaption
 0001:00007E9C       AnsiSameText
 0001:00007EB4       AnsiStrIComp
 0001:00007ED4       AnsiStrLIComp
 0001:0000D01C       AnsiStrPos
 0001:0000D0BC       AnsiStrRScan
 0001:0000D0E4       AnsiStrScan
 0001:000AB26C       AnsiToNative
 0001:000AB2F8       AnsiToNativeBuf
 0001:000058EC       AnsiToUtf8
 0001:00007DC4       AnsiUpperCase
 0001:0000CF90       AnsiUpperCaseFileName
 0001:00013F70       AnyToIntf
 0001:0000A3C8       AppendChars
 0001:0000A78C       AppendFormat
 0001:0000A42C       AppendNumber
 0001:0000A40C       AppendString
 0002:00003C14       Application
 0002:000005AC       ApplicationHandleException
 0001:000AAA98       ApplicationHandleException
 0002:000005B4       ApplicationShowException
 0002:00001250       AppVisible
 0002:00003D54       ArgSeparator
 0002:00000CFC       Arrangements
 0001:0000C530       AssertErrorHandler
 0002:00003024       AssertErrorProc
 0001:000B6428       AssignFields
 0001:000182C8       AssignLongStr
 0001:00018944       AssignVariant
 0001:00092B00       AttributeSetStored
 0002:00000D04       AutoArrange
 0002:0000360C       avail
 0001:000C4164       AxCtrls
 0001:000089F8       BackfillGetDiskFreeSpaceEx
 0001:0005FF5C       BackgroundClipped
 0001:0000E78C       BackupVarBoolFromStr
 0001:0000E8EC       BackupVarBStrFromBool
 0001:0000E80C       BackupVarBStrFromCy
 0001:0000E87C       BackupVarBStrFromDate
 0001:0000E720       BackupVarCyFromStr
 0001:0000E6B4       BackupVarDateFromStr
 0001:0000E570       BackupVarI4FromStr
 0001:0000E51C       BackupVariantChangeTypeEx
 0001:0000E5DC       BackupVarR4FromStr
 0001:0000E648       BackupVarR8FromStr
 0002:0000152C       BaseFieldTypes
 0002:0000045C       BaseTypeMap
 0001:000884A4       BcdAdd
 0001:00088080       BcdCompare
 0001:00089174       BcdCurrencyFormat
 0001:000882E8       BcdDivide
 0001:00088438       BcdDivide
 0001:00085660       BcdError
 0001:000855F0       BcdErrorFmt
 0001:00088B24       BcdFixedOrNumberFormat
 0001:00088AC0       BcdGeneralFormat
 0001:0008827C       BcdMultiply
 0001:00088184       BcdMultiply
 0001:00088918       BcdScale
 0001:00088AD8       BcdScientificFormat
 0001:00088148       BcdSubtract
 0001:00088A14       BCDToCurr
 0001:00086060       BcdToDouble
 0001:000887D4       BcdToStr
 0001:00089260       BcdToStrF
 0001:000A80A8       BDE
 0001:000AB078       BdeCallBack
 0001:000A8228       bdeconst
 0002:00003D38       BDEInitProcs
 0001:0000CB24       Beep
 0001:0001B940       BeginGlobalLoading
 0001:000063E0       BeginPaint
 0001:00029AF4       BetterSize
 0001:00070F3C       BiDiDraw
 0001:00006118       BitBlt
 0002:00000C18       BitBtnCaptions
 0002:00003AC8       BitBtnGlyphs
 0002:00000C44       BitBtnModalResults
 0002:00000BEC       BitBtnResNames
 0002:000008C0       BitCounts
 0002:000008B8       BitmapCanvasList
 0002:000038AC       BitmapImageLock
 0002:000025F8       BitMask
 0001:0000E558       BiUnimplemented
 0001:00086E40       BlankArgument
 0002:00002260       BlobTypeMap
 0002:000005D4       BlockCode
 0002:000035E4       blockDescBlockList
 0002:000035E8       blockDescFreeList
 0002:00000580       BooleanIdents
 0002:00000458       BooleanToStringRule
 0002:0000155C       BoolFalse
 0001:000085FC       BoolToStr
 0001:00013070       BoolToWStrViaOS
 0002:00000E60       BorderStyles
 0002:00000CDC       BorderStyles
 0002:00000A60       BorderStyles
 0002:0000118C       BorderStyles
 0001:0001A834       Bounds
 0001:00005CAC       Bounds
 0002:000022F8       BreakChars
 0002:000010A8       Breaks
 0002:000038E4       BrushManager
 0002:00003E40       Btl
 0001:00083860       BTLheader
 0001:00090CD4       BuffersEqual
 0001:0009DD30       BufferToByteArray
 0001:000736F0       BuildImage
 0001:000CF470       BuildTreeFrom
 0002:00000A08       ButtonCaptions
 0002:00000C74       ButtonCount
 0002:00002340       ButtonMap
 0002:000009DC       ButtonNames
 0002:00001124       Buttons
 0001:0003CDE4       Buttons
 0002:00000D88       ButtonStates
 0002:00000ED8       ButtonStyles
 0002:00000D98       ButtonStyles
 0002:00003A80       ButtonWidths
 0001:0009DDE4       ByteArrayToBuffer
 0001:000292D4       BytesPerScanline
 0001:0002962C       ByteSwapColors
 0001:0000CC08       ByteToCharIndex
 0001:0000CBE0       ByteToCharLen
 0001:0000CBA4       ByteType
 0001:0000CB2C       ByteTypeTest
 0002:00003BFC       CachedComCtrlVer
 0001:000258FC       CalcJmpOffset
 0001:00089424       CalcPrecisionAndDigits
 0001:0004E2E0       CalcSize
 0001:0006A8A4       CalcSplitterPos
 0001:000988A8       CalcTotalSize
 0001:00092B40       CalculatedStored
 0001:000C5A74       CallEventMethod
 0001:000063E8       CallNextHookEx
 0001:0000D8E4       CallTerminateProcs
 0001:000063F0       CallWindowProc
 0001:000B1144       CanBlockRead
 0001:0005E3C8       CancelDrag
 0001:0009F2AC       CancelNestedDataSets
 0001:000C0CC0       CanPrint
 0001:00086DD0       CanUseShort
 0002:000038E8       CanvasList
 0002:00003BC4       CanvasList
 0002:000009B4       Captions
 0002:00000FA4       CaptureControl
 0002:00001048       cBooleanToItemAutoFlag
 0002:0000048C       CBooleanToRelationship
 0002:000022A4       CBRetCode
 0001:00005CC8       CenterPoint
 0001:00035048       CenterWindow
 0002:00003AB6       CF_COMPONENT
 0002:00003AB4       CF_PICTURE
 0002:00003818       ChangeAnyProc
 0001:0005C8F4       ChangeBiDiModeAlignment
 0001:00008874       ChangeFileExt
 0002:00000E88       CharCases
 0001:00003960       CharFromWChar
 0001:000CF048       CharHeight
 0001:0000CDDC       CharLength
 0001:000063F8       CharLowerBuff
 0001:00006400       CharNext
 0001:00000350       CharNext
 0001:00027A88       CharsetToIdent
 0001:0000CCF0       CharToByteIndex
 0001:0000CD54       CharToByteLen
 0001:00006408       CharToOem
 0001:00006410       CharToOemA
 0001:00006418       CharToOemBuff
 0001:00006420       CharUpperBuff
 0001:000CF014       CharWidth
 0001:000AB610       Check
 0001:0002A0BC       CheckBool
 0001:00044424       CheckCommonControl
 0001:000B2FCC       CheckIfParentScrolled
 0001:000AA7D4       CheckIndexOpen
 0001:00002F0C       CheckJmp
 0001:00006428       CheckMenuItem
 0001:0009E250       CheckNestedBrowseMode
 0002:00001098       Checks
 0001:000851DC       CheckSqlTimeStamp
 0001:0002017C       CheckSubComponents
 0001:000246D4       CheckSynchronize
 0001:00077500       CheckTaskWindow
 0001:000146CC       CheckType
 0001:0005E07C       CheckUndock
 0001:0000CA18       CheckWin32Version
 0001:00006430       ChildWindowFromPoint
 0002:00000474       CInvalidCustomVariantType
 0002:0000104C       cItemAutoFlagToBoolean
 0002:00001044       cItemAutoFlagToMenu
 0001:00025B4C       Classes
 0001:0001B2FC       ClassNotFound
 0002:000021C0       Class_SMClient
 0002:00003814       ClearAnyProc
 0001:00027318       ClearColor
 0001:0008AB38       ClearExcepInfo
 0001:000162C8       ClearVariantTypeList
 0001:00006438       ClientToScreen
 0001:00067E48       ClientToWindow
 0002:000008B0       ClipboardFormats
 0001:00039558       Clipbrd
 0001:00006440       CloseClipboard
 0001:00006120       CloseEnhMetaFile
 0001:00005E20       CloseHandle
 0001:000002F0       CloseHandle
 0001:000317FC       ClosePrinter
 0002:00003988       CloseThemeData
 0002:00000930       CLSID_AutoComplete
 0002:00003040       CmdLine
 0002:0000303C       CmdShow
 0002:00001040       cMenuAutoFlagToItem
 0002:00000498       CmpTypeMap
 0001:0000E564       CmpUnimplemented
 0002:0000130C       CoAddRefServerProcess
 0001:00018E78       CoCreateInstance
 0002:00001304       CoCreateInstanceEx
 0002:00000CCC       Codes
 0002:00000D58       Codes
 0001:00018E70       CoGetClassObject
 0002:00003B4C       CoInitExProcLoaded
 0002:0000131C       CoInitFlags
 0001:00018E60       CoInitialize
 0002:00001308       CoInitializeEx
 0002:00003B48       CoInitializeExProc
 0001:0001BBFC       CollectionsEqual
 0002:00000630       Colors
 0001:00027880       ColorToIdent
 0002:00000A74       ColorToPretyName
 0001:00027870       ColorToRGB
 0002:00000D2C       ColumnClicks
 0001:00006128       CombineRgn
 0002:00000DD8       ComboBoxExStyles
 0002:00000DE4       ComboExStyles
 0002:00003C98       ComClassManagerVar
 0001:00089E8C       ComConst
 0002:000038FC       ComCtl32DLL
 0002:00003B20       ComCtlVersion
 0001:00052170       ComCtrls
 0002:00003C10       CommandPool
 0001:0003003C       CommCtrl
 0001:0003458C       CommDlg
 0001:000007E4       Commit
 0002:00003628       committedRoot
 0001:0008AE00       ComObj
 0001:00087E50       CompactBcd
 0001:0008622C       CompareDigits
 0001:0006F6AC       CompareFront
 0001:00007D2C       CompareMem
 0001:00087C30       CompareNormalizedFractions
 0001:00007CFC       CompareStr
 0001:00005E28       CompareString
 0001:00007D4C       CompareText
 0001:00008524       CompareWith
 0001:0002025C       ComponentCreated
 0001:00029E8C       ComputeAldusChecksum
 0001:00039514       ComStrs
 0001:000B4A78       ConcatField
 0001:00025F18       Consts
 0001:0002FA44       Contnrs
 0002:00003B82       ControlAtom
 0002:00003B88       ControlAtomString
 0001:0007C3A0       ControlHasHelp
 0001:0006B540       Controls
 0001:0000BF14       ConvertAddr
 0001:0000A51C       ConvertEraString
 0001:00007BC4       ConvertError
 0001:00007BDC       ConvertErrorFmt
 0001:00048CD0       ConvertFlags
 0001:00048B3C       ConvertMask
 0001:00048CF4       ConvertStates
 0001:0000A684       ConvertYearString
 0001:00004AF4       CopyArray
 0001:0002C79C       CopyBitmap
 0001:0002CE64       CopyBitmapAsMask
 0001:00088AAC       CopyByte
 0001:00035F2C       CopyData
 0001:00006130       CopyEnhMetaFile
 0001:0003C15C       CopyImage
 0001:0003CB94       CopyImage
 0001:00006948       CopyMemory
 0001:0002CE00       CopyPalette
 0002:00000DFC       Copyright
 0001:0007279C       CopyToBest
 0002:00001310       CoReleaseServerProcess
 0002:00001314       CoResumeClassObjects
 0002:00001318       CoSuspendClassObjects
 0001:00018E80       CoTaskMemAlloc
 0001:00018E68       CoUninitialize
 0001:0000CC60       CountChars
 0002:000038C4       CounterLock
 0002:0000269C       cQRBandComponentName
 0002:00003E1C       cqrBandFrameColor
 0002:00003E18       cqrBandFrameStyle
 0002:00002670       cQRBandTypeName
 0002:000025C0       cQRBinTranslate
 0002:00003E14       cqrMarginColor
 0002:00003E10       cqrMarginStyle
 0002:00002348       cQRPaperSizeMetrics
 0002:00002550       cQRPaperTranslate
 0002:00003E08       cqrRulerFontColor
 0002:00003DE8       cqrRulerFontName
 0002:00003E0C       cqrRulerFontSize
 0002:00003DE4       cqrRulerMajorColor
 0002:00003DDD       cqrRulerMajorStyle
 0002:00003DE0       cqrRulerMinorColor
 0002:00003DDC       cqrRulerMinorStyle
 0002:00000478       CRangeToType
 0001:0000C474       CreateAssertException
 0001:0000C5FC       CreateAVObject
 0001:00006138       CreateBitmap
 0001:00006140       CreateBrushIndirect
 0001:00006148       CreateCompatibleBitmap
 0001:00006150       CreateCompatibleDC
 0001:000202DC       CreateComponent
 0001:00006158       CreateDC
 0001:00006168       CreateDIBitmap
 0001:00006160       CreateDIBSection
 0001:00006170       CreateEnhMetaFile
 0001:00005E30       CreateEvent
 0001:00005E38       CreateFile
 0001:000002F8       CreateFileA
 0001:00006178       CreateFontIndirect
 0001:00006180       CreateHalftonePalette
 0001:00006188       CreateIC
 0001:00006448       CreateIcon
 0001:0000C3A0       CreateInOutError
 0001:00006450       CreateMenu
 0001:00036824       CreateMessageDialog
 0001:00005E48       CreateMutexA
 0001:00006190       CreatePalette
 0001:00006198       CreatePenIndirect
 0001:00006458       CreatePopupMenu
 0001:000061A0       CreateRectRgn
 0001:000061A8       CreateSolidBrush
 0001:00018EA0       CreateStreamOnHGlobal
 0001:00029684       CreateSystemPalette
 0001:00005E68       CreateThread
 0001:00006A3C       CreateWindow
 0001:000069E4       CreateWindowEx
 0002:00000EE4       CreationControl
 0002:00000944       CreationControl
 0002:0000056C       CRelationshipToBoolean
 0002:0000043C       CResult
 0002:00003D20       CSAnsiToNative
 0002:0000013C       cSimpleBoolStrs
 0002:00003D08       CSNativeToAnsi
 0002:00000514       CText
 0002:00000928       Ctl3DStyles
 0002:00000FE0       Ctl3DStyles
 0002:00003620       curAlloc
 0001:00014960       CurrCompare
 0002:0000368C       CurrencyDecimals
 0002:00003688       CurrencyFormat
 0002:00003684       CurrencyString
 0001:0000A3B4       CurrentYear
 0001:00088988       CurrToBCD
 0001:00009BE0       CurrToStr
 0001:00009C48       CurrToStrF
 0001:00013000       CurrToWStrViaOS
 0002:000011C8       CursorMap
 0002:00000EF4       Cursors
 0001:0005CC14       CursorToIdent
 0002:000011B8       cUseAlpha
 0002:000011C0       cUseColorKey
 0002:00000DCC       CustomizeStyles
 0002:00000334       CVarTypeToElementInfo
 0001:00008278       CvtInt
 0001:000082E4       CvtInt64
 0002:000012F8       CWNear
 0002:0000017C       CWNear
 0001:00090BB8       DatabaseError
 0001:00090C64       DatabaseErrorFmt
 0001:000CEFF8       DataSetOK
 0002:000022F0       DataType
 0002:00002244       DataTypeMap
 0001:0000A304       Date
 0001:00014938       DateCompare
 0002:0000368D       DateSeparator
 0001:0009DCE8       DateTimeToNative
 0001:0008510C       DateTimeToSQLTimeStamp
 0001:0000AFCC       DateTimeToStr
 0001:0000AF40       DateTimeToString
 0001:00009E38       DateTimeToTimeStamp
 0001:0000AF9C       DateToStr
 0001:00013038       DateToWStrViaOS
 0001:0008415C       DateUtils
 0001:0000A2DC       DayOfWeek
 0001:000840F4       DaysInAMonth
 0001:0009FFC4       DB
 0002:00003CB0       DBApplication
 0001:000A43A4       DBCommon
 0001:000843C4       DBConsts
 0001:000A6ABE       DbiAcqPersistTableLock
 0001:000A6AD0       DbiAcqTableLock
 0001:000A63CE       DbiActivateFilter
 0001:000A5D26       DbiAddAlias
 0001:000A5C90       DbiAddDriver
 0001:000A63DA       DbiAddFilter
 0001:000A68F6       DbiAddIndex
 0001:000A6A82       DbiAddPassword
 0001:000A5FA8       DbiAnsiToNative
 0001:000A689C       DbiAppendRecord
 0001:000A5DD4       DbiApplyDelayedUpdates
 0001:000A63BC       DbiBatchMove
 0001:000A5F78       DbiBcdFromFloat
 0001:000A5F7E       DbiBcdToFloat
 0001:000A5C24       DbiBeginConstraintLayer
 0001:000A5DE0       DbiBeginDelayedUpdates
 0001:000A6B0C       DbiBeginLinkMode
 0001:000A63AA       DbiBeginTran
 0001:000A67A0       DbiCfgAddRecord
 0001:000A67B8       DbiCfgBuildPath
 0001:000A6794       DbiCfgDropRecord
 0001:000A6788       DbiCfgGetHelp
 0001:000A67AC       DbiCfgGetNextNode
 0001:000A67A6       DbiCfgGetRecord
 0001:000A6782       DbiCfgMerge
 0001:000A679A       DbiCfgModifyRecord
 0001:000A67B2       DbiCfgPosition
 0001:000A67BE       DbiCfgSave
 0001:000A678E       DbiCfgTranslate
 0001:000A6830       DbiCheckRefresh
 0001:000A5C0C       DbiCheckSQLExpression
 0001:000A6926       DbiCloneCursor
 0001:000A5FC6       DbiCloseConfigFile
 0001:000A6BD2       DbiCloseCursor
 0001:000A6BEA       DbiCloseDatabase
 0001:000A5F2A       DbiCloseFieldXlt
 0001:000A6950       DbiCloseIndex
 0001:000A6A88       DbiCloseSession
 0001:000A692C       DbiCompareBookMarks
 0001:000A6896       DbiCompareKeys
 0001:000A6908       DbiCopyTable
 0001:000A6B1E       DbiCreateInMemTable
 0001:000A690E       DbiCreateTable
 0001:000A686C       DbiCreateTempTable
 0001:000A5BF4       DbiDatabaseFlush
 0001:000A695C       DbiDateDecode
 0001:000A6962       DbiDateEncode
 0001:000A63C8       DbiDeactivateFilter
 0001:000A6758       DbiDebugLayerOptions
 0001:000A5D0E       DbiDeleteAlias
 0001:000A5C8A       DbiDeleteDriver
 0001:000A68F0       DbiDeleteIndex
 0001:000A6B90       DbiDeleteRecord
 0001:000A68FC       DbiDeleteTable
 0001:000A8011       DbiDLLExit
 0001:000A68D8       DbiDoRestructure
 0001:000A5CB4       DbiDRAdd
 0001:000A5DAA       DbiDRAddAttr
 0001:000A5DC2       DbiDRClose
 0001:000A5D44       DbiDRCreate
 0001:000A5D08       DbiDRCreateEnumAttrDomain
 0001:000A5DB0       DbiDRCreateObjectType
 0001:000A5D9E       DbiDRCreateRelationType
 0001:000A5D3E       DbiDRDelete
 0001:000A5CFC       DbiDRDeleteEnumAttrDomain
 0001:000A5D92       DbiDRDeleteObjectType
 0001:000A5D98       DbiDRDeleteRelationType
 0001:000A5CAE       DbiDRDrop
 0001:000A5DA4       DbiDRDropAttr
 0001:000A5DB6       DbiDRExportToFile
 0001:000A5D74       DbiDRGetAttrDescs
 0001:000A5DCE       DbiDRGetDesc
 0001:000A5CF6       DbiDRGetEnumAttrDomain
 0001:000A5D5C       DbiDRGetObjID
 0001:000A5D7A       DbiDRGetObjTypeInfo
 0001:000A5CBA       DbiDRGetRelatedObject
 0001:000A5D6E       DbiDRGetRelTypeInfo
 0001:000A5DBC       DbiDRImportFromFile
 0001:000A5D4A       DbiDRLoadDBObject
 0001:000A5D02       DbiDRModifyEnumAttrDomain
 0001:000A5DC8       DbiDROpen
 0001:000A5D86       DbiDROpenAttrTypeList
 0001:000A5D8C       DbiDROpenObjectTypeList
 0001:000A5D68       DbiDROpenObjSet
 0001:000A5D62       DbiDROpenRelSet
 0001:000A5D80       DbiDROpenRelTypeList
 0001:000A63D4       DbiDropFilter
 0001:000A6A7C       DbiDropPassword
 0001:000A5D56       DbiDRSetToObjID
 0001:000A5D50       DbiDRSetToObjName
 0001:000A68B4       DbiEmptyTable
 0001:000A5C12       DbiEndConstraintLayer
 0001:000A5DDA       DbiEndDelayedUpdates
 0001:000A6B06       DbiEndLinkMode
 0001:000A63A4       DbiEndTran
 0001:000AB5F8       DbiError
 0001:000A7F91       DbiExit
 0001:000A693E       DbiExtractKey
 0001:000A6AA0       DbiForceRecordReread
 0001:000A6AAC       DbiForceReread
 0001:000A6860       DbiFormFullName
 0001:000A69EC       DbiFreeBlob
 0001:000A5E7C       DbiFreeSQLRequest
 0001:000A69FE       DbiGetBlob
 0001:000A69E6       DbiGetBlobHeading
 0001:000A6A04       DbiGetBlobSize
 0001:000A6938       DbiGetBookMark
 0001:000A682A       DbiGetCallBack
 0001:000A63FE       DbiGetClientInfo
 0001:000A6A8E       DbiGetCurrSession
 0001:000A6AA6       DbiGetCursorForTable
 0001:000A6BDE       DbiGetCursorProps
 0001:000A6A4C       DbiGetDatabaseDesc
 0001:000A677C       DbiGetDateFormat
 0001:000A5CD2       DbiGetDefaultRepository
 0001:000A6B72       DbiGetDirectory
 0001:000A6A58       DbiGetDriverDesc
 0001:000A6854       DbiGetErrorContext
 0001:000A684E       DbiGetErrorEntry
 0001:000A6884       DbiGetErrorInfo
 0001:000A685A       DbiGetErrorString
 0001:000A6356       DbiGetExactRecordCount
 0001:000A696E       DbiGetField
 0001:000A6BD8       DbiGetFieldDescs
 0001:000A6A34       DbiGetFieldTypeDesc
 0001:000A5F3C       DbiGetFilterInfo
 0001:000A6944       DbiGetIndexDesc
 0001:000A5FBA       DbiGetIndexDescs
 0001:000A68EA       DbiGetIndexForField
 0001:000A68E4       DbiGetIndexSeqNo
 0001:000A6A28       DbiGetIndexTypeDesc
 0001:000A63E6       DbiGetLdName
 0001:000A6386       DbiGetLdNameFromDb
 0001:000A6878       DbiGetLdObj
 0001:000A6AF4       DbiGetLinkStatus
 0001:000A69BC       DbiGetNetUserName
 0001:000A6BBA       DbiGetNextRecord
 0001:000A6764       DbiGetNumberFormat
 0001:000A5F96       DbiGetObjFromName
 0001:000A5F48       DbiGetObjFromObj
 0001:000A6BB4       DbiGetPriorRecord
 0001:000A5FA2       DbiGetProp
 0001:000A6BAE       DbiGetRecord
 0001:000A6BA2       DbiGetRecordCount
 0001:000A6890       DbiGetRecordForKey
 0001:000A6BA8       DbiGetRelativeRecord
 0001:000A5F00       DbiGetRintDesc
 0001:000A6B8A       DbiGetSeqNo
 0001:000A69C2       DbiGetSesInfo
 0001:000A5E82       DbiGetSQLRequest
 0001:000A69D4       DbiGetSysConfig
 0001:000A69CE       DbiGetSysInfo
 0001:000A69DA       DbiGetSysVersion
 0001:000A6A10       DbiGetTableOpenCount
 0001:000A6A40       DbiGetTableTypeDesc
 0001:000A6770       DbiGetTimeFormat
 0001:000A639E       DbiGetTranInfo
 0001:000A5F06       DbiGetVchkDesc
 0001:000A5C84       DbiImportODBC
 0001:000A43B4       DbiInit
 0001:000A7E96       DbiInitFn
 0001:000A6920       DbiInitRecord
 0001:000A6B9C       DbiInsertRecord
 0001:000A6AEE       DbiIsRecordLocked
 0001:000A6AE8       DbiIsTableLocked
 0001:000A6AE2       DbiIsTableShared
 0001:000A6B00       DbiLinkDetail
 0001:000A6ADC       DbiLinkDetailToExp
 0001:000A6A16       DbiLoadDriver
 0001:000A5FB4       DbiMakePermanent
 0001:000A6B96       DbiModifyRecord
 0001:000A5FAE       DbiNativeToAnsi
 0001:000A6A0A       DbiOpenBlob
 0001:000A5FD2       DbiOpenCfgInfoList
 0001:000A5FCC       DbiOpenConfigFile
 0001:000A6BF0       DbiOpenDatabase
 0001:000A6A52       DbiOpenDatabaseList
 0001:000A6A5E       DbiOpenDriverList
 0001:000A6B3C       DbiOpenFamilyList
 0001:000A6B54       DbiOpenFieldList
 0001:000A6A3A       DbiOpenFieldTypesList
 0001:000A5F18       DbiOpenFieldXlt
 0001:000A6B60       DbiOpenFileList
 0001:000A5D32       DbiOpenFunctionArgList
 0001:000A5D38       DbiOpenFunctionList
 0001:000A6956       DbiOpenIndex
 0001:000A6B5A       DbiOpenIndexList
 0001:000A6A2E       DbiOpenIndexTypesList
 0001:000A6B4E       DbiOpenLdList
 0001:000A6A70       DbiOpenLockList
 0001:000A5C06       DbiOpenNestedTable
 0001:000A5BFA       DbiOpenRef
 0001:000A5CDE       DbiOpenRepositoryList
 0001:000A6B42       DbiOpenRintList
 0001:000A6B24       DbiOpenSecurityList
 0001:000A5CC0       DbiOpenSessionRepository
 0001:000A5EA6       DbiOpenSPList
 0001:000A5EA0       DbiOpenSPParamList
 0001:000A6BE4       DbiOpenTable
 0001:000A6B66       DbiOpenTableList
 0001:000A6A46       DbiOpenTableTypesList
 0001:000A6A76       DbiOpenUserList
 0001:000A6B48       DbiOpenVchkList
 0001:000A68BA       DbiPackTable
 0001:000A69F8       DbiPutBlob
 0001:000A6968       DbiPutField
 0001:000A6980       DbiQAlloc
 0001:000A6998       DbiQExec
 0001:000A69A4       DbiQExecDirect
 0001:000A5E8E       DbiQExecProcDirect
 0001:000A6986       DbiQFree
 0001:000A697A       DbiQGetBaseDescs
 0001:000A698C       DbiQInstantiateAnswer
 0001:000A699E       DbiQPrepare
 0001:000A5E88       DbiQPrepareExt
 0001:000A5E9A       DbiQPrepareProc
 0001:000A6992       DbiQSetParams
 0001:000A5E94       DbiQSetProcParams
 0001:000A6B18       DbiReadBlock
 0001:000A68AE       DbiRegenIndex
 0001:000A68A8       DbiRegenIndexes
 0001:000A6974       DbiRegisterCallBack
 0001:000A6AB8       DbiRelPersistTableLock
 0001:000A6AC4       DbiRelRecordLock
 0001:000A6ACA       DbiRelTableLock
 0001:000A6902       DbiRenameTable
 0001:000A6B7E       DbiResetRange
 0001:000A6AB2       DbiSaveChanges
 0001:000A5CA8       DbiSchemaCacheFlush
 0001:000A6A94       DbiSetCurrSession
 0001:000A6776       DbiSetDateFormat
 0001:000A5CD8       DbiSetDefaultRepository
 0001:000A6B6C       DbiSetDirectory
 0001:000A688A       DbiSetFieldMap
 0001:000A6A64       DbiSetLockRetry
 0001:000A675E       DbiSetNumberFormat
 0001:000A6A6A       DbiSetPrivateDir
 0001:000A5F9C       DbiSetProp
 0001:000A6B84       DbiSetRange
 0001:000A676A       DbiSetTimeFormat
 0001:000A6BCC       DbiSetToBegin
 0001:000A6932       DbiSetToBookMark
 0001:000A6BC0       DbiSetToCursor
 0001:000A6BC6       DbiSetToEnd
 0001:000A6B78       DbiSetToKey
 0001:000A68DE       DbiSetToRecordNo
 0001:000A691A       DbiSetToSeqNo
 0001:000A6398       DbiSortTable
 0001:000A5C30       DbiSQLTextToCanEx
 0001:000A6A9A       DbiStartSession
 0001:000A694A       DbiSwitchToIndex
 0001:000A68CC       DbiTimeDecode
 0001:000A68D2       DbiTimeEncode
 0001:000A68C0       DbiTimeStampDecode
 0001:000A68C6       DbiTimeStampEncode
 0001:000A5F30       DbiTranslateField
 0001:000A5F36       DbiTranslateRecordStructure
 0001:000A69F2       DbiTruncateBlob
 0001:000A63F2       DbiUndeleteRecord
 0001:000A6AFA       DbiUnlinkDetail
 0001:000A6872       DbiUseIdleTime
 0001:000A5F1E       DbiValidateProp
 0001:000A6914       DbiVerifyField
 0001:000A6B12       DbiWriteBlock
 0002:00003CAC       DBScreen
 0001:000B7CA0       DBTables
 0002:00000178       DCon10
 0002:0000062C       DDBsOnly
 0001:00025A74       DeallocateHWnd
 0002:00000028       DebugHook
 0002:0000368B       DecimalSeparator
 0001:00015B38       DecIndices
 0001:0000A2BC       DecodeDate
 0001:0000A170       DecodeDateFully
 0001:00009FE0       DecodeTime
 0001:00000878       Decommit
 0001:00000E94       DecommitFree
 0002:000035FC       decommittedRoot
 0001:0007A028       Default
 0001:0007F770       Default
 0002:00000020       Default8087CW
 0002:00000EE8       DefaultDockTreeClass
 0002:00001334       DefaultFieldClasses
 0001:0004759C       DefaultListViewSort
 0001:000AA7CC       DefaultSession
 0002:00000034       DefaultTextLineBreakStyle
 0002:000035C0       DefaultUserCodePage
 0002:00000880       DefBrushData
 0002:00000600       DefFontData
 0001:00006460       DefFrameProc
 0002:00000208       DefLongDayNames
 0002:000001BC       DefLongMonthNames
 0001:00006468       DefMDIChildProc
 0002:00000860       DefPenData
 0002:000001EC       DefShortDayNames
 0002:0000018C       DefShortMonthNames
 0001:00006470       DefWindowProc
 0001:00004E60       DelayLoadResourceModule
 0001:00000534       DeleteBlock
 0001:000004A4       DeleteCriticalSection
 0001:00005E70       DeleteCriticalSection
 0001:000061B0       DeleteDC
 0001:000061B8       DeleteEnhMetaFile
 0001:000087DC       DeleteFile
 0001:00005E78       DeleteFile
 0001:00000CDC       DeleteFree
 0001:00006478       DeleteMenu
 0001:000061C0       DeleteObject
 0001:0002C358       DeselectBitmap
 0001:00006480       DestroyCursor
 0001:00006488       DestroyIcon
 0001:0003CCA4       DestroyLocals
 0001:00006490       DestroyMenu
 0001:00006498       DestroyWindow
 0001:00031804       DeviceCapabilities
 0001:00059E80       DialogEnumerationTester
 0001:000350FC       DialogHook
 0001:00037074       Dialogs
 0002:000008BC       DIBPalSizes
 0002:00000090       dig
 0002:00000D44       Directions
 0001:00077354       DisableTaskWindows
 0001:0008A54C       DispatchInvoke
 0001:0008AB2C       DispatchInvokeError
 0001:000064A0       DispatchMessage
 0001:0007D680       DispatchShortCut
 0001:0008AB48       DispCall
 0001:0008AC2C       DispCallByID
 0002:00003000       DispCallByIDProc
 0001:0008AA58       DispCallError
 0002:0000232C       DispIDArgs
 0001:00090CC0       DisposeMem
 0002:0000231C       DispParams
 0001:00007BA8       DivMod
 0001:000345C4       Dlgs
 0001:000AB098       DLLDetachCallBack
 0001:000629D8       DoAlign
 0001:0007E9CC       DoAlign
 0001:0009D394       DoBindFields
 0001:00066B08       DoCalcConstraints
 0002:00003BB8       DockSiteList
 0001:000733BC       DoClick
 0001:0006411C       DoControlMsg
 0001:0003180C       DocumentProperties
 0001:00077304       DoDisableWindow
 0001:0005D9A8       DoDragOver
 0001:00007C20       DoExitProc
 0001:00068B78       DoFindControlZone
 0001:00077440       DoFindWindow
 0001:00069104       DoFindZone
 0001:00068BFC       DoForEach
 0001:0006A508       DoGetNextLimit
 0001:000772CC       DoneApplication
 0001:0006B268       DoneControls
 0001:0000C928       DoneExceptions
 0001:0007B9FC       DoNestedActivation
 0001:00024694       DoneThreadSynchronization
 0001:00062598       DoPosition
 0001:0007E81C       DoPosition
 0001:00069B30       DoPrune
 0001:000381E0       DoRect
 0001:0006A008       DoSaveZone
 0001:0006A20C       DoSetNewBounds
 0002:000012FC       Dot
 0002:00000588       DotSep
 0002:00000DA4       DownMessage
 0002:00000C78       DownStyles
 0001:0006DD0C       DoWrite
 0001:0002A314       DoWrite
 0001:0002AF6C       DoWrite
 0001:0001D520       DoWrite
 0001:00063704       DoWriteDesignSize
 0001:0006105C       DoWriteIsControl
 0002:00003B9C       DragCapture
 0002:00003B90       DragControl
 0001:0005E0F0       DragDone
 0001:0005D958       DragFindTarget
 0001:0005D92C       DragFindWindow
 0002:00003BB4       DragImageList
 0001:0005DD48       DragInit
 0001:0005DEB8       DragInitControl
 0002:00003B98       DragInternalObject
 0001:0005D874       DragMessage
 0002:00003B94       DragObject
 0002:00003BC0       DragSave
 0002:00003BA8       DragSaveCursor
 0002:00003BA0       DragStartPos
 0002:00003BAC       DragThreshold
 0001:0005DA78       DragTo
 0001:0007F7AC       DrawAppIcon
 0001:0006969C       DrawCloseButton
 0001:000064A8       DrawEdge
 0001:000064B0       DrawFocusRect
 0001:000064B8       DrawFrameControl
 0001:000696F4       DrawGrabberLine
 0001:000064C0       DrawIcon
 0001:000064C8       DrawIconEx
 0002:0000101C       DrawingStyles
 0001:000064D0       DrawMenuBar
 0001:000747A4       DrawMenuItem
 0001:000064D8       DrawText
 0002:0000398C       DrawThemeBackground
 0002:000039B0       DrawThemeEdge
 0002:000039B4       DrawThemeIcon
 0002:00003A38       DrawThemeParentBackground
 0002:00003990       DrawThemeText
 0001:000D9364       drillchange
 0001:000A5C1E       DsProviderGetDataPacket
 0001:000A5C18       DsResolver
 0001:00029154       DupBits
 0001:00015AE4       DynArrayBounds
 0001:00004B0C       DynArrayClear
 0001:00015A5C       DynArrayDim
 0001:00015A40       DynArrayElTypeInfo
 0001:00015F94       DynArrayFromVariant
 0001:00015A00       DynArrayIndex
 0001:00004B14       DynArraySetLength
 0001:00015A74       DynArraySize
 0001:00015C44       DynArrayToVariant
 0001:00015BA4       DynArrayVariantBounds
 0001:00015BFC       DynArrayVarType
 0001:000AB710       EDBEngineError.Create
 0001:000ABA2C       EDBEngineError.Destroy
 0001:000ABA80       EDBEngineError.GetError
 0002:00001108       EdgeStyle
 0002:00000FD0       EdgeStyles
 0002:00000CE4       EditStyles
 0001:0000C374       EHeapException.FreeInstance
 0001:000061C8       Ellipse
 0002:00000EA4       Empty
 0001:000064E0       EmptyClipboard
 0001:000147C4       EmptyCompare
 0002:00003800       EmptyParam
 0002:00003D9C       EmptyParam
 0002:000000C0       EmptyStr
 0002:000000C4       EmptyWideStr
 0001:000064E8       EnableMenuItem
 0002:000010A0       Enables
 0001:000064F0       EnableScrollBar
 0001:00077408       EnableTaskWindows
 0002:00003A20       EnableThemeDialogTexture
 0002:00003A3C       EnableTheming
 0001:000064F8       EnableWindow
 0001:0000A140       EncodeDate
 0001:00009FA0       EncodeTime
 0001:000061D0       EndDoc
 0001:0001B9C8       EndGlobalLoading
 0001:000A2768       EndOfLiteral
 0001:000061D8       EndPage
 0001:00006500       EndPaint
 0002:000022C4       EndType
 0001:00000494       EnterCriticalSection
 0001:00005E80       EnterCriticalSection
 0001:00005E88       EnumCalendarInfoA
 0002:00003920       EnumDisplayMonitors
 0001:0000BB88       EnumEraNames
 0001:0000BBC4       EnumEraYearOffsets
 0001:0007A5EC       EnumMonitorsProc
 0001:00031814       EnumPrinters
 0001:00006508       EnumThreadWindows
 0001:0001FA8C       EnumValue
 0001:00006510       EnumWindows
 0001:0008A120       EOleException.Create
 0001:0008A050       EOleSysError.Create
 0001:00006518       EqualRect
 0002:00003754       EraNames
 0001:0000B244       EraToYear
 0002:00003770       EraYearOffsets
 0002:00000068       errCaption
 0001:000A43AC       ErrCat
 0001:0001AEA0       Error
 0001:00001954       Error
 0001:0006F3FC       Error
 0001:0001F270       Error
 0002:00000004       ErrorAddr
 0001:00001908       ErrorAt
 0001:000B8F04       ErrorCreate
 0001:0000C420       ErrorHandler
 0002:00000224       ErrorMap
 0002:00003008       ErrorProc
 0002:000033E8       ErrOutput
 0001:00090AE4       EUpdateError.Create
 0001:00090B88       EUpdateError.Destroy
 0002:0000148C       Events
 0001:000018A8       ExceptAddr
 0002:0000300C       ExceptClsProc
 0001:0000C894       ExceptHandler
 0001:0000C1A0       Exception.Create
 0001:0000C1DC       Exception.CreateFmt
 0001:0000C32C       Exception.CreateHelp
 0001:0000C25C       Exception.CreateRes
 0001:0000C298       Exception.CreateResFmt
 0002:0000301C       ExceptionClass
 0001:0000BF20       ExceptionErrorMessage
 0002:0000025C       ExceptMap
 0001:00001888       ExceptObject
 0002:00003010       ExceptObjProc
 0002:00003004       ExceptProc
 0001:000061E0       ExcludeClipRect
 0002:00000000       ExitCode
 0001:00003694       ExitDll
 0002:00003048       ExitProc
 0001:00000358       ExitProcess
 0002:00003028       ExitProcessProc
 0002:00000138       ExitProcList
 0001:000089BC       ExpandFileName
 0001:000353D4       ExplorerHook
 0001:0003CFD0       ExtActns
 0001:000394A4       ExtCtrls
 0001:0003CE3C       ExtDlgs
 0001:00090CE8       ExtractFieldName
 0001:00008974       ExtractFileExt
 0001:0000893C       ExtractFileName
 0001:00035A4C       ExtractFileName
 0001:00035A94       ExtractFileNames
 0001:00008908       ExtractFilePath
 0001:000896C8       ExtractLiterals
 0001:0008931C       ExtractMoneySymbol
 0002:000022DC       Exts
 0001:000061E8       ExtTextOut
 0002:00003790       FalseBoolStrs
 0001:00005E90       FatalAppExitA
 0002:00003ABC       FClipboard
 0002:0000016C       FCon1E18
 0002:000012F4       FConst10
 0002:00003CF0       FCSect
 0001:0003196C       FetchStr
 0002:00003D58       FGlobalEnvironment
 0002:000013CC       FieldTypeNames
 0001:00008764       FileAge
 0001:0000875C       FileClose
 0001:000086A0       FileCreate
 0001:000086C4       FileCreate
 0001:000087CC       FileExists
 0002:000008B4       FileFormats
 0002:00000008       FileMode
 0001:00001BF4       FileNOPProc
 0001:00008648       FileOpen
 0001:000086CC       FileRead
 0002:000005C4       FilerSignature
 0001:00008724       FileSeek
 0001:00005E98       FileTimeToDosDateTime
 0001:00005EA0       FileTimeToLocalFileTime
 0001:000086F8       FileWrite
 0001:00000DC4       FillAfterGap
 0001:00000D70       FillBeforeGap
 0001:00000E5C       FillerSizeAfterGap
 0001:00000DEC       FillerSizeBeforeGap
 0001:00006520       FillRect
 0002:00000C80       FillStyles
 0001:000819C8       Finalization
 0001:0003455C       Finalization
 0001:000CC644       Finalization
 0001:000D77B0       Finalization
 0001:00034594       Finalization
 0001:0001729C       Finalization
 0001:00017078       Finalization
 0001:000329F4       Finalization
 0001:000D901C       Finalization
 0001:0003450C       Finalization
 0001:00082410       Finalization
 0001:00082448       Finalization
 0001:000520F8       Finalization
 0001:0009FF68       Finalization
 0001:00052DA4       Finalization
 0001:000D9334       Finalization
 0001:00082480       Finalization
 0001:0003446C       Finalization
 0001:00059474       Finalization
 0001:00034434       Finalization
 0001:000343FC       Finalization
 0001:000343C4       Finalization
 0001:000A4374       Finalization
 0001:000317B4       Finalization
 0001:00005A08       Finalization
 0001:000BEAA4       Finalization
 0001:0005A0F8       Finalization
 0001:000824B8       Finalization
 0001:000BF6A4       Finalization
 0001:00018BA8       Finalization
 0001:0003438C       Finalization
 0001:000BF6DC       Finalization
 0001:00082880       Finalization
 0001:00032D18       Finalization
 0001:00018EC4       Finalization
 0001:00037018       Finalization
 0001:00032EC4       Finalization
 0001:000835B8       Finalization
 0001:000C4104       Finalization
 0001:000C41A8       Finalization
 0001:000C8408       Finalization
 0001:0008AD80       Finalization
 0001:0003945C       Finalization
 0001:000394E4       Finalization
 0001:000D75A0       Finalization
 0001:00083830       Finalization
 0001:0003951C       Finalization
 0001:000307CC       Finalization
 0001:000338B8       Finalization
 0001:00074A80       Finalization
 0001:00033848       Finalization
 0001:000395B0       Finalization
 0001:000B8378       Finalization
 0001:000B8094       Finalization
 0001:000B7C14       Finalization
 0001:00083BCC       Finalization
 0001:00083ED0       Finalization
 0001:000840BC       Finalization
 0001:0003078C       Finalization
 0001:00025A9C       Finalization
 0001:00089E5C       Finalization
 0001:000A81F8       Finalization
 0001:000C778C       Finalization
 0001:0008412C       Finalization
 0001:00089DE4       Finalization
 0001:000C29BC       Finalization
 0001:000A80E0       Finalization
 0001:000A8078       Finalization
 0001:000C7754       Finalization
 0001:0003182C       Finalization
 0001:000DFE4C       Finalization
 0001:00084394       Finalization
 0001:0003CDAC       Finalization
 0001:000C76BC       Finalization
 0001:000C7684       Finalization
 0001:000C764C       Finalization
 0001:0003CE0C       Finalization
 0001:00025EE8       Finalization
 0001:0006E45C       Finalization
 0001:00005C38       Finalization
 0001:000C75BC       Finalization
 0001:0003000C       Finalization
 0001:000C2964       Finalization
 0001:0000E2F4       Finalization
 0001:0003EBE4       Finalization
 0001:00005CF4       Finalization
 0001:000852E8       Finalization
 0001:00006F4C       Finalization
 0001:0006C89C       Finalization
 0001:0002FA14       Finalization
 0001:00006BC4       Finalization
 0001:0003CE5C       Finalization
 0001:0006B4D8       Finalization
 0001:000DFE84       Finalization
 0001:00006B8C       Finalization
 0001:0003CEC4       Finalization
 0001:0003CF28       Finalization
 0001:0002F488       Finalization
 0001:000C2890       Finalization
 0001:0000ECD8       Finalization
 0001:0003CF80       Finalization
 0001:0002F710       Finalization
 0001:0005930C       Finalization
 0001:00004B04       FinalizeArray
 0001:000034C8       FinalizeUnits
 0001:0007317C       Find
 0001:000225C0       FindAncestor
 0001:00004ED0       FindBS
 0001:0004FB5C       FindButton
 0001:0001B3BC       FindClass
 0001:00004E58       FindClassHInstance
 0001:00005EA8       FindClose
 0001:00000368       FindClose
 0001:00000D40       FindCommitted
 0001:0005C9F4       FindControl
 0001:00069330       FindControlAtPos
 0001:00016E98       FindCustomVariantType
 0001:00016F50       FindCustomVariantType
 0001:000D3B1C       FindDesigner
 0001:0005E414       FindDragTarget
 0001:0002048C       FindExistingComponent
 0001:00005EB0       FindFirstFile
 0001:00000370       FindFirstFile
 0001:00005EB8       FindFirstFileA
 0001:0007754C       FindGlobalComponent
 0001:0001B858       FindGlobalComponent
 0002:00003864       FindGlobalComponentProcs
 0001:00004E30       FindHInstance
 0001:0001B700       FindIdentToInt
 0001:0001B684       FindIntToIdent
 0002:00003D74       FindMsg
 0002:00003A7C       FindMsg
 0001:0001F61C       FindNestedComponent
 0001:0006F3C4       FindPopupControl
 0001:0000E9A0       FindProc
 0001:00005EC0       FindResource
 0001:00004EA8       FindResourceHInstance
 0001:0008121C       FindScanline
 0001:000774A4       FindTopMostWindow
 0001:00021370       FindUniqueName
 0001:00015304       FindVarData
 0001:0005E3E0       FindVCLWindow
 0001:00006528       FindWindow
 0001:00059ED8       FindWinHelp
 0001:0002C750       FixupBitFields
 0001:000C90E4       FixupFileHeader
 0002:00001118       Flags
 0002:000037A0       FLanguages
 0002:00000DBC       FlatOnXp
 0001:00032D48       FlatSB
 0002:0000394C       FlatSB_EnableScrollBar
 0002:00003958       FlatSB_GetScrollInfo
 0002:0000395C       FlatSB_GetScrollPos
 0002:00003954       FlatSB_GetScrollRange
 0002:00003964       FlatSB_SetScrollInfo
 0002:00003960       FlatSB_SetScrollPos
 0001:00032A38       FlatSB_SetScrollProp
 0002:00003968       FlatSB_SetScrollRange
 0002:00003950       FlatSB_ShowScrollBar
 0002:00000DB4       FlatStyles
 0002:000021F8       FldSubTypeMap
 0002:000021D0       FldTypeMap
 0001:000BA4A4       Flip
 0001:00009870       FloatToDecimal
 0001:00009BB0       FloatToStr
 0001:00009C10       FloatToStrF
 0001:000092A8       FloatToText
 0001:0000957C       FloatToTextFmt
 0001:00001EC0       Flush
 0001:000C0234       FlushLine
 0002:00000180       FMSecsPerDay
 0001:00089E20       FMTBcd
 0002:000012C0       FMTBcdVariantType
 0001:000091A4       FmtStr
 0002:00001134       FocusCount
 0002:00001130       FocusMessages
 0002:000007D0       FontCharsets
 0002:000038DC       FontManager
 0001:000C4A34       FontToOleFont
 0002:00000940       ForceCurrentDirectory
 0001:00077520       ForegroundTask
 0002:00003E3C       Form1
 0002:00003E24       Form10
 0002:00003C4C       Form2
 0002:00003C5C       Form3
 0002:00003C64       Form4
 0002:00003C6C       Form5
 0002:00003C44       Form6
 0002:00003C74       Form7
 0002:00003E2C       Form8
 0002:00003E34       Form9
 0001:00009190       Format
 0002:00000188       Format
 0001:00089D1C       FormatBcd
 0001:00008D98       FormatBuf
 0001:00008D8C       FormatClearStr
 0001:00009CD8       FormatCurr
 0001:00008D10       FormatError
 0002:00000164       FormatErrorStrs
 0001:00009C80       FormatFloat
 0001:000C05D4       FormatFromCaption
 0001:000C0698       FormatFromStringList
 0001:000823DC       FormatMaskText
 0001:00005EC8       FormatMessage
 0001:00089964       FormatOneBcd
 0001:00008D68       FormatVarToStr
 0001:00081A24       Forms
 0001:000025FC       FPower10
 0002:0000090C       FPrinter
 0002:00003DD0       FQRPrinter
 0001:0008868C       FractionToStr
 0001:000382A4       Frame3D
 0001:00006530       FrameRect
 0001:0000DED4       FreeAndNil
 0001:000B11AC       FreeBuffer
 0001:00000AAC       FreeCommitted
 0001:00000FCC       FreeCurAlloc
 0001:0005E4D4       FreeDeviceContext
 0001:0005E590       FreeDeviceContexts
 0001:00025868       FreeIntConstList
 0001:00000378       FreeLibrary
 0001:00005ED0       FreeLibrary
 0001:000C4E7C       FreeList
 0001:0002C2AC       FreeMemoryContexts
 0001:0002599C       FreeObjectInstance
 0001:000775E0       FreeObjectInstance
 0001:00005EF0       FreeResource
 0001:0000072C       FreeSpace
 0001:000AAD40       FreeStatementLocale
 0001:0000D900       FreeTerminateProcs
 0001:00032EFC       FreeThemeLibrary
 0001:000AB008       FreeTimer
 0002:00003B1C       FRichEditModule
 0001:000CAE64       GBin
 0001:000CAE24       GCopies
 0001:0000D9D0       GDAL
 0001:00029144       GDICheck
 0001:0002909C       GDIError
 0001:000CAEB8       GDuplex
 0001:00001A94       Get8087CW
 0001:00005EF8       GetACP
 0001:00006538       GetActiveWindow
 0001:0007EEA8       GetAnimation
 0001:00036180       GetAveCharSize
 0001:0003A26C       GetBitBtnGlyph
 0001:000061F0       GetBitmapBits
 0001:000004AC       GetBlockDesc
 0001:000061F8       GetBrushOrgEx
 0001:00006540       GetCapture
 0001:0005CD10       GetCaptureControl
 0001:0001B368       GetClass
 0001:00006548       GetClassInfo
 0001:00006550       GetClassName
 0001:00006558       GetClientRect
 0001:00006560       GetClipboardData
 0001:0002AADC       GetClipboardFormats
 0001:00006200       GetClipBox
 0001:00000448       GetCmdShow
 0001:0006CAF4       GetColor
 0001:0004444C       GetComCtlVersion
 0001:00000380       GetCommandLine
 0001:000008F8       GetCommitted
 0001:00000988       GetCommittedAt
 0001:00023978       GetComponentValue
 0001:00063CD0       GetControlAtPos
 0001:0000A478       GetCount
 0001:00005F00       GetCPInfo
 0001:00005F08       GetCurrentDirectoryA
 0001:00006208       GetCurrentPositionEx
 0001:00005F10       GetCurrentProcessId
 0002:00003A30       GetCurrentThemeName
 0001:00000438       GetCurrentThreadId
 0001:00005F18       GetCurrentThreadId
 0001:00006940       GetCurrentTime
 0001:00006568       GetCursor
 0001:0008122C       GetCursorHeightMargin
 0001:00006570       GetCursorPos
 0001:0000A4A4       GetDate
 0001:00005F20       GetDateFormat
 0001:0000B15C       GetDateOrder
 0001:00006578       GetDC
 0001:00006580       GetDCEx
 0001:00006210       GetDCOrgEx
 0001:000B28DC       GetDefaultExpression
 0001:0002F098       GetDefFontCharSet
 0001:0001CAC8       GetDesigner
 0001:00006588       GetDesktopWindow
 0001:00006228       GetDeviceCaps
 0001:0002A0A4       GetDIB
 0001:00006218       GetDIBColorTable
 0001:00006220       GetDIBits
 0001:00029FEC       GetDIBSizes
 0001:000292B4       GetDInColors
 0001:00005F28       GetDiskFreeSpaceA
 0002:00000134       GetDiskFreeSpaceEx
 0001:00006590       GetDlgItem
 0001:0006A5E8       GetDockAlign
 0001:0005D6B8       GetDockSiteAtPos
 0001:0005D9E4       GetDropCtl
 0001:00002C7C       GetDynaMethod
 0001:00006230       GetEnhMetaFileBits
 0001:00006238       GetEnhMetaFileDescription
 0001:00006240       GetEnhMetaFileHeader
 0001:00006248       GetEnhMetaFilePaletteEntries
 0001:00017B88       GetEnumName
 0001:00017C60       GetEnumNameValue
 0001:00017F0C       GetEnumProp
 0001:00017CAC       GetEnumValue
 0001:0000BC3C       GetEraNamesAndYearOffsets
 0001:0000B1F0       GetEraYearOffset
 0001:00018EB0       GetErrorInfo
 0001:000AB6A0       GetErrorString
 0001:0000C5E4       GetExceptionClass
 0001:0000C7C8       GetExceptionObject
 0001:0001B2F0       GetFieldClassTable
 0001:000B273C       GetFieldConstraint
 0001:000A0F44       GetFieldInfo
 0001:000AA958       GetFieldSource
 0001:0002AABC       GetFileFormats
 0001:000C90DC       GetFileHeaderSize
 0001:00000308       GetFileSize
 0001:00000300       GetFileType
 0001:0000CA38       GetFileVersion
 0001:000060F8       GetFileVersionInfo
 0001:00006100       GetFileVersionInfoSize
 0001:00018634       GetFloatProp
 0001:00006598       GetFocus
 0001:000C2EA4       GetFontAccess
 0001:00027AA8       GetFontData
 0001:000065A0       GetForegroundWindow
 0001:00089C58       GetFormat
 0001:0000D384       GetFormatSettings
 0001:00005F30       GetFullPathName
 0001:00027014       GetHashCode
 0001:000AE22C       GetHashCode
 0001:0007C3D8       GetHelpInfo
 0001:00030C4C       GetHelpSystem
 0001:0007EC8C       GetHint
 0001:0007ECC4       GetHintControl
 0001:00074920       GetHotkey
 0001:000065A8       GetIconInfo
 0001:0008A8C4       GetIDsOfNames
 0001:000B61C8       GetIdx
 0001:0004D50C       GetImageBitmap
 0001:000A0BA8       GetIndexForOrderBy
 0001:00018A50       GetInt64Prop
 0001:00018AB4       GetInterfaceProp
 0001:000AB434       GetIntProp
 0001:000065C0       GetKeyboardLayout
 0001:000065C8       GetKeyboardLayoutList
 0001:000065D0       GetKeyboardState
 0001:000028E8       GetKeyboardType
 0001:000065B0       GetKeyNameText
 0001:000065B8       GetKeyState
 0001:000065D8       GetLastActivePopup
 0001:000688B0       GetLastChildZone
 0001:00005F38       GetLastError
 0001:00000388       GetLastError
 0001:000471F8       GetLength
 0001:0000BA00       GetLocaleChar
 0001:00005F48       GetLocaleInfo
 0001:00000390       GetLocaleInfo
 0001:0000B9B4       GetLocaleStr
 0001:00005F40       GetLocalTime
 0001:0005CC78       GetLongHint
 0001:000182DC       GetLongStrProp
 0001:000065E0       GetMenu
 0001:0007C360       GetMenuHelpContext
 0001:000065E8       GetMenuItemCount
 0001:000065F0       GetMenuItemID
 0001:000065F8       GetMenuItemInfo
 0001:000719C8       GetMenuSize
 0001:00006600       GetMenuState
 0001:00006608       GetMenuString
 0001:00006610       GetMessagePos
 0001:00006618       GetMessageTime
 0001:000189D8       GetMethodProp
 0001:00005F50       GetModuleFileName
 0001:00000398       GetModuleFileName
 0001:000003A0       GetModuleHandle
 0001:00005B30       GetModuleHandle
 0001:00005F58       GetModuleHandle
 0001:00005F60       GetModuleHandleA
 0002:00003914       GetMonitorInfo
 0002:00003918       GetMonitorInfoA
 0002:0000391C       GetMonitorInfoW
 0001:0000BA64       GetMonthDayNames
 0001:00006620       GetNextWindow
 0001:00006250       GetObject
 0002:00003CE8       GetObjectContextProc
 0001:000C2F44       GetOleFont
 0001:000C2FFC       GetOlePicture
 0001:00034544       GetOpenFileName
 0001:00017E3C       GetOrdProp
 0001:00006258       GetPaletteEntries
 0001:000AAB58       GetParamData
 0001:000AAAB8       GetParamDataSize
 0001:00006628       GetParent
 0001:00077734       GetParentForm
 0001:000A0DD4       GetPChar
 0001:000AA7E8       GetPChar
 0001:000B2724       GetPChar
 0001:000C2EF4       GetPictureAccess
 0001:00006260       GetPixel
 0001:00035DAC       GetPrinter
 0001:0003181C       GetPrinterDriver
 0001:000003A8       GetProcAddress
 0001:00005F68       GetProcAddress
 0001:00005F70       GetProfileString
 0001:00006630       GetProp
 0001:00017D80       GetPropInfo
 0001:00017D10       GetPropInfo
 0001:00017528       GetPropInfo
 0001:00017508       GetPropInfo
 0001:00017DB8       GetPropInfos
 0001:00017548       GetPropValue
 0001:00077BF4       GetRealScrollPosition
 0001:0006CAD4       GetRGBColor
 0001:00006268       GetRgnBox
 0001:0003454C       GetSaveFileName
 0001:00006638       GetScrollInfo
 0001:00006640       GetScrollPos
 0001:00006648       GetScrollRange
 0001:00017F80       GetSetProp
 0001:0005CC34       GetShortHint
 0001:000181D4       GetShortStrProp
 0001:0001826C       GetShortStrPropAsLongStr
 0001:00000650       GetSpace
 0001:000006B4       GetSpaceAt
 0001:0006F454       GetSpecialName
 0001:000A028C       GetSQLToken
 0001:000003B0       GetStartupInfo
 0001:000AE37C       GetStatementHandle
 0001:000AACFC       GetStatementLocale
 0001:00005F78       GetStdHandle
 0001:00000310       GetStdHandle
 0001:000AE298       GetStmtInfo
 0001:00006270       GetStockObject
 0001:00005F80       GetStringTypeEx
 0001:0001840C       GetStrProp
 0001:00006650       GetSubMenu
 0001:00006658       GetSysColor
[...]
   579 0001:000DAE44   580 0001:000DAE6C   581 0001:000DAE7B   582 0001:000DAE91
   583 0001:000DAEB1   584 0001:000DAECC   581 0001:000DAECD   585 0001:000DAED2
   586 0001:000DAEE6   587 0001:000DAF0A   586 0001:000DAF33   587 0001:000DAF36
   585 0001:000DAF37   588 0001:000DAF3C   589 0001:000DAF47   590 0001:000DAF7B
   591 0001:000DAFA5   595 0001:000DAFB8   597 0001:000DAFBE   598 0001:000DAFC9
   600 0001:000DAFD8   604 0001:000DB034   605 0001:000DB046   609 0001:000DB0A8
   610 0001:000DB0BA   613 0001:000DB11C   614 0001:000DB12A   619 0001:000DB180
   620 0001:000DB18D   621 0001:000DB19B   625 0001:000DB1A2   598 0001:000DB1A3
   627 0001:000DB1AA   632 0001:000DB1B0   633 0001:000DB1C0   634 0001:000DB1CB
   635 0001:000DB1D1   636 0001:000DB1E0   638 0001:000DB1E5   641 0001:000DB21D
   642 0001:000DB22F   645 0001:000DB26B   646 0001:000DB27D   648 0001:000DB2B1
   649 0001:000DB2B8   650 0001:000DB2C6   653 0001:000DB2FA   654 0001:000DB301
   655 0001:000DB306   657 0001:000DB311   663 0001:000DB37F   664 0001:000DB389
   665 0001:000DB38B   666 0001:000DB39C   664 0001:000DB3AA   667 0001:000DB3AF
   668 0001:000DB3B1   669 0001:000DB3C2   667 0001:000DB3D1   670 0001:000DB3D6
   671 0001:000DB3D8   672 0001:000DB3E9   670 0001:000DB3F8   673 0001:000DB3FD
   674 0001:000DB3FF   675 0001:000DB410   673 0001:000DB41F   676 0001:000DB424
   677 0001:000DB42B   679 0001:000DB42F   680 0001:000DB439   681 0001:000DB43B
   682 0001:000DB44C   680 0001:000DB45A   683 0001:000DB45F   684 0001:000DB461
   685 0001:000DB472   683 0001:000DB481   686 0001:000DB486   687 0001:000DB488
   688 0001:000DB499   686 0001:000DB4A8   689 0001:000DB4AD   690 0001:000DB4AF
   691 0001:000DB4C0   689 0001:000DB4CF   692 0001:000DB4D4   693 0001:000DB4DB
   697 0001:000DB4DF   635 0001:000DB4E0   699 0001:000DB4EB   705 0001:000DB4F4
   706 0001:000DB512   707 0001:000DB51F   708 0001:000DB524   709 0001:000DB532
   710 0001:000DB53C   711 0001:000DB559   712 0001:000DB573   713 0001:000DB582
   714 0001:000DB59A   715 0001:000DB5BF   716 0001:000DB5DA   707 0001:000DB5DB
   717 0001:000DB5E4   718 0001:000DB5FA   719 0001:000DB652   725 0001:000DB6B0
   726 0001:000DB6CB   727 0001:000DB6D8   728 0001:000DB6EA   729 0001:000DB6F7
   730 0001:000DB702   731 0001:000DB725   732 0001:000DB730   733 0001:000DB763
   734 0001:000DB788   735 0001:000DB793   736 0001:000DB7B9   737 0001:000DB805
   747 0001:000DB83C   748 0001:000DB881   749 0001:000DB88B   750 0001:000DB895
   751 0001:000DB8A3   752 0001:000DB8B3   753 0001:000DB8D1   755 0001:000DB8FA
   758 0001:000DB90C   759 0001:000DB91A   760 0001:000DB938   761 0001:000DB95C
   764 0001:000DB960   768 0001:000DB98D   769 0001:000DB99D   770 0001:000DB9AB
   771 0001:000DB9AF   772 0001:000DB9BE   773 0001:000DB9C9   774 0001:000DB9CB
   775 0001:000DB9DD   776 0001:000DB9E8   778 0001:000DB9EC   779 0001:000DB9FC
   780 0001:000DBA07   781 0001:000DBA19   782 0001:000DBA1D   784 0001:000DBA28
   785 0001:000DBA3C   786 0001:000DBA47   787 0001:000DBA58   788 0001:000DBA75
   789 0001:000DBAA8   790 0001:000DBAAC   792 0001:000DBAB7   793 0001:000DBAC2
   794 0001:000DBAD3   795 0001:000DBAF2   796 0001:000DBB25   797 0001:000DBB29
   799 0001:000DBB34   800 0001:000DBB3F   801 0001:000DBB50   802 0001:000DBB6F
   803 0001:000DBBA2   804 0001:000DBBA6   806 0001:000DBBB1   807 0001:000DBBBC
   808 0001:000DBBCD   809 0001:000DBBEC   810 0001:000DBC1F   811 0001:000DBC23
   813 0001:000DBC2E   814 0001:000DBC39   815 0001:000DBC4A   816 0001:000DBC69
   817 0001:000DBC9C   818 0001:000DBCA0   822 0001:000DBCAB   824 0001:000DBCBF
   825 0001:000DBCD2   826 0001:000DBCD3   828 0001:000DBCD7   829 0001:000DBCE5
   830 0001:000DBCF4   831 0001:000DBCFF   832 0001:000DBD11   833 0001:000DBD32
   834 0001:000DBD3D   835 0001:000DBD48   836 0001:000DBD64   837 0001:000DBD85
   838 0001:000DBD90   839 0001:000DBD9B   840 0001:000DBDAD   841 0001:000DBDCE
   842 0001:000DBDD9   844 0001:000DBDE4   846 0001:000DBDF7   847 0001:000DBE0B
   848 0001:000DBE13   849 0001:000DBE1E   851 0001:000DBE30   852 0001:000DBE46
   854 0001:000DBE58   855 0001:000DBE88   856 0001:000DBE93   858 0001:000DBEC6
   859 0001:000DBED7   860 0001:000DBEF3   862 0001:000DBEFE   863 0001:000DBF14
   864 0001:000DBF1E   867 0001:000DBF29   868 0001:000DBF39   869 0001:000DBF3D
   873 0001:000DBF48   874 0001:000DBF62   875 0001:000DBF6C   878 0001:000DBF70
   879 0001:000DBF74   880 0001:000DBF7F   882 0001:000DBF9D   884 0001:000DBFB1
   886 0001:000DBFC0   887 0001:000DBFDA   890 0001:000DBFE4   891 0001:000DC010
   892 0001:000DC01A   895 0001:000DC01E   897 0001:000DC046   898 0001:000DC050
   765 0001:000DC057   900 0001:000DC071   901 0001:000DC07B   903 0001:000DC0D0
   909 0001:000DC1C8   910 0001:000DC218   911 0001:000DC21A   912 0001:000DC22A
   913 0001:000DC238   914 0001:000DC248   915 0001:000DC266   918 0001:000DC280
   919 0001:000DC29E   923 0001:000DC2BA   924 0001:000DC2F4   925 0001:000DC2FE
   928 0001:000DC309   929 0001:000DC31B   931 0001:000DC338   932 0001:000DC355
   934 0001:000DC371   935 0001:000DC3A7   937 0001:000DC3A8   938 0001:000DC3AA
   928 0001:000DC3AB   917 0001:000DC3B4   943 0001:000DC3CE   944 0001:000DC3D8
   947 0001:000DC3E8   948 0001:000DC3EC   949 0001:000DC43B   950 0001:000DC43F
   951 0001:000DC478   960 0001:000DC51C   963 0001:000DC556   965 0001:000DC55A
   967 0001:000DC574   969 0001:000DC597   971 0001:000DC59B   973 0001:000DC5BA
   975 0001:000DC5D9   976 0001:000DC5E7   977 0001:000DC606   978 0001:000DC625
   979 0001:000DC644   980 0001:000DC663   981 0001:000DC682   982 0001:000DC6A1
   983 0001:000DC6C0   984 0001:000DC6DF   985 0001:000DC703   986 0001:000DC727
   987 0001:000DC738   989 0001:000DC75B   990 0001:000DC76A   991 0001:000DC79D
   992 0001:000DC7AB   993 0001:000DC7D3   994 0001:000DC7F2   995 0001:000DC811
   996 0001:000DC830   997 0001:000DC83F   998 0001:000DC870   997 0001:000DC8A5
   999 0001:000DC8AA  1000 0001:000DC8B4   990 0001:000DC8B7  1003 0001:000DC8C0
  1007 0001:000DC8CE  1009 0001:000DC8DD  1011 0001:000DC8E5  1013 0001:000DC8F0
  1014 0001:000DC8F8  1015 0001:000DC900  1016 0001:000DC917  1017 0001:000DC924
  1021 0001:000DC935  1022 0001:000DC945  1023 0001:000DC952  1025 0001:000DC95C
  1029 0001:000DC984  1032 0001:000DC9A3  1034 0001:000DC9B4  1036 0001:000DC9D7
  1038 0001:000DC9E2  1040 0001:000DC9FE  1041 0001:000DCA16  1043 0001:000DCA20
  1046 0001:000DCA2D  1048 0001:000DCA3E  1050 0001:000DCA4F  1052 0001:000DCA89
  1053 0001:000DCA99  1055 0001:000DCAA3  1058 0001:000DCAB0  1061 0001:000DCAB2
  1015 0001:000DCAB3  1063 0001:000DCABC  1064 0001:000DCACB  1065 0001:000DCAD4
  1066 0001:000DCADE  1067 0001:000DCAE7  1068 0001:000DCAF0  1069 0001:000DCAF9
  1070 0001:000DCB05  1071 0001:000DCB0E  1073 0001:000DCB17  1074 0001:000DCB29
  1075 0001:000DCB43  1076 0001:000DCB51  1077 0001:000DCB6B  1078 0001:000DCB7C
  1079 0001:000DCB8D  1080 0001:000DCB9E  1081 0001:000DCBAD  1082 0001:000DCBD0
  1081 0001:000DCBF7  1083 0001:000DCBFC  1084 0001:000DCC09  1074 0001:000DCC0C
  1087 0001:000DCC15  1089 0001:000DCC1B  1090 0001:000DCC2D  1091 0001:000DCC3D
  1092 0001:000DCC4B  1093 0001:000DCC59  1094 0001:000DCC6D  1095 0001:000DCC77
  1097 0001:000DCC85  1098 0001:000DCC88  1100 0001:000DCC92  1101 0001:000DCCC3
  1102 0001:000DCCCB  1103 0001:000DCCD3  1105 0001:000DCCDA  1107 0001:000DCCDC
   965 0001:000DCCDF  1108 0001:000DCCE6  1111 0001:000DCCF0  1113 0001:000DCD0A
  1115 0001:000DCD2D  1116 0001:000DCD5D  1118 0001:000DCD83  1120 0001:000DCD98
  1122 0001:000DCDC4  1123 0001:000DCDF5  1125 0001:000DCE18  1128 0001:000DCE3E
  1130 0001:000DCE50  1131 0001:000DCE74  1133 0001:000DCE76  1115 0001:000DCE77
  1134 0001:000DCE80  1111 0001:000DCE83  1135 0001:000DCE8A  1136 0001:000DCEE2
  1141 0001:000DCF84  1142 0001:000DCFD2  1143 0001:000DCFDC  1144 0001:000DCFEA
  1146 0001:000DCFFA  1148 0001:000DD052  1149 0001:000DD06F  1150 0001:000DD09A
  1149 0001:000DD0DF  1150 0001:000DD0E2  1148 0001:000DD0E5  1151 0001:000DD0EA
  1153 0001:000DD0FA  1154 0001:000DD114  1157 0001:000DD183  1159 0001:000DD1BA
  1162 0001:000DD200  1164 0001:000DD206  1165 0001:000DD214  1168 0001:000DD218
  1170 0001:000DD21E  1171 0001:000DD22C  1183 0001:000DD230  1185 0001:000DD236
  1186 0001:000DD244  1190 0001:000DD248  1192 0001:000DD24E  1193 0001:000DD25C
  1196 0001:000DD260  1198 0001:000DD266  1199 0001:000DD274  1202 0001:000DD278
  1204 0001:000DD27E  1205 0001:000DD28C  1211 0001:000DD290  1212 0001:000DD2B5
  1213 0001:000DD2CA  1214 0001:000DD2FB  1215 0001:000DD31E  1216 0001:000DD32F
  1217 0001:000DD34A  1218 0001:000DD364  1219 0001:000DD384  1221 0001:000DD3A7
  1222 0001:000DD3BC  1223 0001:000DD3C6  1224 0001:000DD3D1  1225 0001:000DD3E6
  1226 0001:000DD402  1227 0001:000DD413  1228 0001:000DD446  1229 0001:000DD47E
  1230 0001:000DD49E  1231 0001:000DD4AE  1232 0001:000DD4CE  1234 0001:000DD4F6
  1235 0001:000DD500  1236 0001:000DD542  1237 0001:000DD562  1238 0001:000DD572
  1239 0001:000DD592  1241 0001:000DD5BA  1242 0001:000DD607  1243 0001:000DD622
  1244 0001:000DD64D  1245 0001:000DD66D  1246 0001:000DD67D  1247 0001:000DD69D
  1250 0001:000DD6C0  1251 0001:000DD6D5  1252 0001:000DD6EA  1253 0001:000DD71D
  1254 0001:000DD728  1255 0001:000DD74D  1256 0001:000DD765  1257 0001:000DD785
  1258 0001:000DD7A8  1260 0001:000DD7AA  1213 0001:000DD7AD  1261 0001:000DD7B6
  1262 0001:000DD7D1  1212 0001:000DD7D2  1263 0001:000DD80A  1281 0001:000DD8B4
  1282 0001:000DD8BF  1283 0001:000DD8C7  1284 0001:000DD8D6  1285 0001:000DD8E4
  1286 0001:000DD8F2  1287 0001:000DD901  1288 0001:000DD910  1289 0001:000DD91F
  1290 0001:000DD92E  1291 0001:000DD93D  1292 0001:000DD947  1284 0001:000DD948
  1293 0001:000DD94F  1294 0001:000DD957  1301 0001:000DD960  1302 0001:000DD96E
  1303 0001:000DD976  1304 0001:000DD98B  1305 0001:000DD999  1306 0001:000DD9A7
  1307 0001:000DD9B6  1308 0001:000DD9C5  1309 0001:000DD9D4  1310 0001:000DD9E3
  1311 0001:000DD9F2  1312 0001:000DD9FC  1304 0001:000DD9FD  1314 0001:000DDA02
  1317 0001:000DDA0C  1320 0001:000DDA39  1322 0001:000DDA56  1324 0001:000DDA65
  1325 0001:000DDA7E  1326 0001:000DDA8C  1327 0001:000DDAA0  1328 0001:000DDAB4
  1329 0001:000DDABE  1324 0001:000DDAC1  1331 0001:000DDAC6  1333 0001:000DDAD3
  1335 0001:000DDAE0  1338 0001:000DDAEF  1341 0001:000DDB1C  1345 0001:000DDB21
  1347 0001:000DDB24  1349 0001:000DDB28  1351 0001:000DDB37  1355 0001:000DDB4A
  1358 0001:000DDB8A  1360 0001:000DDB8E  1362 0001:000DDB9F  1364 0001:000DDBAB
  1366 0001:000DDBB5  1369 0001:000DDBC4  1371 0001:000DDBC8  1373 0001:000DDBD5
  1375 0001:000DDBE9  1377 0001:000DDBFE  1379 0001:000DDC02  1380 0001:000DDC10
  1381 0001:000DDC1F  1382 0001:000DDC2E  1383 0001:000DDC34  1384 0001:000DDC3A
  1386 0001:000DDC4B  1388 0001:000DDC55  1390 0001:000DDC5E  1371 0001:000DDC5F
  1392 0001:000DDC68  1394 0001:000DDC72  1396 0001:000DDC80  1397 0001:000DDC86
  1399 0001:000DDC97  1400 0001:000DDCA8  1402 0001:000DDCB5  1403 0001:000DDCC6
  1405 0001:000DDCD4  1409 0001:000DDCDE  1351 0001:000DDCE1  1411 0001:000DDCEB
  1413 0001:000DDCF8  1415 0001:000DDD05  1416 0001:000DDD16  1417 0001:000DDD32
  1420 0001:000DDD3F  1421 0001:000DDD4F  1422 0001:000DDD5C  1415 0001:000DDD5D
  1424 0001:000DDD62  1425 0001:000DDD6A  1426 0001:000DDD76  1427 0001:000DDD8B
  1429 0001:000DDDA0  1430 0001:000DDDAC  1431 0001:000DDDBE  1432 0001:000DDDD0
  1429 0001:000DDDD1  1433 0001:000DDDD6  1437 0001:000DDDDE  1438 0001:000DDDF3
  1439 0001:000DDDFD  1442 0001:000DDE0D  1444 0001:000DDE20  1446 0001:000DDE2D
  1447 0001:000DDE45  1449 0001:000DDE4C  1451 0001:000DDE61  1453 0001:000DDE65
  1455 0001:000DDE94  1456 0001:000DDE9A  1457 0001:000DDEBA  1459 0001:000DDED6
  1449 0001:000DDED7  1461 0001:000DDEDC  1462 0001:000DDEED  1464 0001:000DDF01
  1466 0001:000DDF16  1468 0001:000DDF23  1469 0001:000DDF25  1462 0001:000DDF26
  1469 0001:000DDF29  1461 0001:000DDF2A  1483 0001:000DDF2F  1485 0001:000DDF49
  1486 0001:000DDF63  1488 0001:000DDF93  1489 0001:000DDFC1  1494 0001:000DE058
  1495 0001:000DE082  1497 0001:000DE0AC  1502 0001:000DE162  1504 0001:000DE192
  1505 0001:000DE1CD  1506 0001:000DE1F3  1507 0001:000DE205  1509 0001:000DE210
  1511 0001:000DE236  1513 0001:000DE25F  1515 0001:000DE282  1518 0001:000DE2A8
  1502 0001:000DE2A9  1520 0001:000DE2B2  1485 0001:000DE2B5  1521 0001:000DE2BC
  1483 0001:000DE2BF  1525 0001:000DE2C8  1526 0001:000DE2D3  1527 0001:000DE2D8
  1528 0001:000DE2E0  1529 0001:000DE2E8  1531 0001:000DE2F0  1532 0001:000DE2F3
  1533 0001:000DE301  1534 0001:000DE31B  1535 0001:000DE32E  1536 0001:000DE33C
  1537 0001:000DE34D  1538 0001:000DE35E  1539 0001:000DE36F  1540 0001:000DE380
  1541 0001:000DE391  1543 0001:000DE39A  1533 0001:000DE39D  1544 0001:000DE3A6
  1545 0001:000DE3B2  1546 0001:000DE3C2  1547 0001:000DE3D9  1548 0001:000DE3F3
  1549 0001:000DE409  1551 0001:000DE460  1546 0001:000DE463  1552 0001:000DE46C
  1553 0001:000DE47F  1554 0001:000DE492  1555 0001:000DE4A2  1556 0001:000DE4D3
  1560 0001:000DE5AC  1561 0001:000DE5C5  1562 0001:000DE5CC  1564 0001:000DE5D5
  1565 0001:000DE5DD  1566 0001:000DE5F2  1567 0001:000DE66A  1565 0001:000DE66B
  1568 0001:000DE670  1569 0001:000DE688  1571 0001:000DE71B  1573 0001:000DE734
  1576 0001:000DE744  1577 0001:000DE74C  1579 0001:000DE79C  1585 0001:000DE998
  1586 0001:000DE9D1  1587 0001:000DE9DB  1588 0001:000DE9E9  1590 0001:000DE9F9
  1592 0001:000DEA46  1593 0001:000DEA72  1592 0001:000DEAB8  1594 0001:000DEABB
  1596 0001:000DEACB  1598 0001:000DEB02  1609 0001:000DEB28  1610 0001:000DEB4D
  1611 0001:000DEB5E  1612 0001:000DEB73  1613 0001:000DEB8A  1614 0001:000DEBA0
  1615 0001:000DEBCC  1616 0001:000DEBF9  1617 0001:000DEC26  1618 0001:000DEC60
  1619 0001:000DEC82  1620 0001:000DECA4  1621 0001:000DECC1  1622 0001:000DECEE
  1612 0001:000DECEF  1623 0001:000DED1A  1627 0001:000DED28  1628 0001:000DED2A
  1629 0001:000DED37  1630 0001:000DED47  1631 0001:000DED4E  1632 0001:000DED58
  1633 0001:000DED6D  1634 0001:000DED84  1635 0001:000DED99  1636 0001:000DEDB0
  1631 0001:000DEDB1  1637 0001:000DEDB4  1638 0001:000DEDC1  1640 0001:000DEDCE
  1642 0001:000DEDD8  1643 0001:000DEDE4  1647 0001:000DEDE8  1648 0001:000DEDEF
  1651 0001:000DEDF0  1652 0001:000DEE09  1653 0001:000DEE18  1655 0001:000DEE3A
  1656 0001:000DEE47  1657 0001:000DEE57  1658 0001:000DEE70  1659 0001:000DEE77
  1660 0001:000DEE89  1661 0001:000DEE96  1662 0001:000DEEA3  1663 0001:000DEEB0
  1664 0001:000DEEBD  1665 0001:000DEECA  1666 0001:000DEED7  1668 0001:000DEEE4
  1672 0001:000DEEF3  1673 0001:000DEF03  1675 0001:000DEF35  1679 0001:000DEF48
  1680 0001:000DEF4F  1684 0001:000DEF50  1685 0001:000DEF5C  1689 0001:000DEF60
  1690 0001:000DEF6C  1693 0001:000DEF70  1694 0001:000DEF86  1696 0001:000DEFA9
  1697 0001:000DEFC8  1698 0001:000DEFD4  1700 0001:000DEFF8  1703 0001:000DF030
  1704 0001:000DF033  1705 0001:000DF03D  1706 0001:000DF04A  1707 0001:000DF057
  1708 0001:000DF064  1709 0001:000DF06B  1712 0001:000DF070  1713 0001:000DF086
  1714 0001:000DF0CD  1720 0001:000DF0D4  1721 0001:000DF0FB  1722 0001:000DF121
  1723 0001:000DF157  1724 0001:000DF162  1725 0001:000DF171  1726 0001:000DF191
  1727 0001:000DF1B1  1728 0001:000DF1D3  1729 0001:000DF1E2  1730 0001:000DF1E8
  1731 0001:000DF1F0  1732 0001:000DF216  1733 0001:000DF248  1734 0001:000DF254
  1735 0001:000DF25E  1736 0001:000DF269  1725 0001:000DF26A  1737 0001:000DF273
  1738 0001:000DF29D  1740 0001:000DF2D4  1744 0001:000DF310  1745 0001:000DF317
  1748 0001:000DF318  1749 0001:000DF31B  1750 0001:000DF327  1751 0001:000DF32E
  1755 0001:000DF330  1756 0001:000DF33A  1764 0001:000DF33C  1765 0001:000DF35D
  1766 0001:000DF36D  1767 0001:000DF37F  1769 0001:000DF394  1770 0001:000DF3B2
  1771 0001:000DF3B6  1772 0001:000DF3D1  1771 0001:000DF3F8  1773 0001:000DF3FB
  1774 0001:000DF401  1775 0001:000DF414  1776 0001:000DF41E  1768 0001:000DF428
  1779 0001:000DF440  1782 0001:000DF46D  1788 0001:000DF48C  1789 0001:000DF4AD
  1790 0001:000DF4C0  1791 0001:000DF4D6  1792 0001:000DF4E4  1793 0001:000DF4FE
  1794 0001:000DF520  1793 0001:000DF54B  1795 0001:000DF550  1796 0001:000DF55C
  1797 0001:000DF563  1799 0001:000DF598  1803 0001:000DF5B8  1804 0001:000DF5C7
  1810 0001:000DF5C8  1811 0001:000DF5CA  1812 0001:000DF5D7  1813 0001:000DF5E7
  1814 0001:000DF5EE  1815 0001:000DF5F8  1816 0001:000DF60D  1817 0001:000DF624
  1818 0001:000DF639  1819 0001:000DF650  1814 0001:000DF651  1820 0001:000DF654
  1821 0001:000DF661  1823 0001:000DF66E  1825 0001:000DF678  1828 0001:000DF67C
  1829 0001:000DF67F  1830 0001:000DF68E  1831 0001:000DF695  1838 0001:000DF698
  1840 0001:000DF6B8  1841 0001:000DF6CF  1842 0001:000DF6DC  1843 0001:000DF6EB
  1844 0001:000DF6F1  1845 0001:000DF6F4  1846 0001:000DF710  1848 0001:000DF718
  1849 0001:000DF725  1850 0001:000DF74D  1851 0001:000DF76A  1852 0001:000DF78E
  1853 0001:000DF794  1854 0001:000DF7B8  1856 0001:000DF7E2  1859 0001:000DF7EC
  1860 0001:000DF803  1861 0001:000DF808  1862 0001:000DF82C  1864 0001:000DF856
  1868 0001:000DF85C  1869 0001:000DF86B  1873 0001:000DF86C  1877 0001:000DF876
  1882 0001:000DF948  1883 0001:000DF94C  1885 0001:000DF967  1886 0001:000DF973
  1887 0001:000DF975  1888 0001:000DF99C  1889 0001:000DF9A6  1890 0001:000DF9A8
  1891 0001:000DF9AA  1887 0001:000DF9AB  1892 0001:000DF9AE  1894 0001:000DF9BE
  1898 0001:000DF9FC  1899 0001:000DF9FE  1901 0001:000DFA1A  1902 0001:000DFA24
  1901 0001:000DFA39  1903 0001:000DFA3C  1905 0001:000DFA46  1908 0001:000DFA74
  1909 0001:000DFA77  1910 0001:000DFA86  1911 0001:000DFA8D  1915 0001:000DFA90
  1916 0001:000DFA92  1917 0001:000DFAAE  1918 0001:000DFAD0  1919 0001:000DFADA
  1923 0001:000DFAFC  1924 0001:000DFB05  1928 0001:000DFB08  1929 0001:000DFB14
  1933 0001:000DFB18  1934 0001:000DFB1F  1938 0001:000DFB20  1939 0001:000DFB2C
  1943 0001:000DFB30  1944 0001:000DFB3C  1948 0001:000DFB40  1949 0001:000DFB49
  1953 0001:000DFB4C  1954 0001:000DFB66  1955 0001:000DFB7F  1956 0001:000DFB86
  1957 0001:000DFB88  1958 0001:000DFB92  1959 0001:000DFBA8  1957 0001:000DFBA9
  1960 0001:000DFBAC  1962 0001:000DFC15  1967 0001:000DFC5C  1968 0001:000DFC83
  1970 0001:000DFCAB  1971 0001:000DFCB0  1972 0001:000DFCB4  1973 0001:000DFCB8
  1975 0001:000DFCC6  1978 0001:000DFCDB  1980 0001:000DFCF7  1981 0001:000DFCFD
  1983 0001:000DFD1E  1984 0001:000DFD38  1987 0001:000DFD3C  1988 0001:000DFD59
  1973 0001:000DFD5A  1989 0001:000DFD61  1992 0001:000DFDA6  1996 0001:000DFE34
  1997 0001:000DFE3D  2001 0001:000DFE40  2002 0001:000DFE49  2004 0001:000DFE7C
  2004 0001:000DFE83

Line numbers for Optimizatore(D:\Optimizatore\newoptimizatore\Optimizatore.dpr) segment .text

    18 0001:000E01EC    19 0001:000E0203    20 0001:000E020A    21 0001:000E021D
    22 0001:000E0230    23 0001:000E0243    24 0001:000E0256    25 0001:000E0269
    26 0001:000E027C    27 0001:000E028F    28 0001:000E02A2    29 0001:000E02B5
    30 0001:000E02C8    31 0001:000E02CF

Bound resource files

c:\program files (x86)\borland\delphi7\Lib\Buttons.res
c:\program files (x86)\borland\delphi7\Lib\ExtDlgs.res
c:\program files (x86)\borland\delphi7\Lib\Controls.res
secnew.dfm
prosmotr.dfm
BTLheader.dfm
addlong.dfm
saveX.dfm
help.dfm
c:\program files (x86)\borland\delphi7\Lib\QRPrgres.DFM
c:\program files (x86)\borland\delphi7\Lib\QRLablEd.DFM
c:\program files (x86)\borland\delphi7\Lib\QRExprEd.DFM
c:\program files (x86)\borland\delphi7\Lib\QRAbout.DFM
c:\program files (x86)\borland\delphi7\Lib\QRCompEd.DFM
c:\program files (x86)\borland\delphi7\Lib\QREnvEd.DFM
c:\program files (x86)\borland\delphi7\Lib\QRExpBld.DFM
c:\program files (x86)\borland\delphi7\Lib\QRPrev.DFM
c:\program files (x86)\borland\delphi7\Lib\QUICKRPT.RES
temp.dfm
print.dfm
drillchange.dfm
main.dfm
Optimizatore.res
Optimizatore.drf


Program entry point at 0001:000E01EC
